<html>
<body>
<pre>
<h1>µVision Build Log</h1>
<h2>Tool Versions:</h2>
IDE-Version: µVision V5.25.2.0
Copyright (C) 2018 ARM Ltd and ARM Germany GmbH. All rights reserved.
License Information: Thuc Lee, Lee, LIC=IK19U-SA8RF-IHV8E-5NHVS-R77GU-VNR4C
 
Tool Versions:
Toolchain:       MDK-ARM Plus  Version: 5.25.2.0
Toolchain Path:  D:\ProgramInstallation\Keilcv5\Core\ARM\ARMCC\Bin
C Compiler:      Armcc.exe V5.06 update 6 (build 750)
Assembler:       Armasm.exe V5.06 update 6 (build 750)
Linker/Locator:  ArmLink.exe V5.06 update 6 (build 750)
Library Manager: ArmAr.exe V5.06 update 6 (build 750)
Hex Converter:   FromElf.exe V5.06 update 6 (build 750)
CPU DLL:         SARMCM3.DLL V5.25.2.0
Dialog DLL:      DCM.DLL V1.17.1.0
Target DLL:      STLink\ST-LINKIII-KEIL_SWO.dll V3.0.1.0
Dialog DLL:      TCM.DLL V1.35.1.0
 
<h2>Project:</h2>
D:\download\Thuc\project\ceecdoorv2\ceecdoorv2.uvprojx
Project File Date:  08/13/2018

<h2>Output:</h2>
*** Using Compiler 'V5.06 update 6 (build 750)', folder: 'D:\ProgramInstallation\Keilcv5\Core\ARM\ARMCC\Bin'
Rebuild target 'CEEC_DOOR_V2'
assembling startup_stm32f10x_md.s...
compiling core_cm3.c...
compiling system_stm32f10x.c...
compiling misc.c...
compiling stm32f10x_gpio.c...
compiling stm32f10x_rcc.c...
compiling stm32f10x_spi.c...
compiling stm32f10x_usart.c...
compiling stm32f10x_tim.c...
compiling stm32f10x_dma.c...
compiling stm32f10x_adc.c...
compiling stm32f10x_iwdg.c...
compiling stm32f10x_flash.c...
compiling main.c...
src\main.c(48): warning:  #167-D: argument of type "const char *" is incompatible with parameter of type "char *"
  		Connect_Wifi(SSID,PASS);
src\main.c(48): warning:  #167-D: argument of type "const char *" is incompatible with parameter of type "char *"
  		Connect_Wifi(SSID,PASS);
src\main.c: 2 warnings, 0 errors
compiling delay.c...
compiling User_TIM.c...
compiling tm_stm32f10x_mfrc522.c...
compiling User_FLASH.c...
compiling User_GPIO.c...
compiling User_USART2.c...
compiling User_USART3.c...
compiling User_Control.c...
src\User_Control.c(42): warning:  #111-D: statement is unreachable
  			break;
src\User_Control.c(45): warning:  #111-D: statement is unreachable
  			break;
src\User_Control.c(48): warning:  #111-D: statement is unreachable
  			break;
src\User_Control.c(51): warning:  #111-D: statement is unreachable
  			break;
src\User_Control.c(54): warning:  #111-D: statement is unreachable
  			break;
src\User_Control.c(57): warning:  #111-D: statement is unreachable
  			break;
src\User_Control.c(60): warning:  #111-D: statement is unreachable
  			break;
src\User_Control.c(63): warning:  #111-D: statement is unreachable
  			break;
src\User_Control.c(66): warning:  #111-D: statement is unreachable
  			break;
src\User_Control.c(69): warning:  #111-D: statement is unreachable
  			break;
src\User_Control.c(73): warning:  #111-D: statement is unreachable
  			break;
src\User_Control.c(77): warning:  #111-D: statement is unreachable
  			break;
src\User_Control.c(81): warning:  #111-D: statement is unreachable
  			break;
src\User_Control.c(85): warning:  #111-D: statement is unreachable
  			break;
src\User_Control.c(89): warning:  #111-D: statement is unreachable
  			break;
src\User_Control.c(93): warning:  #111-D: statement is unreachable
  			break;
src\User_Control.c(192): warning:  #167-D: argument of type "char *" is incompatible with parameter of type "uint16_t *"
  	ResetArr(RX_Buff,LENGTH_ID*100+100);
src\User_Control.c: 17 warnings, 0 errors
linking...
Program Size: Code=13580 RO-data=624 RW-data=128 ZI-data=3280  
".\Objects\ceecdoorv2.axf" - 0 Error(s), 19 Warning(s).

<h2>Software Packages used:</h2>

Package Vendor: Keil
                http://www.keil.com/pack/Keil.STM32F1xx_DFP.2.2.0.pack
                Keil.STM32F1xx_DFP.2.2.0
                STMicroelectronics STM32F1 Series Device Support, Drivers and Examples

<h2>Collection of Component include folders:</h2>
  .\RTE\_CEEC_DOOR_V2
  D:\ProgramInstallation\Keilcv5\Pack\Keil\STM32F1xx_DFP\2.2.0\Device\Include

<h2>Collection of Component Files used:</h2>
Build Time Elapsed:  00:00:03
</pre>
</body>
</html>
