Component: ARM Compiler 5.06 update 6 (build 750) Tool: armlink [4d35ed]

==============================================================================

Section Cross References

    startup_stm32f10x_md.o(STACK) refers (Special) to heapauxi.o(.text) for __use_two_region_memory
    startup_stm32f10x_md.o(HEAP) refers (Special) to heapauxi.o(.text) for __use_two_region_memory
    startup_stm32f10x_md.o(RESET) refers (Special) to heapauxi.o(.text) for __use_two_region_memory
    startup_stm32f10x_md.o(RESET) refers to startup_stm32f10x_md.o(STACK) for __initial_sp
    startup_stm32f10x_md.o(RESET) refers to startup_stm32f10x_md.o(.text) for Reset_Handler
    startup_stm32f10x_md.o(RESET) refers to delay.o(i.SysTick_Handler) for SysTick_Handler
    startup_stm32f10x_md.o(RESET) refers to user_control.o(i.USART2_IRQHandler) for USART2_IRQHandler
    startup_stm32f10x_md.o(.text) refers (Special) to heapauxi.o(.text) for __use_two_region_memory
    startup_stm32f10x_md.o(.text) refers to system_stm32f10x.o(i.SystemInit) for SystemInit
    startup_stm32f10x_md.o(.text) refers to __main.o(!!!main) for __main
    startup_stm32f10x_md.o(.text) refers to startup_stm32f10x_md.o(HEAP) for Heap_Mem
    startup_stm32f10x_md.o(.text) refers to startup_stm32f10x_md.o(STACK) for Stack_Mem
    system_stm32f10x.o(i.SetSysClock) refers to system_stm32f10x.o(i.SetSysClockTo72) for SetSysClockTo72
    system_stm32f10x.o(i.SystemCoreClockUpdate) refers to system_stm32f10x.o(.data) for SystemCoreClock
    system_stm32f10x.o(i.SystemInit) refers to system_stm32f10x.o(i.SetSysClock) for SetSysClock
    stm32f10x_gpio.o(i.GPIO_AFIODeInit) refers to stm32f10x_rcc.o(i.RCC_APB2PeriphResetCmd) for RCC_APB2PeriphResetCmd
    stm32f10x_gpio.o(i.GPIO_DeInit) refers to stm32f10x_rcc.o(i.RCC_APB2PeriphResetCmd) for RCC_APB2PeriphResetCmd
    stm32f10x_rcc.o(i.RCC_GetClocksFreq) refers to stm32f10x_rcc.o(.data) for APBAHBPrescTable
    stm32f10x_rcc.o(i.RCC_WaitForHSEStartUp) refers to stm32f10x_rcc.o(i.RCC_GetFlagStatus) for RCC_GetFlagStatus
    stm32f10x_spi.o(i.I2S_Init) refers to stm32f10x_rcc.o(i.RCC_GetClocksFreq) for RCC_GetClocksFreq
    stm32f10x_spi.o(i.SPI_I2S_DeInit) refers to stm32f10x_rcc.o(i.RCC_APB2PeriphResetCmd) for RCC_APB2PeriphResetCmd
    stm32f10x_spi.o(i.SPI_I2S_DeInit) refers to stm32f10x_rcc.o(i.RCC_APB1PeriphResetCmd) for RCC_APB1PeriphResetCmd
    stm32f10x_usart.o(i.USART_DeInit) refers to stm32f10x_rcc.o(i.RCC_APB2PeriphResetCmd) for RCC_APB2PeriphResetCmd
    stm32f10x_usart.o(i.USART_DeInit) refers to stm32f10x_rcc.o(i.RCC_APB1PeriphResetCmd) for RCC_APB1PeriphResetCmd
    stm32f10x_usart.o(i.USART_Init) refers to stm32f10x_rcc.o(i.RCC_GetClocksFreq) for RCC_GetClocksFreq
    stm32f10x_tim.o(i.TIM_DeInit) refers to stm32f10x_rcc.o(i.RCC_APB2PeriphResetCmd) for RCC_APB2PeriphResetCmd
    stm32f10x_tim.o(i.TIM_DeInit) refers to stm32f10x_rcc.o(i.RCC_APB1PeriphResetCmd) for RCC_APB1PeriphResetCmd
    stm32f10x_tim.o(i.TIM_ETRClockMode1Config) refers to stm32f10x_tim.o(i.TIM_ETRConfig) for TIM_ETRConfig
    stm32f10x_tim.o(i.TIM_ETRClockMode2Config) refers to stm32f10x_tim.o(i.TIM_ETRConfig) for TIM_ETRConfig
    stm32f10x_tim.o(i.TIM_ICInit) refers to stm32f10x_tim.o(i.TI1_Config) for TI1_Config
    stm32f10x_tim.o(i.TIM_ICInit) refers to stm32f10x_tim.o(i.TIM_SetIC1Prescaler) for TIM_SetIC1Prescaler
    stm32f10x_tim.o(i.TIM_ICInit) refers to stm32f10x_tim.o(i.TI2_Config) for TI2_Config
    stm32f10x_tim.o(i.TIM_ICInit) refers to stm32f10x_tim.o(i.TIM_SetIC2Prescaler) for TIM_SetIC2Prescaler
    stm32f10x_tim.o(i.TIM_ICInit) refers to stm32f10x_tim.o(i.TI3_Config) for TI3_Config
    stm32f10x_tim.o(i.TIM_ICInit) refers to stm32f10x_tim.o(i.TIM_SetIC3Prescaler) for TIM_SetIC3Prescaler
    stm32f10x_tim.o(i.TIM_ICInit) refers to stm32f10x_tim.o(i.TI4_Config) for TI4_Config
    stm32f10x_tim.o(i.TIM_ICInit) refers to stm32f10x_tim.o(i.TIM_SetIC4Prescaler) for TIM_SetIC4Prescaler
    stm32f10x_tim.o(i.TIM_ITRxExternalClockConfig) refers to stm32f10x_tim.o(i.TIM_SelectInputTrigger) for TIM_SelectInputTrigger
    stm32f10x_tim.o(i.TIM_PWMIConfig) refers to stm32f10x_tim.o(i.TI1_Config) for TI1_Config
    stm32f10x_tim.o(i.TIM_PWMIConfig) refers to stm32f10x_tim.o(i.TIM_SetIC1Prescaler) for TIM_SetIC1Prescaler
    stm32f10x_tim.o(i.TIM_PWMIConfig) refers to stm32f10x_tim.o(i.TI2_Config) for TI2_Config
    stm32f10x_tim.o(i.TIM_PWMIConfig) refers to stm32f10x_tim.o(i.TIM_SetIC2Prescaler) for TIM_SetIC2Prescaler
    stm32f10x_tim.o(i.TIM_TIxExternalClockConfig) refers to stm32f10x_tim.o(i.TI2_Config) for TI2_Config
    stm32f10x_tim.o(i.TIM_TIxExternalClockConfig) refers to stm32f10x_tim.o(i.TI1_Config) for TI1_Config
    stm32f10x_tim.o(i.TIM_TIxExternalClockConfig) refers to stm32f10x_tim.o(i.TIM_SelectInputTrigger) for TIM_SelectInputTrigger
    stm32f10x_adc.o(i.ADC_DeInit) refers to stm32f10x_rcc.o(i.RCC_APB2PeriphResetCmd) for RCC_APB2PeriphResetCmd
[...]
    Removing stm32f10x_tim.o(i.TIM_BDTRConfig), (32 bytes).
    Removing stm32f10x_tim.o(i.TIM_BDTRStructInit), (18 bytes).
    Removing stm32f10x_tim.o(i.TIM_CCPreloadControl), (24 bytes).
    Removing stm32f10x_tim.o(i.TIM_CCxCmd), (30 bytes).
    Removing stm32f10x_tim.o(i.TIM_CCxNCmd), (30 bytes).
    Removing stm32f10x_tim.o(i.TIM_ClearFlag), (6 bytes).
    Removing stm32f10x_tim.o(i.TIM_ClearITPendingBit), (6 bytes).
    Removing stm32f10x_tim.o(i.TIM_ClearOC1Ref), (18 bytes).
    Removing stm32f10x_tim.o(i.TIM_ClearOC2Ref), (24 bytes).
    Removing stm32f10x_tim.o(i.TIM_ClearOC3Ref), (18 bytes).
    Removing stm32f10x_tim.o(i.TIM_ClearOC4Ref), (24 bytes).
    Removing stm32f10x_tim.o(i.TIM_CounterModeConfig), (18 bytes).
    Removing stm32f10x_tim.o(i.TIM_CtrlPWMOutputs), (30 bytes).
    Removing stm32f10x_tim.o(i.TIM_DMACmd), (18 bytes).
    Removing stm32f10x_tim.o(i.TIM_DMAConfig), (10 bytes).
    Removing stm32f10x_tim.o(i.TIM_DeInit), (488 bytes).
    Removing stm32f10x_tim.o(i.TIM_ETRClockMode1Config), (54 bytes).
    Removing stm32f10x_tim.o(i.TIM_ETRClockMode2Config), (32 bytes).
    Removing stm32f10x_tim.o(i.TIM_ETRConfig), (28 bytes).
    Removing stm32f10x_tim.o(i.TIM_EncoderInterfaceConfig), (66 bytes).
    Removing stm32f10x_tim.o(i.TIM_ForcedOC1Config), (18 bytes).
    Removing stm32f10x_tim.o(i.TIM_ForcedOC2Config), (26 bytes).
    Removing stm32f10x_tim.o(i.TIM_ForcedOC3Config), (18 bytes).
    Removing stm32f10x_tim.o(i.TIM_ForcedOC4Config), (26 bytes).
    Removing stm32f10x_tim.o(i.TIM_GenerateEvent), (4 bytes).
    Removing stm32f10x_tim.o(i.TIM_GetCapture1), (6 bytes).
    Removing stm32f10x_tim.o(i.TIM_GetCapture2), (6 bytes).
    Removing stm32f10x_tim.o(i.TIM_GetCapture3), (6 bytes).
    Removing stm32f10x_tim.o(i.TIM_GetCapture4), (8 bytes).
    Removing stm32f10x_tim.o(i.TIM_GetCounter), (6 bytes).
    Removing stm32f10x_tim.o(i.TIM_GetFlagStatus), (18 bytes).
    Removing stm32f10x_tim.o(i.TIM_GetITStatus), (34 bytes).
    Removing stm32f10x_tim.o(i.TIM_GetPrescaler), (6 bytes).
    Removing stm32f10x_tim.o(i.TIM_ICInit), (172 bytes).
    Removing stm32f10x_tim.o(i.TIM_ICStructInit), (18 bytes).
    Removing stm32f10x_tim.o(i.TIM_ITConfig), (18 bytes).
    Removing stm32f10x_tim.o(i.TIM_ITRxExternalClockConfig), (24 bytes).
    Removing stm32f10x_tim.o(i.TIM_InternalClockConfig), (12 bytes).
    Removing stm32f10x_tim.o(i.TIM_OC1FastConfig), (18 bytes).
    Removing stm32f10x_tim.o(i.TIM_OC1Init), (152 bytes).
    Removing stm32f10x_tim.o(i.TIM_OC1NPolarityConfig), (18 bytes).
    Removing stm32f10x_tim.o(i.TIM_OC1PolarityConfig), (18 bytes).
    Removing stm32f10x_tim.o(i.TIM_OC1PreloadConfig), (18 bytes).
    Removing stm32f10x_tim.o(i.TIM_OC2FastConfig), (26 bytes).
    Removing stm32f10x_tim.o(i.TIM_OC2Init), (164 bytes).
    Removing stm32f10x_tim.o(i.TIM_OC2NPolarityConfig), (26 bytes).
    Removing stm32f10x_tim.o(i.TIM_OC2PolarityConfig), (26 bytes).
    Removing stm32f10x_tim.o(i.TIM_OC2PreloadConfig), (26 bytes).
    Removing stm32f10x_tim.o(i.TIM_OC3FastConfig), (18 bytes).
    Removing stm32f10x_tim.o(i.TIM_OC3NPolarityConfig), (26 bytes).
    Removing stm32f10x_tim.o(i.TIM_OC3PolarityConfig), (26 bytes).
    Removing stm32f10x_tim.o(i.TIM_OC4FastConfig), (26 bytes).
    Removing stm32f10x_tim.o(i.TIM_OC4Init), (124 bytes).
    Removing stm32f10x_tim.o(i.TIM_OC4PolarityConfig), (26 bytes).
    Removing stm32f10x_tim.o(i.TIM_OC4PreloadConfig), (26 bytes).
    Removing stm32f10x_tim.o(i.TIM_OCStructInit), (20 bytes).
    Removing stm32f10x_tim.o(i.TIM_PWMIConfig), (124 bytes).
    Removing stm32f10x_tim.o(i.TIM_PrescalerConfig), (6 bytes).
    Removing stm32f10x_tim.o(i.TIM_SelectCCDMA), (24 bytes).
    Removing stm32f10x_tim.o(i.TIM_SelectCOM), (24 bytes).
    Removing stm32f10x_tim.o(i.TIM_SelectHallSensor), (24 bytes).
    Removing stm32f10x_tim.o(i.TIM_SelectInputTrigger), (18 bytes).
    Removing stm32f10x_tim.o(i.TIM_SelectMasterSlaveMode), (18 bytes).
    Removing stm32f10x_tim.o(i.TIM_SelectOCxM), (82 bytes).
    Removing stm32f10x_tim.o(i.TIM_SelectOnePulseMode), (18 bytes).
    Removing stm32f10x_tim.o(i.TIM_SelectOutputTrigger), (18 bytes).
    Removing stm32f10x_tim.o(i.TIM_SelectSlaveMode), (18 bytes).
    Removing stm32f10x_tim.o(i.TIM_SetAutoreload), (4 bytes).
    Removing stm32f10x_tim.o(i.TIM_SetClockDivision), (18 bytes).
    Removing stm32f10x_tim.o(i.TIM_SetCompare1), (4 bytes).
    Removing stm32f10x_tim.o(i.TIM_SetCompare2), (4 bytes).
    Removing stm32f10x_tim.o(i.TIM_SetCompare3), (4 bytes).
    Removing stm32f10x_tim.o(i.TIM_SetCompare4), (6 bytes).
    Removing stm32f10x_tim.o(i.TIM_SetCounter), (4 bytes).
    Removing stm32f10x_tim.o(i.TIM_SetIC1Prescaler), (18 bytes).
    Removing stm32f10x_tim.o(i.TIM_SetIC2Prescaler), (26 bytes).
    Removing stm32f10x_tim.o(i.TIM_SetIC3Prescaler), (18 bytes).
    Removing stm32f10x_tim.o(i.TIM_SetIC4Prescaler), (26 bytes).
    Removing stm32f10x_tim.o(i.TIM_TIxExternalClockConfig), (62 bytes).
    Removing stm32f10x_tim.o(i.TIM_TimeBaseStructInit), (18 bytes).
    Removing stm32f10x_tim.o(i.TIM_UpdateDisableConfig), (24 bytes).
    Removing stm32f10x_tim.o(i.TIM_UpdateRequestConfig), (24 bytes).
    Removing stm32f10x_adc.o(i.ADC_AnalogWatchdogCmd), (20 bytes).
    Removing stm32f10x_adc.o(i.ADC_AnalogWatchdogSingleChannelConfig), (16 bytes).
    Removing stm32f10x_adc.o(i.ADC_AnalogWatchdogThresholdsConfig), (6 bytes).
    Removing stm32f10x_adc.o(i.ADC_AutoInjectedConvCmd), (22 bytes).
    Removing stm32f10x_adc.o(i.ADC_ClearFlag), (6 bytes).
    Removing stm32f10x_adc.o(i.ADC_ClearITPendingBit), (10 bytes).
    Removing stm32f10x_adc.o(i.ADC_DeInit), (92 bytes).
    Removing stm32f10x_adc.o(i.ADC_DiscModeChannelCountConfig), (24 bytes).
    Removing stm32f10x_adc.o(i.ADC_DiscModeCmd), (22 bytes).
    Removing stm32f10x_adc.o(i.ADC_ExternalTrigConvCmd), (22 bytes).
    Removing stm32f10x_adc.o(i.ADC_ExternalTrigInjectedConvCmd), (22 bytes).
    Removing stm32f10x_adc.o(i.ADC_ExternalTrigInjectedConvConfig), (16 bytes).
    Removing stm32f10x_adc.o(i.ADC_GetConversionValue), (8 bytes).
    Removing stm32f10x_adc.o(i.ADC_GetDualModeConversionValue), (12 bytes).
    Removing stm32f10x_adc.o(i.ADC_GetFlagStatus), (18 bytes).
    Removing stm32f10x_adc.o(i.ADC_GetITStatus), (36 bytes).
    Removing stm32f10x_adc.o(i.ADC_GetInjectedConversionValue), (28 bytes).
    Removing stm32f10x_adc.o(i.ADC_GetSoftwareStartConvStatus), (20 bytes).
    Removing stm32f10x_adc.o(i.ADC_GetSoftwareStartInjectedConvCmdStatus), (20 bytes).
    Removing stm32f10x_adc.o(i.ADC_ITConfig), (24 bytes).
    Removing stm32f10x_adc.o(i.ADC_InjectedChannelConfig), (130 bytes).
    Removing stm32f10x_adc.o(i.ADC_InjectedDiscModeCmd), (22 bytes).
    Removing stm32f10x_adc.o(i.ADC_InjectedSequencerLengthConfig), (24 bytes).
    Removing stm32f10x_adc.o(i.ADC_SetInjectedOffset), (20 bytes).
    Removing stm32f10x_adc.o(i.ADC_SoftwareStartInjectedConvCmd), (22 bytes).
    Removing stm32f10x_adc.o(i.ADC_StructInit), (18 bytes).
    Removing stm32f10x_adc.o(i.ADC_TempSensorVrefintCmd), (36 bytes).
    Removing stm32f10x_dma.o(i.DMA_ClearFlag), (28 bytes).
    Removing stm32f10x_dma.o(i.DMA_ClearITPendingBit), (28 bytes).
    Removing stm32f10x_dma.o(i.DMA_DeInit), (332 bytes).
    Removing stm32f10x_dma.o(i.DMA_GetCurrDataCounter), (8 bytes).
    Removing stm32f10x_dma.o(i.DMA_GetFlagStatus), (44 bytes).
    Removing stm32f10x_dma.o(i.DMA_GetITStatus), (44 bytes).
    Removing stm32f10x_dma.o(i.DMA_ITConfig), (18 bytes).
    Removing stm32f10x_dma.o(i.DMA_SetCurrDataCounter), (4 bytes).
    Removing stm32f10x_dma.o(i.DMA_StructInit), (26 bytes).
    Removing stm32f10x_flash.o(i.FLASH_ClearFlag), (12 bytes).
    Removing stm32f10x_flash.o(i.FLASH_EnableWriteProtection), (196 bytes).
    Removing stm32f10x_flash.o(i.FLASH_EraseAllBank1Pages), (72 bytes).
    Removing stm32f10x_flash.o(i.FLASH_EraseAllPages), (72 bytes).
    Removing stm32f10x_flash.o(i.FLASH_EraseOptionBytes), (168 bytes).
    Removing stm32f10x_flash.o(i.FLASH_ErasePage), (76 bytes).
    Removing stm32f10x_flash.o(i.FLASH_GetBank1Status), (52 bytes).
    Removing stm32f10x_flash.o(i.FLASH_GetFlagStatus), (48 bytes).
    Removing stm32f10x_flash.o(i.FLASH_GetPrefetchBufferStatus), (24 bytes).
    Removing stm32f10x_flash.o(i.FLASH_GetReadOutProtectionStatus), (24 bytes).
    Removing stm32f10x_flash.o(i.FLASH_GetStatus), (52 bytes).
    Removing stm32f10x_flash.o(i.FLASH_GetUserOptionByte), (12 bytes).
    Removing stm32f10x_flash.o(i.FLASH_GetWriteProtectionOptionByte), (12 bytes).
    Removing stm32f10x_flash.o(i.FLASH_HalfCycleAccessCmd), (28 bytes).
    Removing stm32f10x_flash.o(i.FLASH_ITConfig), (32 bytes).
    Removing stm32f10x_flash.o(i.FLASH_Lock), (20 bytes).
    Removing stm32f10x_flash.o(i.FLASH_LockBank1), (20 bytes).
    Removing stm32f10x_flash.o(i.FLASH_PrefetchBufferCmd), (28 bytes).
    Removing stm32f10x_flash.o(i.FLASH_ProgramHalfWord), (64 bytes).
    Removing stm32f10x_flash.o(i.FLASH_ProgramOptionByteData), (84 bytes).
    Removing stm32f10x_flash.o(i.FLASH_ProgramWord), (108 bytes).
    Removing stm32f10x_flash.o(i.FLASH_ReadOutProtection), (172 bytes).
    Removing stm32f10x_flash.o(i.FLASH_SetLatency), (24 bytes).
    Removing stm32f10x_flash.o(i.FLASH_Unlock), (24 bytes).
    Removing stm32f10x_flash.o(i.FLASH_UnlockBank1), (24 bytes).
    Removing stm32f10x_flash.o(i.FLASH_UserOptionByteConfig), (104 bytes).
    Removing stm32f10x_flash.o(i.FLASH_WaitForLastBank1Operation), (38 bytes).
    Removing stm32f10x_flash.o(i.FLASH_WaitForLastOperation), (38 bytes).
    Removing main.o(.bss), (92 bytes).
    Removing main.o(.data), (16 bytes).
    Removing tm_stm32f10x_mfrc522.o(i.TM_MFRC522_AntennaOff), (12 bytes).
    Removing tm_stm32f10x_mfrc522.o(i.TM_MFRC522_Anticoll), (74 bytes).
    Removing tm_stm32f10x_mfrc522.o(i.TM_MFRC522_Auth), (110 bytes).
    Removing tm_stm32f10x_mfrc522.o(i.TM_MFRC522_CalculateCRC), (100 bytes).
    Removing tm_stm32f10x_mfrc522.o(i.TM_MFRC522_Check), (32 bytes).
    Removing tm_stm32f10x_mfrc522.o(i.TM_MFRC522_ClearBitMask), (26 bytes).
    Removing tm_stm32f10x_mfrc522.o(i.TM_MFRC522_Compare), (34 bytes).
    Removing tm_stm32f10x_mfrc522.o(i.TM_MFRC522_Halt), (44 bytes).
    Removing tm_stm32f10x_mfrc522.o(i.TM_MFRC522_Read), (56 bytes).
    Removing tm_stm32f10x_mfrc522.o(i.TM_MFRC522_Request), (50 bytes).
    Removing tm_stm32f10x_mfrc522.o(i.TM_MFRC522_SelectTag), (92 bytes).
    Removing tm_stm32f10x_mfrc522.o(i.TM_MFRC522_ToCard), (298 bytes).
    Removing tm_stm32f10x_mfrc522.o(i.TM_MFRC522_Write), (150 bytes).
    Removing user_flash.o(i.User_FLASH_Erase), (36 bytes).
    Removing user_flash.o(i.User_FLASH_Write), (40 bytes).
    Removing user_gpio.o(i.Read_status), (16 bytes).
    Removing user_control.o(i.Add_ID), (264 bytes).
    Removing user_control.o(i.Add_MSSV), (264 bytes).
    Removing user_control.o(i.Add_Mem_Procedure), (360 bytes).
    Removing user_control.o(i.Add_Name), (280 bytes).
    Removing user_control.o(i.Add_NewMem), (136 bytes).
    Removing user_control.o(i.Alert), (332 bytes).
    Removing user_control.o(i.ChangePass), (400 bytes).
    Removing user_control.o(i.CheckAlert), (92 bytes).
    Removing user_control.o(i.CheckScanedID), (22 bytes).
    Removing user_control.o(i.ComparePassword), (40 bytes).
    Removing user_control.o(i.CompareUintChar), (36 bytes).
    Removing user_control.o(i.ConvertCharToUint16), (44 bytes).
    Removing user_control.o(i.ConvertCharToUint8), (40 bytes).
    Removing user_control.o(i.ConvertUint16ToChar), (44 bytes).
    Removing user_control.o(i.ConvertUint16ToUint8), (44 bytes).
    Removing user_control.o(i.ConvertUint8ToChar), (40 bytes).
    Removing user_control.o(i.Display_ID), (244 bytes).
    Removing user_control.o(i.Display_PAGE0), (164 bytes).
    Removing user_control.o(i.Pick_ID), (88 bytes).
    Removing user_control.o(i.Pick_MSSV), (80 bytes).
    Removing user_control.o(i.Pick_Name), (88 bytes).
    Removing user_control.o(i.Remove_ID), (240 bytes).
    Removing user_control.o(i.Remove_MSSV), (224 bytes).
    Removing user_control.o(i.Remove_Mem), (112 bytes).
    Removing user_control.o(i.Remove_Mem_Procedure), (260 bytes).
    Removing user_control.o(i.Remove_Name), (252 bytes).
    Removing user_control.o(i.RequirePassword), (152 bytes).
    Removing user_control.o(i.ResetArr), (20 bytes).
    Removing user_control.o(i.Search_ID), (72 bytes).
    Removing user_control.o(i.Search_MSSV), (80 bytes).
    Removing user_control.o(i.Search_Name), (76 bytes).
    Removing user_control.o(i.TurnOneTouchMode), (284 bytes).
    Removing user_control.o(i.Write_EmerFlag), (16 bytes).
    Removing user_control.o(i.Write_NbrID), (16 bytes).
    Removing user_control.o(i.Write_OneTouchMode), (16 bytes).
    Removing user_control.o(i.Write_Page0), (46 bytes).
    Removing user_control.o(i.Write_Password), (56 bytes).
    Removing user_control.o(i.fputc), (16 bytes).
    Removing user_usart2.o(i.User_USART2_ReceiveString), (156 bytes).
    Removing user_usart2.o(i.User_USART2_ReceiveString2), (128 bytes).
    Removing user_usart2.o(i.User_USART2_SendSuint), (30 bytes).

298 unused section(s) (total 15654 bytes) removed from the image.

==============================================================================

Image Symbol Table

    Local Symbols

    Symbol Name                              Value     Ov Type        Size  Object(Section)

    ../clib/angel/boardlib.s                 0x00000000   Number         0  boardinit2.o ABSOLUTE
    ../clib/angel/boardlib.s                 0x00000000   Number         0  boardinit1.o ABSOLUTE
    ../clib/angel/boardlib.s                 0x00000000   Number         0  boardinit3.o ABSOLUTE
    ../clib/angel/boardlib.s                 0x00000000   Number         0  boardshut.o ABSOLUTE
    ../clib/angel/handlers.s                 0x00000000   Number         0  __scatter_copy.o ABSOLUTE
    ../clib/angel/handlers.s                 0x00000000   Number         0  __scatter_zi.o ABSOLUTE
    ../clib/angel/kernel.s                   0x00000000   Number         0  __rtentry4.o ABSOLUTE
    ../clib/angel/kernel.s                   0x00000000   Number         0  __rtentry2.o ABSOLUTE
    ../clib/angel/kernel.s                   0x00000000   Number         0  rtexit.o ABSOLUTE
    ../clib/angel/kernel.s                   0x00000000   Number         0  rtexit2.o ABSOLUTE
    ../clib/angel/kernel.s                   0x00000000   Number         0  __rtentry.o ABSOLUTE
    ../clib/angel/rt.s                       0x00000000   Number         0  rt_raise.o ABSOLUTE
    ../clib/angel/rt.s                       0x00000000   Number         0  rt_locale_intlibspace.o ABSOLUTE
    ../clib/angel/rt.s                       0x00000000   Number         0  rt_locale.o ABSOLUTE
    ../clib/angel/rt.s                       0x00000000   Number         0  rt_ctype_table.o ABSOLUTE
    ../clib/angel/rt.s                       0x00000000   Number         0  rt_errno_addr.o ABSOLUTE
    ../clib/angel/rt.s                       0x00000000   Number         0  rt_errno_addr_intlibspace.o ABSOLUTE
    ../clib/angel/scatter.s                  0x00000000   Number         0  __scatter.o ABSOLUTE
    ../clib/angel/startup.s                  0x00000000   Number         0  __main.o ABSOLUTE
    ../clib/angel/sys.s                      0x00000000   Number         0  use_no_semi.o ABSOLUTE
    ../clib/angel/sys.s                      0x00000000   Number         0  indicate_semi.o ABSOLUTE
    ../clib/angel/sys.s                      0x00000000   Number         0  sys_stackheap_outer.o ABSOLUTE
    ../clib/angel/sys.s                      0x00000000   Number         0  libspace.o ABSOLUTE
    ../clib/angel/sysapp.c                   0x00000000   Number         0  sys_wrch.o ABSOLUTE
    ../clib/angel/sysapp.c                   0x00000000   Number         0  sys_command.o ABSOLUTE
    ../clib/angel/sysapp.c                   0x00000000   Number         0  sys_exit.o ABSOLUTE
    ../clib/armsys.c                         0x00000000   Number         0  no_argv.o ABSOLUTE
    ../clib/armsys.c                         0x00000000   Number         0  _get_argv_nomalloc.o ABSOLUTE
    ../clib/armsys.c                         0x00000000   Number         0  argv_veneer.o ABSOLUTE
    ../clib/armsys.c                         0x00000000   Number         0  argv_veneer.o ABSOLUTE
    ../clib/heapalloc.c                      0x00000000   Number         0  hrguard.o ABSOLUTE
    ../clib/heapaux.c                        0x00000000   Number         0  heapauxi.o ABSOLUTE
    ../clib/libinit.s                        0x00000000   Number         0  libinit2.o ABSOLUTE
    ../clib/libinit.s                        0x00000000   Number         0  libshutdown2.o ABSOLUTE
    ../clib/libinit.s                        0x00000000   Number         0  libshutdown.o ABSOLUTE
    ../clib/libinit.s                        0x00000000   Number         0  libinit.o ABSOLUTE
    ../clib/locale.s                         0x00000000   Number         0  lc_ctype_c.o ABSOLUTE
    ../clib/memcpset.s                       0x00000000   Number         0  strcmpv7m.o ABSOLUTE
    ../clib/misc.s                           0x00000000   Number         0  printf_stubs.o ABSOLUTE
    ../clib/printf.c                         0x00000000   Number         0  _printf_hex_ll_ptr.o ABSOLUTE
    ../clib/printf.c                         0x00000000   Number         0  _printf_str.o ABSOLUTE
    ../clib/printf.c                         0x00000000   Number         0  __printf_ss_wp.o ABSOLUTE
    ../clib/printf.c                         0x00000000   Number         0  __printf_flags_ss_wp.o ABSOLUTE
    ../clib/printf.c                         0x00000000   Number         0  _printf_dec.o ABSOLUTE
    ../clib/printf.c                         0x00000000   Number         0  _printf_char.o ABSOLUTE
    ../clib/printf.c                         0x00000000   Number         0  _sputc.o ABSOLUTE
    ../clib/printf.c                         0x00000000   Number         0  _printf_char_common.o ABSOLUTE
    ../clib/printf.c                         0x00000000   Number         0  _printf_intcommon.o ABSOLUTE
    ../clib/printf.c                         0x00000000   Number         0  _printf_hex_int_ptr.o ABSOLUTE
    ../clib/printf.c                         0x00000000   Number         0  __printf.o ABSOLUTE
    ../clib/printf.c                         0x00000000   Number         0  _printf_pad.o ABSOLUTE
    ../clib/printf.c                         0x00000000   Number         0  __printf_nopercent.o ABSOLUTE
    ../clib/printf.c                         0x00000000   Number         0  noretval__2sprintf.o ABSOLUTE
    ../clib/printf.c                         0x00000000   Number         0  __2sprintf.o ABSOLUTE
    ../clib/printf.c                         0x00000000   Number         0  _printf_hex_int.o ABSOLUTE
    ../clib/printf.c                         0x00000000   Number         0  _printf_hex_int_ll.o ABSOLUTE
    ../clib/printf.c                         0x00000000   Number         0  _printf_hex_int_ll_ptr.o ABSOLUTE
    ../clib/printf.c                         0x00000000   Number         0  __printf_flags.o ABSOLUTE
    ../clib/printf.c                         0x00000000   Number         0  __printf_ss.o ABSOLUTE
    ../clib/printf.c                         0x00000000   Number         0  __printf_flags_wp.o ABSOLUTE
    ../clib/printf.c                         0x00000000   Number         0  _printf_hex_ll.o ABSOLUTE
    ../clib/printf.c                         0x00000000   Number         0  __printf_flags_ss.o ABSOLUTE
    ../clib/printf.c                         0x00000000   Number         0  __printf_wp.o ABSOLUTE
    ../clib/printf.c                         0x00000000   Number         0  _printf_hex_ptr.o ABSOLUTE
    ../clib/printf_percent.s                 0x00000000   Number         0  _printf_percent_end.o ABSOLUTE
    ../clib/printf_percent.s                 0x00000000   Number         0  _printf_percent.o ABSOLUTE
    ../clib/printf_percent.s                 0x00000000   Number         0  _printf_s.o ABSOLUTE
    ../clib/printf_percent.s                 0x00000000   Number         0  _printf_d.o ABSOLUTE
    ../clib/printf_percent.s                 0x00000000   Number         0  _printf_x.o ABSOLUTE
    ../clib/scanf.c                          0x00000000   Number         0  _chval.o ABSOLUTE
    ../clib/scanf.c                          0x00000000   Number         0  _strtoul.o ABSOLUTE
    ../clib/scanf.c                          0x00000000   Number         0  strtol.o ABSOLUTE
    ../clib/scanf.c                          0x00000000   Number         0  atoi.o ABSOLUTE
    ../clib/signal.c                         0x00000000   Number         0  defsig_cppl_inner.o ABSOLUTE
    ../clib/signal.c                         0x00000000   Number         0  defsig_general.o ABSOLUTE
    ../clib/signal.c                         0x00000000   Number         0  defsig_stak_inner.o ABSOLUTE
    ../clib/signal.c                         0x00000000   Number         0  defsig_rtred_inner.o ABSOLUTE
    ../clib/signal.c                         0x00000000   Number         0  defsig_fpe_inner.o ABSOLUTE
    ../clib/signal.c                         0x00000000   Number         0  defsig_abrt_inner.o ABSOLUTE
    ../clib/signal.c                         0x00000000   Number         0  defsig_rtmem_inner.o ABSOLUTE
    ../clib/signal.c                         0x00000000   Number         0  __raise.o ABSOLUTE
    ../clib/signal.c                         0x00000000   Number         0  defsig_exit.o ABSOLUTE
    ../clib/signal.c                         0x00000000   Number         0  defsig_pvfn_inner.o ABSOLUTE
    ../clib/signal.c                         0x00000000   Number         0  defsig_other.o ABSOLUTE
    ../clib/signal.c                         0x00000000   Number         0  defsig_rtmem_formal.o ABSOLUTE
    ../clib/signal.c                         0x00000000   Number         0  defsig_rtmem_outer.o ABSOLUTE
    ../clib/signal.c                         0x00000000   Number         0  defsig_segv_inner.o ABSOLUTE
    ../clib/signal.s                         0x00000000   Number         0  defsig.o ABSOLUTE
    ../clib/stdlib.c                         0x00000000   Number         0  exit.o ABSOLUTE
    ../fplib/fpinit.s                        0x00000000   Number         0  fpinit.o ABSOLUTE
    dc.s                                     0x00000000   Number         0  dc.o ABSOLUTE
    src\User_ADC_DMA.c                       0x00000000   Number         0  user_adc_dma.o ABSOLUTE
    src\User_Control.c                       0x00000000   Number         0  user_control.o ABSOLUTE
    src\User_FLASH.c                         0x00000000   Number         0  user_flash.o ABSOLUTE
    src\User_GPIO.c                          0x00000000   Number         0  user_gpio.o ABSOLUTE
    src\User_TIM.c                           0x00000000   Number         0  user_tim.o ABSOLUTE
    src\User_USART2.c                        0x00000000   Number         0  user_usart2.o ABSOLUTE
    src\\core_cm3.c                          0x00000000   Number         0  core_cm3.o ABSOLUTE
    src\core_cm3.c                           0x00000000   Number         0  core_cm3.o ABSOLUTE
    src\delay.c                              0x00000000   Number         0  delay.o ABSOLUTE
    src\main.c                               0x00000000   Number         0  main.o ABSOLUTE
    src\misc.c                               0x00000000   Number         0  misc.o ABSOLUTE
    src\startup_stm32f10x_md.s               0x00000000   Number         0  startup_stm32f10x_md.o ABSOLUTE
    src\stm32f10x_adc.c                      0x00000000   Number         0  stm32f10x_adc.o ABSOLUTE
    src\stm32f10x_dma.c                      0x00000000   Number         0  stm32f10x_dma.o ABSOLUTE
    src\stm32f10x_flash.c                    0x00000000   Number         0  stm32f10x_flash.o ABSOLUTE
    src\stm32f10x_gpio.c                     0x00000000   Number         0  stm32f10x_gpio.o ABSOLUTE
    src\stm32f10x_rcc.c                      0x00000000   Number         0  stm32f10x_rcc.o ABSOLUTE
    src\stm32f10x_spi.c                      0x00000000   Number         0  stm32f10x_spi.o ABSOLUTE
    src\stm32f10x_tim.c                      0x00000000   Number         0  stm32f10x_tim.o ABSOLUTE
    src\stm32f10x_usart.c                    0x00000000   Number         0  stm32f10x_usart.o ABSOLUTE
    src\system_stm32f10x.c                   0x00000000   Number         0  system_stm32f10x.o ABSOLUTE
    src\tm_stm32f10x_mfrc522.c               0x00000000   Number         0  tm_stm32f10x_mfrc522.o ABSOLUTE
    RESET                                    0x08000000   Section      236  startup_stm32f10x_md.o(RESET)
    !!!main                                  0x080000ec   Section        8  __main.o(!!!main)
    !!!scatter                               0x080000f4   Section       52  __scatter.o(!!!scatter)
    !!handler_copy                           0x08000128   Section       26  __scatter_copy.o(!!handler_copy)
    !!handler_zi                             0x08000144   Section       28  __scatter_zi.o(!!handler_zi)
    .ARM.Collect$$libinit$$00000000          0x08000160   Section        2  libinit.o(.ARM.Collect$$libinit$$00000000)
    .ARM.Collect$$libinit$$00000002          0x08000162   Section        0  libinit2.o(.ARM.Collect$$libinit$$00000002)
    .ARM.Collect$$libinit$$00000004          0x08000162   Section        0  libinit2.o(.ARM.Collect$$libinit$$00000004)
    .ARM.Collect$$libinit$$0000000A          0x08000162   Section        0  libinit2.o(.ARM.Collect$$libinit$$0000000A)
    .ARM.Collect$$libinit$$0000000C          0x08000162   Section        0  libinit2.o(.ARM.Collect$$libinit$$0000000C)
    .ARM.Collect$$libinit$$0000000E          0x08000162   Section        0  libinit2.o(.ARM.Collect$$libinit$$0000000E)
    .ARM.Collect$$libinit$$00000011          0x08000162   Section        0  libinit2.o(.ARM.Collect$$libinit$$00000011)
    .ARM.Collect$$libinit$$00000013          0x08000162   Section        0  libinit2.o(.ARM.Collect$$libinit$$00000013)
    .ARM.Collect$$libinit$$00000015          0x08000162   Section        0  libinit2.o(.ARM.Collect$$libinit$$00000015)
    .ARM.Collect$$libinit$$00000017          0x08000162   Section        0  libinit2.o(.ARM.Collect$$libinit$$00000017)
    .ARM.Collect$$libinit$$00000019          0x08000162   Section        0  libinit2.o(.ARM.Collect$$libinit$$00000019)
    .ARM.Collect$$libinit$$0000001B          0x08000162   Section        0  libinit2.o(.ARM.Collect$$libinit$$0000001B)
    .ARM.Collect$$libinit$$0000001D          0x08000162   Section        0  libinit2.o(.ARM.Collect$$libinit$$0000001D)
    .ARM.Collect$$libinit$$0000001F          0x08000162   Section        0  libinit2.o(.ARM.Collect$$libinit$$0000001F)
    .ARM.Collect$$libinit$$00000021          0x08000162   Section        0  libinit2.o(.ARM.Collect$$libinit$$00000021)
    .ARM.Collect$$libinit$$00000023          0x08000162   Section        0  libinit2.o(.ARM.Collect$$libinit$$00000023)
    .ARM.Collect$$libinit$$00000025          0x08000162   Section        0  libinit2.o(.ARM.Collect$$libinit$$00000025)
    .ARM.Collect$$libinit$$0000002C          0x08000162   Section        0  libinit2.o(.ARM.Collect$$libinit$$0000002C)
    .ARM.Collect$$libinit$$0000002E          0x08000162   Section        0  libinit2.o(.ARM.Collect$$libinit$$0000002E)
    .ARM.Collect$$libinit$$00000030          0x08000162   Section        0  libinit2.o(.ARM.Collect$$libinit$$00000030)
    .ARM.Collect$$libinit$$00000032          0x08000162   Section        0  libinit2.o(.ARM.Collect$$libinit$$00000032)
    .ARM.Collect$$libinit$$00000033          0x08000162   Section        2  libinit2.o(.ARM.Collect$$libinit$$00000033)
    .ARM.Collect$$libshutdown$$00000000      0x08000164   Section        2  libshutdown.o(.ARM.Collect$$libshutdown$$00000000)
    .ARM.Collect$$libshutdown$$00000002      0x08000166   Section        0  libshutdown2.o(.ARM.Collect$$libshutdown$$00000002)
    .ARM.Collect$$libshutdown$$00000004      0x08000166   Section        0  libshutdown2.o(.ARM.Collect$$libshutdown$$00000004)
    .ARM.Collect$$libshutdown$$00000007      0x08000166   Section        0  libshutdown2.o(.ARM.Collect$$libshutdown$$00000007)
    .ARM.Collect$$libshutdown$$0000000A      0x08000166   Section        0  libshutdown2.o(.ARM.Collect$$libshutdown$$0000000A)
    .ARM.Collect$$libshutdown$$0000000C      0x08000166   Section        0  libshutdown2.o(.ARM.Collect$$libshutdown$$0000000C)
    .ARM.Collect$$libshutdown$$0000000F      0x08000166   Section        0  libshutdown2.o(.ARM.Collect$$libshutdown$$0000000F)
    .ARM.Collect$$libshutdown$$00000010      0x08000166   Section        2  libshutdown2.o(.ARM.Collect$$libshutdown$$00000010)
    .ARM.Collect$$rtentry$$00000000          0x08000168   Section        0  __rtentry.o(.ARM.Collect$$rtentry$$00000000)
    .ARM.Collect$$rtentry$$00000002          0x08000168   Section        0  __rtentry2.o(.ARM.Collect$$rtentry$$00000002)
    .ARM.Collect$$rtentry$$00000004          0x08000168   Section        6  __rtentry4.o(.ARM.Collect$$rtentry$$00000004)
    .ARM.Collect$$rtentry$$00000009          0x0800016e   Section        0  __rtentry2.o(.ARM.Collect$$rtentry$$00000009)
    .ARM.Collect$$rtentry$$0000000A          0x0800016e   Section        4  __rtentry2.o(.ARM.Collect$$rtentry$$0000000A)
    .ARM.Collect$$rtentry$$0000000C          0x08000172   Section        0  __rtentry2.o(.ARM.Collect$$rtentry$$0000000C)
    .ARM.Collect$$rtentry$$0000000D          0x08000172   Section        8  __rtentry2.o(.ARM.Collect$$rtentry$$0000000D)
    .ARM.Collect$$rtexit$$00000000           0x0800017a   Section        2  rtexit.o(.ARM.Collect$$rtexit$$00000000)
    .ARM.Collect$$rtexit$$00000002           0x0800017c   Section        0  rtexit2.o(.ARM.Collect$$rtexit$$00000002)
    .ARM.Collect$$rtexit$$00000003           0x0800017c   Section        4  rtexit2.o(.ARM.Collect$$rtexit$$00000003)
    .ARM.Collect$$rtexit$$00000004           0x08000180   Section        6  rtexit2.o(.ARM.Collect$$rtexit$$00000004)
    .text                                    0x08000188   Section       64  startup_stm32f10x_md.o(.text)
    .text                                    0x080001c8   Section        0  heapauxi.o(.text)
    .text                                    0x080001d0   Section        8  libspace.o(.text)
    .text                                    0x080001d8   Section       74  sys_stackheap_outer.o(.text)
    .text                                    0x08000222   Section        0  exit.o(.text)
    .text                                    0x08000234   Section        0  sys_exit.o(.text)
    .text                                    0x08000240   Section        2  use_no_semi.o(.text)
    .text                                    0x08000242   Section        0  indicate_semi.o(.text)
    i.ADC_Cmd                                0x08000242   Section        0  stm32f10x_adc.o(i.ADC_Cmd)
    i.ADC_DMACmd                             0x08000258   Section        0  stm32f10x_adc.o(i.ADC_DMACmd)
    i.ADC_GetCalibrationStatus               0x0800026e   Section        0  stm32f10x_adc.o(i.ADC_GetCalibrationStatus)
    i.ADC_GetResetCalibrationStatus          0x08000282   Section        0  stm32f10x_adc.o(i.ADC_GetResetCalibrationStatus)
    i.ADC_Init                               0x08000298   Section        0  stm32f10x_adc.o(i.ADC_Init)
    i.ADC_RegularChannelConfig               0x080002e8   Section        0  stm32f10x_adc.o(i.ADC_RegularChannelConfig)
    i.ADC_ResetCalibration                   0x080003a0   Section        0  stm32f10x_adc.o(i.ADC_ResetCalibration)
    i.ADC_SoftwareStartConvCmd               0x080003aa   Section        0  stm32f10x_adc.o(i.ADC_SoftwareStartConvCmd)
    i.ADC_StartCalibration                   0x080003c0   Section        0  stm32f10x_adc.o(i.ADC_StartCalibration)
    i.CloseDoor                              0x080003cc   Section        0  user_control.o(i.CloseDoor)
    i.DMA_Cmd                                0x08000428   Section        0  stm32f10x_dma.o(i.DMA_Cmd)
    i.DMA_Init                               0x08000440   Section        0  stm32f10x_dma.o(i.DMA_Init)
    i.DelayInit                              0x0800047c   Section        0  delay.o(i.DelayInit)
    i.DelayMs                                0x080004e4   Section        0  delay.o(i.DelayMs)
    i.DelayUs                                0x080004fc   Section        0  delay.o(i.DelayUs)
    i.DisplayMenu                            0x08000510   Section        0  user_control.o(i.DisplayMenu)
    i.GPIO_Init                              0x080005ac   Section        0  stm32f10x_gpio.o(i.GPIO_Init)
    i.NVIC_Init                              0x080006c4   Section        0  misc.o(i.NVIC_Init)
    i.OpenDoor                               0x08000734   Section        0  user_control.o(i.OpenDoor)
    i.RCC_ADCCLKConfig                       0x080007a4   Section        0  stm32f10x_rcc.o(i.RCC_ADCCLKConfig)
    i.RCC_AHBPeriphClockCmd                  0x080007bc   Section        0  stm32f10x_rcc.o(i.RCC_AHBPeriphClockCmd)
    i.RCC_APB1PeriphClockCmd                 0x080007dc   Section        0  stm32f10x_rcc.o(i.RCC_APB1PeriphClockCmd)
    i.RCC_APB2PeriphClockCmd                 0x080007fc   Section        0  stm32f10x_rcc.o(i.RCC_APB2PeriphClockCmd)
    i.RCC_GetClocksFreq                      0x0800081c   Section        0  stm32f10x_rcc.o(i.RCC_GetClocksFreq)
    i.SC_bit                                 0x080008f0   Section        0  user_gpio.o(i.SC_bit)
    i.SPI2_ReadWrite                         0x08000904   Section        0  tm_stm32f10x_mfrc522.o(i.SPI2_ReadWrite)
    i.SPI_Cmd                                0x0800093c   Section        0  stm32f10x_spi.o(i.SPI_Cmd)
    i.SPI_I2S_GetFlagStatus                  0x08000954   Section        0  stm32f10x_spi.o(i.SPI_I2S_GetFlagStatus)
    i.SPI_I2S_ReceiveData                    0x08000966   Section        0  stm32f10x_spi.o(i.SPI_I2S_ReceiveData)
    i.SPI_I2S_SendData                       0x0800096c   Section        0  stm32f10x_spi.o(i.SPI_I2S_SendData)
    i.SPI_Init                               0x08000970   Section        0  stm32f10x_spi.o(i.SPI_Init)
    i.SetSysClock                            0x080009ac   Section        0  system_stm32f10x.o(i.SetSysClock)
    SetSysClock                              0x080009ad   Thumb Code     8  system_stm32f10x.o(i.SetSysClock)
    i.SetSysClockTo72                        0x080009b4   Section        0  system_stm32f10x.o(i.SetSysClockTo72)
    SetSysClockTo72                          0x080009b5   Thumb Code   214  system_stm32f10x.o(i.SetSysClockTo72)
    i.SysTick_Handler                        0x08000a94   Section        0  delay.o(i.SysTick_Handler)
    i.SystemCoreClockUpdate                  0x08000aac   Section        0  system_stm32f10x.o(i.SystemCoreClockUpdate)
    i.SystemInit                             0x08000b50   Section        0  system_stm32f10x.o(i.SystemInit)
    i.TIM_ARRPreloadConfig                   0x08000bb0   Section        0  stm32f10x_tim.o(i.TIM_ARRPreloadConfig)
    i.TIM_Cmd                                0x08000bc8   Section        0  stm32f10x_tim.o(i.TIM_Cmd)
    i.TIM_OC3Init                            0x08000be0   Section        0  stm32f10x_tim.o(i.TIM_OC3Init)
    i.TIM_OC3PreloadConfig                   0x08000c80   Section        0  stm32f10x_tim.o(i.TIM_OC3PreloadConfig)
    i.TIM_TimeBaseInit                       0x08000c94   Section        0  stm32f10x_tim.o(i.TIM_TimeBaseInit)
    i.TM_MFRC522_AntennaOn                   0x08000d38   Section        0  tm_stm32f10x_mfrc522.o(i.TM_MFRC522_AntennaOn)
    i.TM_MFRC522_Init                        0x08000d52   Section        0  tm_stm32f10x_mfrc522.o(i.TM_MFRC522_Init)
    i.TM_MFRC522_InitPins                    0x08000d9c   Section        0  tm_stm32f10x_mfrc522.o(i.TM_MFRC522_InitPins)
    i.TM_MFRC522_ReadRegister                0x08000e44   Section        0  tm_stm32f10x_mfrc522.o(i.TM_MFRC522_ReadRegister)
    i.TM_MFRC522_Reset                       0x08000e78   Section        0  tm_stm32f10x_mfrc522.o(i.TM_MFRC522_Reset)
    i.TM_MFRC522_SetBitMask                  0x08000e84   Section        0  tm_stm32f10x_mfrc522.o(i.TM_MFRC522_SetBitMask)
    i.TM_MFRC522_WriteRegister               0x08000ea0   Section        0  tm_stm32f10x_mfrc522.o(i.TM_MFRC522_WriteRegister)
    i.Turn_buzz                              0x08000ed0   Section        0  user_control.o(i.Turn_buzz)
    i.Turn_led_close                         0x08000ef4   Section        0  user_control.o(i.Turn_led_close)
    i.Turn_led_open                          0x08000f18   Section        0  user_control.o(i.Turn_led_open)
    i.USART2_IRQHandler                      0x08000f3c   Section        0  user_control.o(i.USART2_IRQHandler)
    i.USART_Cmd                              0x08001030   Section        0  stm32f10x_usart.o(i.USART_Cmd)
    i.USART_GetFlagStatus                    0x08001048   Section        0  stm32f10x_usart.o(i.USART_GetFlagStatus)
    i.USART_GetITStatus                      0x08001062   Section        0  stm32f10x_usart.o(i.USART_GetITStatus)
    i.USART_ITConfig                         0x080010b6   Section        0  stm32f10x_usart.o(i.USART_ITConfig)
    i.USART_Init                             0x08001100   Section        0  stm32f10x_usart.o(i.USART_Init)
    i.USART_ReceiveData                      0x080011d8   Section        0  stm32f10x_usart.o(i.USART_ReceiveData)
    i.USART_SendData                         0x080011e2   Section        0  stm32f10x_usart.o(i.USART_SendData)
    i.Updata_Data_From_PAGE0                 0x080011ea   Section        0  user_control.o(i.Updata_Data_From_PAGE0)
    i.Updata_EmerFlag                        0x08001200   Section        0  user_control.o(i.Updata_EmerFlag)
    i.Updata_NbrID                           0x08001214   Section        0  user_control.o(i.Updata_NbrID)
    i.Updata_OneTouchMode                    0x08001228   Section        0  user_control.o(i.Updata_OneTouchMode)
    i.Updata_Password                        0x0800123c   Section        0  user_control.o(i.Updata_Password)
    i.User_ADC_DMA_GPIO_Configuration        0x08001260   Section        0  user_adc_dma.o(i.User_ADC_DMA_GPIO_Configuration)
    i.User_ADC_DMA_Init                      0x0800127c   Section        0  user_adc_dma.o(i.User_ADC_DMA_Init)
    i.User_ADC_DMA_RCC_Configuration         0x0800135c   Section        0  user_adc_dma.o(i.User_ADC_DMA_RCC_Configuration)
    i.User_FLASH_Read                        0x0800137c   Section        0  user_flash.o(i.User_FLASH_Read)
    i.User_GPIO_Init                         0x08001390   Section        0  user_gpio.o(i.User_GPIO_Init)
    i.User_TIM_GPIO_Configuration            0x080013f8   Section        0  user_tim.o(i.User_TIM_GPIO_Configuration)
    i.User_TIM_Handle                        0x0800141c   Section        0  user_tim.o(i.User_TIM_Handle)
    i.User_TIM_Init                          0x08001440   Section        0  user_tim.o(i.User_TIM_Init)
    i.User_TIM_RCC_Configuration             0x080014cc   Section        0  user_tim.o(i.User_TIM_RCC_Configuration)
    i.User_USART2_GPIO_Configuration         0x080014e0   Section        0  user_usart2.o(i.User_USART2_GPIO_Configuration)
    i.User_USART2_Init                       0x08001518   Section        0  user_usart2.o(i.User_USART2_Init)
    i.User_USART2_NVIC_Configuration         0x08001560   Section        0  user_usart2.o(i.User_USART2_NVIC_Configuration)
    i.User_USART2_RCC_Configuration          0x08001580   Section        0  user_usart2.o(i.User_USART2_RCC_Configuration)
    i.User_USART2_ReceiveChar                0x08001594   Section        0  user_usart2.o(i.User_USART2_ReceiveChar)
    i.User_USART2_SendChar                   0x080015a4   Section        0  user_usart2.o(i.User_USART2_SendChar)
    i.User_USART2_SendSchar                  0x080015c4   Section        0  user_usart2.o(i.User_USART2_SendSchar)
    i.main                                   0x080015de   Section        0  main.o(i.main)
    .data                                    0x20000000   Section       20  system_stm32f10x.o(.data)
    .data                                    0x20000014   Section       20  stm32f10x_rcc.o(.data)
    APBAHBPrescTable                         0x20000014   Data          16  stm32f10x_rcc.o(.data)
    ADCPrescTable                            0x20000024   Data           4  stm32f10x_rcc.o(.data)
    .data                                    0x20000028   Section        4  delay.o(.data)
    usTicks                                  0x20000028   Data           4  delay.o(.data)
    .data                                    0x2000002c   Section        2  user_tim.o(.data)
    PrescalerValue                           0x2000002c   Data           2  user_tim.o(.data)
    .data                                    0x2000002e   Section        2  user_adc_dma.o(.data)
    .data                                    0x20000030   Section        4  user_flash.o(.data)
    startAddress                             0x20000030   Data           4  user_flash.o(.data)
    .data                                    0x20000034   Section        4  user_gpio.o(.data)
    GPIO_InitStructure                       0x20000034   Data           4  user_gpio.o(.data)
    .data                                    0x20000038   Section       42  user_control.o(.data)
    PrescalerValue                           0x20000038   Data           2  user_control.o(.data)
    startAddress                             0x2000003c   Data           4  user_control.o(.data)
    GPIO_InitStructure                       0x20000040   Data           4  user_control.o(.data)
    TempID                                   0x2000005d   Data           5  user_control.o(.data)
    .bss                                     0x20000064   Section       26  user_tim.o(.bss)
    TIM_TimeBaseStructure                    0x20000064   Data          10  user_tim.o(.bss)
    TIM_OCInitStructure                      0x2000006e   Data          16  user_tim.o(.bss)
    .bss                                     0x20000080   Section       64  user_adc_dma.o(.bss)
    ADC_InitStructure                        0x20000080   Data          20  user_adc_dma.o(.bss)
    DMA_InitStructure                        0x20000094   Data          44  user_adc_dma.o(.bss)
    .bss                                     0x200000c0   Section      600  user_control.o(.bss)
    TIM_TimeBaseStructure                    0x200000c0   Data          10  user_control.o(.bss)
    TIM_OCInitStructure                      0x200000ca   Data          16  user_control.o(.bss)
    ADC_InitStructure                        0x200000dc   Data          20  user_control.o(.bss)
    DMA_InitStructure                        0x200000f0   Data          44  user_control.o(.bss)
    temp                                     0x20000254   Data          62  user_control.o(.bss)
    temp                                     0x20000292   Data          31  user_control.o(.bss)
    temp                                     0x200002b1   Data          31  user_control.o(.bss)
    temp                                     0x200002d0   Data          31  user_control.o(.bss)
    temp                                     0x200002ef   Data          31  user_control.o(.bss)
    TempName                                 0x2000030e   Data          10  user_control.o(.bss)
    .bss                                     0x20000318   Section       16  user_usart2.o(.bss)
    .bss                                     0x20000328   Section       96  libspace.o(.bss)
    HEAP                                     0x20000388   Section      512  startup_stm32f10x_md.o(HEAP)
    Heap_Mem                                 0x20000388   Data         512  startup_stm32f10x_md.o(HEAP)
    STACK                                    0x20000588   Section     1024  startup_stm32f10x_md.o(STACK)
    Stack_Mem                                0x20000588   Data        1024  startup_stm32f10x_md.o(STACK)
    __initial_sp                             0x20000988   Data           0  startup_stm32f10x_md.o(STACK)

    Global Symbols

    Symbol Name                              Value     Ov Type        Size  Object(Section)

    BuildAttributes$$THM_ISAv4$P$D$K$B$S$PE$A:L22UL41UL21$X:L11$S22US41US21$IEEE1$IW$USESV6$~STKCKD$USESV7$~SHL$OSPACE$ROPI$EBA8$UX$STANDARDLIB$REQ8$PRES8$EABIv2 0x00000000   Number         0  anon$$obj.o ABSOLUTE
    __ARM_use_no_argv                        0x00000000   Number         0  main.o ABSOLUTE
    _printf_flags                            0x00000000   Number         0  printf_stubs.o ABSOLUTE
    _printf_return_value                     0x00000000   Number         0  printf_stubs.o ABSOLUTE
    _printf_sizespec                         0x00000000   Number         0  printf_stubs.o ABSOLUTE
    _printf_widthprec                        0x00000000   Number         0  printf_stubs.o ABSOLUTE
    __ARM_exceptions_init                     - Undefined Weak Reference
    __alloca_initialize                       - Undefined Weak Reference
    __arm_preinit_                            - Undefined Weak Reference
    __cpp_initialize__aeabi_                  - Undefined Weak Reference
    __cxa_finalize                            - Undefined Weak Reference
    __sigvec_lookup                           - Undefined Weak Reference
    _atexit_init                              - Undefined Weak Reference
    _call_atexit_fns                          - Undefined Weak Reference
    _clock_init                               - Undefined Weak Reference
    _fp_trap_init                             - Undefined Weak Reference
    _fp_trap_shutdown                         - Undefined Weak Reference
    _get_lc_collate                           - Undefined Weak Reference
    _get_lc_monetary                          - Undefined Weak Reference
    _get_lc_numeric                           - Undefined Weak Reference
    _get_lc_time                              - Undefined Weak Reference
    _getenv_init                              - Undefined Weak Reference
    _handle_redirection                       - Undefined Weak Reference
    _init_alloc                               - Undefined Weak Reference
    _init_user_alloc                          - Undefined Weak Reference
    _initio                                   - Undefined Weak Reference
    _printf_mbtowc                            - Undefined Weak Reference
    _printf_truncate_signed                   - Undefined Weak Reference
    _printf_truncate_unsigned                 - Undefined Weak Reference
    _rand_init                                - Undefined Weak Reference
    _signal_finish                            - Undefined Weak Reference
    _signal_init                              - Undefined Weak Reference
    _terminate_alloc                          - Undefined Weak Reference
    _terminate_user_alloc                     - Undefined Weak Reference
    _terminateio                              - Undefined Weak Reference
    __Vectors_Size                           0x000000ec   Number         0  startup_stm32f10x_md.o ABSOLUTE
    __Vectors                                0x08000000   Data           4  startup_stm32f10x_md.o(RESET)
    __Vectors_End                            0x080000ec   Data           0  startup_stm32f10x_md.o(RESET)
    __main                                   0x080000ed   Thumb Code     8  __main.o(!!!main)
    __scatterload                            0x080000f5   Thumb Code     0  __scatter.o(!!!scatter)
    __scatterload_rt2                        0x080000f5   Thumb Code    44  __scatter.o(!!!scatter)
    __scatterload_rt2_thumb_only             0x080000f5   Thumb Code     0  __scatter.o(!!!scatter)
    __scatterload_null                       0x08000103   Thumb Code     0  __scatter.o(!!!scatter)
    __scatterload_copy                       0x08000129   Thumb Code    26  __scatter_copy.o(!!handler_copy)
    __scatterload_zeroinit                   0x08000145   Thumb Code    28  __scatter_zi.o(!!handler_zi)
    __rt_lib_init                            0x08000161   Thumb Code     0  libinit.o(.ARM.Collect$$libinit$$00000000)
    __rt_lib_init_alloca_1                   0x08000163   Thumb Code     0  libinit2.o(.ARM.Collect$$libinit$$0000002E)
    __rt_lib_init_argv_1                     0x08000163   Thumb Code     0  libinit2.o(.ARM.Collect$$libinit$$0000002C)
    __rt_lib_init_atexit_1                   0x08000163   Thumb Code     0  libinit2.o(.ARM.Collect$$libinit$$0000001B)
    __rt_lib_init_clock_1                    0x08000163   Thumb Code     0  libinit2.o(.ARM.Collect$$libinit$$00000021)
    __rt_lib_init_cpp_1                      0x08000163   Thumb Code     0  libinit2.o(.ARM.Collect$$libinit$$00000032)
    __rt_lib_init_exceptions_1               0x08000163   Thumb Code     0  libinit2.o(.ARM.Collect$$libinit$$00000030)
    __rt_lib_init_fp_1                       0x08000163   Thumb Code     0  libinit2.o(.ARM.Collect$$libinit$$00000002)
    __rt_lib_init_fp_trap_1                  0x08000163   Thumb Code     0  libinit2.o(.ARM.Collect$$libinit$$0000001F)
    __rt_lib_init_getenv_1                   0x08000163   Thumb Code     0  libinit2.o(.ARM.Collect$$libinit$$00000023)
    __rt_lib_init_heap_1                     0x08000163   Thumb Code     0  libinit2.o(.ARM.Collect$$libinit$$0000000A)
    __rt_lib_init_lc_collate_1               0x08000163   Thumb Code     0  libinit2.o(.ARM.Collect$$libinit$$00000011)
    __rt_lib_init_lc_ctype_1                 0x08000163   Thumb Code     0  libinit2.o(.ARM.Collect$$libinit$$00000013)
    __rt_lib_init_lc_monetary_1              0x08000163   Thumb Code     0  libinit2.o(.ARM.Collect$$libinit$$00000015)
    __rt_lib_init_lc_numeric_1               0x08000163   Thumb Code     0  libinit2.o(.ARM.Collect$$libinit$$00000017)
    __rt_lib_init_lc_time_1                  0x08000163   Thumb Code     0  libinit2.o(.ARM.Collect$$libinit$$00000019)
    __rt_lib_init_preinit_1                  0x08000163   Thumb Code     0  libinit2.o(.ARM.Collect$$libinit$$00000004)
    __rt_lib_init_rand_1                     0x08000163   Thumb Code     0  libinit2.o(.ARM.Collect$$libinit$$0000000E)
    __rt_lib_init_return                     0x08000163   Thumb Code     0  libinit2.o(.ARM.Collect$$libinit$$00000033)
    __rt_lib_init_signal_1                   0x08000163   Thumb Code     0  libinit2.o(.ARM.Collect$$libinit$$0000001D)
    __rt_lib_init_stdio_1                    0x08000163   Thumb Code     0  libinit2.o(.ARM.Collect$$libinit$$00000025)
    __rt_lib_init_user_alloc_1               0x08000163   Thumb Code     0  libinit2.o(.ARM.Collect$$libinit$$0000000C)
    __rt_lib_shutdown                        0x08000165   Thumb Code     0  libshutdown.o(.ARM.Collect$$libshutdown$$00000000)
    __rt_lib_shutdown_cpp_1                  0x08000167   Thumb Code     0  libshutdown2.o(.ARM.Collect$$libshutdown$$00000002)
    __rt_lib_shutdown_fp_trap_1              0x08000167   Thumb Code     0  libshutdown2.o(.ARM.Collect$$libshutdown$$00000007)
    __rt_lib_shutdown_heap_1                 0x08000167   Thumb Code     0  libshutdown2.o(.ARM.Collect$$libshutdown$$0000000F)
    __rt_lib_shutdown_return                 0x08000167   Thumb Code     0  libshutdown2.o(.ARM.Collect$$libshutdown$$00000010)
    __rt_lib_shutdown_signal_1               0x08000167   Thumb Code     0  libshutdown2.o(.ARM.Collect$$libshutdown$$0000000A)
    __rt_lib_shutdown_stdio_1                0x08000167   Thumb Code     0  libshutdown2.o(.ARM.Collect$$libshutdown$$00000004)
    __rt_lib_shutdown_user_alloc_1           0x08000167   Thumb Code     0  libshutdown2.o(.ARM.Collect$$libshutdown$$0000000C)
    __rt_entry                               0x08000169   Thumb Code     0  __rtentry.o(.ARM.Collect$$rtentry$$00000000)
    __rt_entry_presh_1                       0x08000169   Thumb Code     0  __rtentry2.o(.ARM.Collect$$rtentry$$00000002)
    __rt_entry_sh                            0x08000169   Thumb Code     0  __rtentry4.o(.ARM.Collect$$rtentry$$00000004)
    __rt_entry_li                            0x0800016f   Thumb Code     0  __rtentry2.o(.ARM.Collect$$rtentry$$0000000A)
    __rt_entry_postsh_1                      0x0800016f   Thumb Code     0  __rtentry2.o(.ARM.Collect$$rtentry$$00000009)
    __rt_entry_main                          0x08000173   Thumb Code     0  __rtentry2.o(.ARM.Collect$$rtentry$$0000000D)
    __rt_entry_postli_1                      0x08000173   Thumb Code     0  __rtentry2.o(.ARM.Collect$$rtentry$$0000000C)
    __rt_exit                                0x0800017b   Thumb Code     0  rtexit.o(.ARM.Collect$$rtexit$$00000000)
    __rt_exit_ls                             0x0800017d   Thumb Code     0  rtexit2.o(.ARM.Collect$$rtexit$$00000003)
    __rt_exit_prels_1                        0x0800017d   Thumb Code     0  rtexit2.o(.ARM.Collect$$rtexit$$00000002)
    __rt_exit_exit                           0x08000181   Thumb Code     0  rtexit2.o(.ARM.Collect$$rtexit$$00000004)
    Reset_Handler                            0x08000189   Thumb Code     8  startup_stm32f10x_md.o(.text)
    NMI_Handler                              0x08000191   Thumb Code     2  startup_stm32f10x_md.o(.text)
    HardFault_Handler                        0x08000193   Thumb Code     2  startup_stm32f10x_md.o(.text)
    MemManage_Handler                        0x08000195   Thumb Code     2  startup_stm32f10x_md.o(.text)
    BusFault_Handler                         0x08000197   Thumb Code     2  startup_stm32f10x_md.o(.text)
    UsageFault_Handler                       0x08000199   Thumb Code     2  startup_stm32f10x_md.o(.text)
    SVC_Handler                              0x0800019b   Thumb Code     2  startup_stm32f10x_md.o(.text)
    DebugMon_Handler                         0x0800019d   Thumb Code     2  startup_stm32f10x_md.o(.text)
    PendSV_Handler                           0x0800019f   Thumb Code     2  startup_stm32f10x_md.o(.text)
    ADC1_2_IRQHandler                        0x080001a3   Thumb Code     0  startup_stm32f10x_md.o(.text)
    CAN1_RX1_IRQHandler                      0x080001a3   Thumb Code     0  startup_stm32f10x_md.o(.text)
    CAN1_SCE_IRQHandler                      0x080001a3   Thumb Code     0  startup_stm32f10x_md.o(.text)
    DMA1_Channel1_IRQHandler                 0x080001a3   Thumb Code     0  startup_stm32f10x_md.o(.text)
    DMA1_Channel2_IRQHandler                 0x080001a3   Thumb Code     0  startup_stm32f10x_md.o(.text)
    DMA1_Channel3_IRQHandler                 0x080001a3   Thumb Code     0  startup_stm32f10x_md.o(.text)
    DMA1_Channel4_IRQHandler                 0x080001a3   Thumb Code     0  startup_stm32f10x_md.o(.text)
    DMA1_Channel5_IRQHandler                 0x080001a3   Thumb Code     0  startup_stm32f10x_md.o(.text)
    DMA1_Channel6_IRQHandler                 0x080001a3   Thumb Code     0  startup_stm32f10x_md.o(.text)
    DMA1_Channel7_IRQHandler                 0x080001a3   Thumb Code     0  startup_stm32f10x_md.o(.text)
    EXTI0_IRQHandler                         0x080001a3   Thumb Code     0  startup_stm32f10x_md.o(.text)
    EXTI15_10_IRQHandler                     0x080001a3   Thumb Code     0  startup_stm32f10x_md.o(.text)
    EXTI1_IRQHandler                         0x080001a3   Thumb Code     0  startup_stm32f10x_md.o(.text)
    EXTI2_IRQHandler                         0x080001a3   Thumb Code     0  startup_stm32f10x_md.o(.text)
    EXTI3_IRQHandler                         0x080001a3   Thumb Code     0  startup_stm32f10x_md.o(.text)
    EXTI4_IRQHandler                         0x080001a3   Thumb Code     0  startup_stm32f10x_md.o(.text)
    EXTI9_5_IRQHandler                       0x080001a3   Thumb Code     0  startup_stm32f10x_md.o(.text)
    FLASH_IRQHandler                         0x080001a3   Thumb Code     0  startup_stm32f10x_md.o(.text)
    I2C1_ER_IRQHandler                       0x080001a3   Thumb Code     0  startup_stm32f10x_md.o(.text)
    I2C1_EV_IRQHandler                       0x080001a3   Thumb Code     0  startup_stm32f10x_md.o(.text)
    I2C2_ER_IRQHandler                       0x080001a3   Thumb Code     0  startup_stm32f10x_md.o(.text)
    I2C2_EV_IRQHandler                       0x080001a3   Thumb Code     0  startup_stm32f10x_md.o(.text)
    PVD_IRQHandler                           0x080001a3   Thumb Code     0  startup_stm32f10x_md.o(.text)
    RCC_IRQHandler                           0x080001a3   Thumb Code     0  startup_stm32f10x_md.o(.text)
    RTCAlarm_IRQHandler                      0x080001a3   Thumb Code     0  startup_stm32f10x_md.o(.text)
    RTC_IRQHandler                           0x080001a3   Thumb Code     0  startup_stm32f10x_md.o(.text)
    SPI1_IRQHandler                          0x080001a3   Thumb Code     0  startup_stm32f10x_md.o(.text)
    SPI2_IRQHandler                          0x080001a3   Thumb Code     0  startup_stm32f10x_md.o(.text)
    TAMPER_IRQHandler                        0x080001a3   Thumb Code     0  startup_stm32f10x_md.o(.text)
    TIM1_BRK_IRQHandler                      0x080001a3   Thumb Code     0  startup_stm32f10x_md.o(.text)
    TIM1_CC_IRQHandler                       0x080001a3   Thumb Code     0  startup_stm32f10x_md.o(.text)
    TIM1_TRG_COM_IRQHandler                  0x080001a3   Thumb Code     0  startup_stm32f10x_md.o(.text)
    TIM1_UP_IRQHandler                       0x080001a3   Thumb Code     0  startup_stm32f10x_md.o(.text)
    TIM2_IRQHandler                          0x080001a3   Thumb Code     0  startup_stm32f10x_md.o(.text)
    TIM3_IRQHandler                          0x080001a3   Thumb Code     0  startup_stm32f10x_md.o(.text)
    TIM4_IRQHandler                          0x080001a3   Thumb Code     0  startup_stm32f10x_md.o(.text)
    USART1_IRQHandler                        0x080001a3   Thumb Code     0  startup_stm32f10x_md.o(.text)
    USART3_IRQHandler                        0x080001a3   Thumb Code     0  startup_stm32f10x_md.o(.text)
    USBWakeUp_IRQHandler                     0x080001a3   Thumb Code     0  startup_stm32f10x_md.o(.text)
    USB_HP_CAN1_TX_IRQHandler                0x080001a3   Thumb Code     0  startup_stm32f10x_md.o(.text)
    USB_LP_CAN1_RX0_IRQHandler               0x080001a3   Thumb Code     0  startup_stm32f10x_md.o(.text)
    WWDG_IRQHandler                          0x080001a3   Thumb Code     0  startup_stm32f10x_md.o(.text)
    __user_initial_stackheap                 0x080001a5   Thumb Code     0  startup_stm32f10x_md.o(.text)
    __use_two_region_memory                  0x080001c9   Thumb Code     2  heapauxi.o(.text)
    __rt_heap_escrow$2region                 0x080001cb   Thumb Code     2  heapauxi.o(.text)
    __rt_heap_expand$2region                 0x080001cd   Thumb Code     2  heapauxi.o(.text)
    __user_libspace                          0x080001d1   Thumb Code     8  libspace.o(.text)
    __user_perproc_libspace                  0x080001d1   Thumb Code     0  libspace.o(.text)
    __user_perthread_libspace                0x080001d1   Thumb Code     0  libspace.o(.text)
    __user_setup_stackheap                   0x080001d9   Thumb Code    74  sys_stackheap_outer.o(.text)
    exit                                     0x08000223   Thumb Code    18  exit.o(.text)
    _sys_exit                                0x08000235   Thumb Code     8  sys_exit.o(.text)
    __I$use$semihosting                      0x08000241   Thumb Code     0  use_no_semi.o(.text)
    __use_no_semihosting_swi                 0x08000241   Thumb Code     2  use_no_semi.o(.text)
    ADC_Cmd                                  0x08000243   Thumb Code    22  stm32f10x_adc.o(i.ADC_Cmd)
    __semihosting_library_function           0x08000243   Thumb Code     0  indicate_semi.o(.text)
    ADC_DMACmd                               0x08000259   Thumb Code    22  stm32f10x_adc.o(i.ADC_DMACmd)
    ADC_GetCalibrationStatus                 0x0800026f   Thumb Code    20  stm32f10x_adc.o(i.ADC_GetCalibrationStatus)
    ADC_GetResetCalibrationStatus            0x08000283   Thumb Code    20  stm32f10x_adc.o(i.ADC_GetResetCalibrationStatus)
    ADC_Init                                 0x08000299   Thumb Code    70  stm32f10x_adc.o(i.ADC_Init)
    ADC_RegularChannelConfig                 0x080002e9   Thumb Code   184  stm32f10x_adc.o(i.ADC_RegularChannelConfig)
    ADC_ResetCalibration                     0x080003a1   Thumb Code    10  stm32f10x_adc.o(i.ADC_ResetCalibration)
    ADC_SoftwareStartConvCmd                 0x080003ab   Thumb Code    22  stm32f10x_adc.o(i.ADC_SoftwareStartConvCmd)
    ADC_StartCalibration                     0x080003c1   Thumb Code    10  stm32f10x_adc.o(i.ADC_StartCalibration)
    CloseDoor                                0x080003cd   Thumb Code    70  user_control.o(i.CloseDoor)
    DMA_Cmd                                  0x08000429   Thumb Code    24  stm32f10x_dma.o(i.DMA_Cmd)
    DMA_Init                                 0x08000441   Thumb Code    60  stm32f10x_dma.o(i.DMA_Init)
    DelayInit                                0x0800047d   Thumb Code    86  delay.o(i.DelayInit)
    DelayMs                                  0x080004e5   Thumb Code    24  delay.o(i.DelayMs)
    DelayUs                                  0x080004fd   Thumb Code    16  delay.o(i.DelayUs)
    DisplayMenu                              0x08000511   Thumb Code    40  user_control.o(i.DisplayMenu)
    GPIO_Init                                0x080005ad   Thumb Code   278  stm32f10x_gpio.o(i.GPIO_Init)
    NVIC_Init                                0x080006c5   Thumb Code   100  misc.o(i.NVIC_Init)
    OpenDoor                                 0x08000735   Thumb Code    90  user_control.o(i.OpenDoor)
    RCC_ADCCLKConfig                         0x080007a5   Thumb Code    18  stm32f10x_rcc.o(i.RCC_ADCCLKConfig)
    RCC_AHBPeriphClockCmd                    0x080007bd   Thumb Code    26  stm32f10x_rcc.o(i.RCC_AHBPeriphClockCmd)
    RCC_APB1PeriphClockCmd                   0x080007dd   Thumb Code    26  stm32f10x_rcc.o(i.RCC_APB1PeriphClockCmd)
    RCC_APB2PeriphClockCmd                   0x080007fd   Thumb Code    26  stm32f10x_rcc.o(i.RCC_APB2PeriphClockCmd)
    RCC_GetClocksFreq                        0x0800081d   Thumb Code   192  stm32f10x_rcc.o(i.RCC_GetClocksFreq)
    SC_bit                                   0x080008f1   Thumb Code    18  user_gpio.o(i.SC_bit)
    SPI2_ReadWrite                           0x08000905   Thumb Code    50  tm_stm32f10x_mfrc522.o(i.SPI2_ReadWrite)
    SPI_Cmd                                  0x0800093d   Thumb Code    24  stm32f10x_spi.o(i.SPI_Cmd)
    SPI_I2S_GetFlagStatus                    0x08000955   Thumb Code    18  stm32f10x_spi.o(i.SPI_I2S_GetFlagStatus)
    SPI_I2S_ReceiveData                      0x08000967   Thumb Code     6  stm32f10x_spi.o(i.SPI_I2S_ReceiveData)
    SPI_I2S_SendData                         0x0800096d   Thumb Code     4  stm32f10x_spi.o(i.SPI_I2S_SendData)
    SPI_Init                                 0x08000971   Thumb Code    60  stm32f10x_spi.o(i.SPI_Init)
    SysTick_Handler                          0x08000a95   Thumb Code    18  delay.o(i.SysTick_Handler)
    SystemCoreClockUpdate                    0x08000aad   Thumb Code   142  system_stm32f10x.o(i.SystemCoreClockUpdate)
    SystemInit                               0x08000b51   Thumb Code    78  system_stm32f10x.o(i.SystemInit)
    TIM_ARRPreloadConfig                     0x08000bb1   Thumb Code    24  stm32f10x_tim.o(i.TIM_ARRPreloadConfig)
    TIM_Cmd                                  0x08000bc9   Thumb Code    24  stm32f10x_tim.o(i.TIM_Cmd)
    TIM_OC3Init                              0x08000be1   Thumb Code   150  stm32f10x_tim.o(i.TIM_OC3Init)
    TIM_OC3PreloadConfig                     0x08000c81   Thumb Code    18  stm32f10x_tim.o(i.TIM_OC3PreloadConfig)
    TIM_TimeBaseInit                         0x08000c95   Thumb Code   122  stm32f10x_tim.o(i.TIM_TimeBaseInit)
    TM_MFRC522_AntennaOn                     0x08000d39   Thumb Code    26  tm_stm32f10x_mfrc522.o(i.TM_MFRC522_AntennaOn)
    TM_MFRC522_Init                          0x08000d53   Thumb Code    72  tm_stm32f10x_mfrc522.o(i.TM_MFRC522_Init)
    TM_MFRC522_InitPins                      0x08000d9d   Thumb Code   158  tm_stm32f10x_mfrc522.o(i.TM_MFRC522_InitPins)
    TM_MFRC522_ReadRegister                  0x08000e45   Thumb Code    48  tm_stm32f10x_mfrc522.o(i.TM_MFRC522_ReadRegister)
    TM_MFRC522_Reset                         0x08000e79   Thumb Code    12  tm_stm32f10x_mfrc522.o(i.TM_MFRC522_Reset)
    TM_MFRC522_SetBitMask                    0x08000e85   Thumb Code    26  tm_stm32f10x_mfrc522.o(i.TM_MFRC522_SetBitMask)
    TM_MFRC522_WriteRegister                 0x08000ea1   Thumb Code    42  tm_stm32f10x_mfrc522.o(i.TM_MFRC522_WriteRegister)
    Turn_buzz                                0x08000ed1   Thumb Code    32  user_control.o(i.Turn_buzz)
    Turn_led_close                           0x08000ef5   Thumb Code    32  user_control.o(i.Turn_led_close)
    Turn_led_open                            0x08000f19   Thumb Code    32  user_control.o(i.Turn_led_open)
    USART2_IRQHandler                        0x08000f3d   Thumb Code   198  user_control.o(i.USART2_IRQHandler)
    USART_Cmd                                0x08001031   Thumb Code    24  stm32f10x_usart.o(i.USART_Cmd)
    USART_GetFlagStatus                      0x08001049   Thumb Code    26  stm32f10x_usart.o(i.USART_GetFlagStatus)
    USART_GetITStatus                        0x08001063   Thumb Code    84  stm32f10x_usart.o(i.USART_GetITStatus)
    USART_ITConfig                           0x080010b7   Thumb Code    74  stm32f10x_usart.o(i.USART_ITConfig)
    USART_Init                               0x08001101   Thumb Code   210  stm32f10x_usart.o(i.USART_Init)
    USART_ReceiveData                        0x080011d9   Thumb Code    10  stm32f10x_usart.o(i.USART_ReceiveData)
    USART_SendData                           0x080011e3   Thumb Code     8  stm32f10x_usart.o(i.USART_SendData)
    Updata_Data_From_PAGE0                   0x080011eb   Thumb Code    20  user_control.o(i.Updata_Data_From_PAGE0)
    Updata_EmerFlag                          0x08001201   Thumb Code    16  user_control.o(i.Updata_EmerFlag)
    Updata_NbrID                             0x08001215   Thumb Code    16  user_control.o(i.Updata_NbrID)
    Updata_OneTouchMode                      0x08001229   Thumb Code    16  user_control.o(i.Updata_OneTouchMode)
    Updata_Password                          0x0800123d   Thumb Code    30  user_control.o(i.Updata_Password)
    User_ADC_DMA_GPIO_Configuration          0x08001261   Thumb Code    24  user_adc_dma.o(i.User_ADC_DMA_GPIO_Configuration)
    User_ADC_DMA_Init                        0x0800127d   Thumb Code   202  user_adc_dma.o(i.User_ADC_DMA_Init)
    User_ADC_DMA_RCC_Configuration           0x0800135d   Thumb Code    30  user_adc_dma.o(i.User_ADC_DMA_RCC_Configuration)
    User_FLASH_Read                          0x0800137d   Thumb Code    16  user_flash.o(i.User_FLASH_Read)
    User_GPIO_Init                           0x08001391   Thumb Code    90  user_gpio.o(i.User_GPIO_Init)
    User_TIM_GPIO_Configuration              0x080013f9   Thumb Code    30  user_tim.o(i.User_TIM_GPIO_Configuration)
    User_TIM_Handle                          0x0800141d   Thumb Code    30  user_tim.o(i.User_TIM_Handle)
    User_TIM_Init                            0x08001441   Thumb Code   114  user_tim.o(i.User_TIM_Init)
    User_TIM_RCC_Configuration               0x080014cd   Thumb Code    20  user_tim.o(i.User_TIM_RCC_Configuration)
    User_USART2_GPIO_Configuration           0x080014e1   Thumb Code    50  user_usart2.o(i.User_USART2_GPIO_Configuration)
    User_USART2_Init                         0x08001519   Thumb Code    64  user_usart2.o(i.User_USART2_Init)
    User_USART2_NVIC_Configuration           0x08001561   Thumb Code    32  user_usart2.o(i.User_USART2_NVIC_Configuration)
    User_USART2_RCC_Configuration            0x08001581   Thumb Code    20  user_usart2.o(i.User_USART2_RCC_Configuration)
    User_USART2_ReceiveChar                  0x08001595   Thumb Code    10  user_usart2.o(i.User_USART2_ReceiveChar)
    User_USART2_SendChar                     0x080015a5   Thumb Code    28  user_usart2.o(i.User_USART2_SendChar)
    User_USART2_SendSchar                    0x080015c5   Thumb Code    26  user_usart2.o(i.User_USART2_SendSchar)
    main                                     0x080015df   Thumb Code    98  main.o(i.main)
    Region$$Table$$Base                      0x08001640   Number         0  anon$$obj.o(Region$$Table)
    Region$$Table$$Limit                     0x08001660   Number         0  anon$$obj.o(Region$$Table)
    SystemCoreClock                          0x20000000   Data           4  system_stm32f10x.o(.data)
    AHBPrescTable                            0x20000004   Data          16  system_stm32f10x.o(.data)
    ADCConvertedValue                        0x2000002e   Data           2  user_adc_dma.o(.data)
    __stdout                                 0x20000044   Data           4  user_control.o(.data)
    Emer_flag                                0x20000048   Data           2  user_control.o(.data)
    Nbr_ID                                   0x2000004a   Data           2  user_control.o(.data)
    OneTouch                                 0x2000004c   Data           1  user_control.o(.data)
    Enter_pass_remove_alert                  0x2000004d   Data           1  user_control.o(.data)
    Door_status                              0x2000004e   Data           1  user_control.o(.data)
    Wrong_Nbr_ID                             0x2000004f   Data           1  user_control.o(.data)
    buff_pos                                 0x20000050   Data           2  user_control.o(.data)
    receive_flag                             0x20000052   Data           1  user_control.o(.data)
    ScanedID                                 0x20000053   Data           5  user_control.o(.data)
    AddMember_flag                           0x20000058   Data           1  user_control.o(.data)
    RemoveMember_flag                        0x20000059   Data           1  user_control.o(.data)
    ChangePassword_flag                      0x2000005a   Data           1  user_control.o(.data)
    OneTouchMode_flag                        0x2000005b   Data           1  user_control.o(.data)
    OpenDoorUSART_flag                       0x2000005c   Data           1  user_control.o(.data)
    password                                 0x2000011c   Data          62  user_control.o(.bss)
    TempBuff                                 0x2000015a   Data          50  user_control.o(.bss)
    buff                                     0x2000018c   Data         200  user_control.o(.bss)
    USART2_InitStructure                     0x20000318   Data          16  user_usart2.o(.bss)
    __libspace_start                         0x20000328   Data          96  libspace.o(.bss)
    __temporary_stack_top$libspace           0x20000388   Data           0  libspace.o(.bss)



==============================================================================

Memory Map of the image

  Image Entry point : 0x080000ed

  Load Region LR_IROM1 (Base: 0x08000000, Size: 0x000016c4, Max: 0x00010000, ABSOLUTE)

    Execution Region ER_IROM1 (Exec base: 0x08000000, Load base: 0x08000000, Size: 0x00001660, Max: 0x00010000, ABSOLUTE)

    Exec Addr    Load Addr    Size         Type   Attr      Idx    E Section Name        Object

    0x08000000   0x08000000   0x000000ec   Data   RO            3    RESET               startup_stm32f10x_md.o
    0x080000ec   0x080000ec   0x00000008   Code   RO         2596  * !!!main             c_w.l(__main.o)
    0x080000f4   0x080000f4   0x00000034   Code   RO         2785    !!!scatter          c_w.l(__scatter.o)
    0x08000128   0x08000128   0x0000001a   Code   RO         2787    !!handler_copy      c_w.l(__scatter_copy.o)
    0x08000142   0x08000142   0x00000002   PAD
    0x08000144   0x08000144   0x0000001c   Code   RO         2789    !!handler_zi        c_w.l(__scatter_zi.o)
    0x08000160   0x08000160   0x00000002   Code   RO         2658    .ARM.Collect$$libinit$$00000000  c_w.l(libinit.o)
    0x08000162   0x08000162   0x00000000   Code   RO         2662    .ARM.Collect$$libinit$$00000002  c_w.l(libinit2.o)
    0x08000162   0x08000162   0x00000000   Code   RO         2664    .ARM.Collect$$libinit$$00000004  c_w.l(libinit2.o)
    0x08000162   0x08000162   0x00000000   Code   RO         2667    .ARM.Collect$$libinit$$0000000A  c_w.l(libinit2.o)
    0x08000162   0x08000162   0x00000000   Code   RO         2669    .ARM.Collect$$libinit$$0000000C  c_w.l(libinit2.o)
    0x08000162   0x08000162   0x00000000   Code   RO         2671    .ARM.Collect$$libinit$$0000000E  c_w.l(libinit2.o)
    0x08000162   0x08000162   0x00000000   Code   RO         2674    .ARM.Collect$$libinit$$00000011  c_w.l(libinit2.o)
    0x08000162   0x08000162   0x00000000   Code   RO         2676    .ARM.Collect$$libinit$$00000013  c_w.l(libinit2.o)
    0x08000162   0x08000162   0x00000000   Code   RO         2678    .ARM.Collect$$libinit$$00000015  c_w.l(libinit2.o)
    0x08000162   0x08000162   0x00000000   Code   RO         2680    .ARM.Collect$$libinit$$00000017  c_w.l(libinit2.o)
    0x08000162   0x08000162   0x00000000   Code   RO         2682    .ARM.Collect$$libinit$$00000019  c_w.l(libinit2.o)
    0x08000162   0x08000162   0x00000000   Code   RO         2684    .ARM.Collect$$libinit$$0000001B  c_w.l(libinit2.o)
    0x08000162   0x08000162   0x00000000   Code   RO         2686    .ARM.Collect$$libinit$$0000001D  c_w.l(libinit2.o)
    0x08000162   0x08000162   0x00000000   Code   RO         2688    .ARM.Collect$$libinit$$0000001F  c_w.l(libinit2.o)
    0x08000162   0x08000162   0x00000000   Code   RO         2690    .ARM.Collect$$libinit$$00000021  c_w.l(libinit2.o)
    0x08000162   0x08000162   0x00000000   Code   RO         2692    .ARM.Collect$$libinit$$00000023  c_w.l(libinit2.o)
    0x08000162   0x08000162   0x00000000   Code   RO         2694    .ARM.Collect$$libinit$$00000025  c_w.l(libinit2.o)
    0x08000162   0x08000162   0x00000000   Code   RO         2698    .ARM.Collect$$libinit$$0000002C  c_w.l(libinit2.o)
    0x08000162   0x08000162   0x00000000   Code   RO         2700    .ARM.Collect$$libinit$$0000002E  c_w.l(libinit2.o)
    0x08000162   0x08000162   0x00000000   Code   RO         2702    .ARM.Collect$$libinit$$00000030  c_w.l(libinit2.o)
    0x08000162   0x08000162   0x00000000   Code   RO         2704    .ARM.Collect$$libinit$$00000032  c_w.l(libinit2.o)
    0x08000162   0x08000162   0x00000002   Code   RO         2705    .ARM.Collect$$libinit$$00000033  c_w.l(libinit2.o)
    0x08000164   0x08000164   0x00000002   Code   RO         2725    .ARM.Collect$$libshutdown$$00000000  c_w.l(libshutdown.o)
    0x08000166   0x08000166   0x00000000   Code   RO         2738    .ARM.Collect$$libshutdown$$00000002  c_w.l(libshutdown2.o)
    0x08000166   0x08000166   0x00000000   Code   RO         2740    .ARM.Collect$$libshutdown$$00000004  c_w.l(libshutdown2.o)
    0x08000166   0x08000166   0x00000000   Code   RO         2743    .ARM.Collect$$libshutdown$$00000007  c_w.l(libshutdown2.o)
    0x08000166   0x08000166   0x00000000   Code   RO         2746    .ARM.Collect$$libshutdown$$0000000A  c_w.l(libshutdown2.o)
    0x08000166   0x08000166   0x00000000   Code   RO         2748    .ARM.Collect$$libshutdown$$0000000C  c_w.l(libshutdown2.o)
    0x08000166   0x08000166   0x00000000   Code   RO         2751    .ARM.Collect$$libshutdown$$0000000F  c_w.l(libshutdown2.o)
    0x08000166   0x08000166   0x00000002   Code   RO         2752    .ARM.Collect$$libshutdown$$00000010  c_w.l(libshutdown2.o)
    0x08000168   0x08000168   0x00000000   Code   RO         2598    .ARM.Collect$$rtentry$$00000000  c_w.l(__rtentry.o)
    0x08000168   0x08000168   0x00000000   Code   RO         2619    .ARM.Collect$$rtentry$$00000002  c_w.l(__rtentry2.o)
    0x08000168   0x08000168   0x00000006   Code   RO         2631    .ARM.Collect$$rtentry$$00000004  c_w.l(__rtentry4.o)
    0x0800016e   0x0800016e   0x00000000   Code   RO         2621    .ARM.Collect$$rtentry$$00000009  c_w.l(__rtentry2.o)
    0x0800016e   0x0800016e   0x00000004   Code   RO         2622    .ARM.Collect$$rtentry$$0000000A  c_w.l(__rtentry2.o)
    0x08000172   0x08000172   0x00000000   Code   RO         2624    .ARM.Collect$$rtentry$$0000000C  c_w.l(__rtentry2.o)
    0x08000172   0x08000172   0x00000008   Code   RO         2625    .ARM.Collect$$rtentry$$0000000D  c_w.l(__rtentry2.o)
    0x0800017a   0x0800017a   0x00000002   Code   RO         2659    .ARM.Collect$$rtexit$$00000000  c_w.l(rtexit.o)
    0x0800017c   0x0800017c   0x00000000   Code   RO         2707    .ARM.Collect$$rtexit$$00000002  c_w.l(rtexit2.o)
    0x0800017c   0x0800017c   0x00000004   Code   RO         2708    .ARM.Collect$$rtexit$$00000003  c_w.l(rtexit2.o)
    0x08000180   0x08000180   0x00000006   Code   RO         2709    .ARM.Collect$$rtexit$$00000004  c_w.l(rtexit2.o)
    0x08000186   0x08000186   0x00000002   PAD
    0x08000188   0x08000188   0x00000040   Code   RO            4    .text               startup_stm32f10x_md.o
    0x080001c8   0x080001c8   0x00000006   Code   RO         2594    .text               c_w.l(heapauxi.o)
    0x080001ce   0x080001ce   0x00000002   PAD
    0x080001d0   0x080001d0   0x00000008   Code   RO         2615    .text               c_w.l(libspace.o)
    0x080001d8   0x080001d8   0x0000004a   Code   RO         2639    .text               c_w.l(sys_stackheap_outer.o)
    0x08000222   0x08000222   0x00000012   Code   RO         2651    .text               c_w.l(exit.o)
    0x08000234   0x08000234   0x0000000c   Code   RO         2717    .text               c_w.l(sys_exit.o)
    0x08000240   0x08000240   0x00000002   Code   RO         2728    .text               c_w.l(use_no_semi.o)
    0x08000242   0x08000242   0x00000000   Code   RO         2730    .text               c_w.l(indicate_semi.o)
    0x08000242   0x08000242   0x00000016   Code   RO         1318    i.ADC_Cmd           stm32f10x_adc.o
    0x08000258   0x08000258   0x00000016   Code   RO         1319    i.ADC_DMACmd        stm32f10x_adc.o
    0x0800026e   0x0800026e   0x00000014   Code   RO         1326    i.ADC_GetCalibrationStatus  stm32f10x_adc.o
    0x08000282   0x08000282   0x00000014   Code   RO         1332    i.ADC_GetResetCalibrationStatus  stm32f10x_adc.o
    0x08000296   0x08000296   0x00000002   PAD
    0x08000298   0x08000298   0x00000050   Code   RO         1336    i.ADC_Init          stm32f10x_adc.o
    0x080002e8   0x080002e8   0x000000b8   Code   RO         1340    i.ADC_RegularChannelConfig  stm32f10x_adc.o
    0x080003a0   0x080003a0   0x0000000a   Code   RO         1341    i.ADC_ResetCalibration  stm32f10x_adc.o
    0x080003aa   0x080003aa   0x00000016   Code   RO         1343    i.ADC_SoftwareStartConvCmd  stm32f10x_adc.o
    0x080003c0   0x080003c0   0x0000000a   Code   RO         1345    i.ADC_StartCalibration  stm32f10x_adc.o
    0x080003ca   0x080003ca   0x00000002   PAD
    0x080003cc   0x080003cc   0x0000005c   Code   RO         2144    i.CloseDoor         user_control.o
    0x08000428   0x08000428   0x00000018   Code   RO         1539    i.DMA_Cmd           stm32f10x_dma.o
    0x08000440   0x08000440   0x0000003c   Code   RO         1545    i.DMA_Init          stm32f10x_dma.o
    0x0800047c   0x0800047c   0x00000068   Code   RO         1851    i.DelayInit         delay.o
    0x080004e4   0x080004e4   0x00000018   Code   RO         1852    i.DelayMs           delay.o
    0x080004fc   0x080004fc   0x00000014   Code   RO         1853    i.DelayUs           delay.o
    0x08000510   0x08000510   0x0000009c   Code   RO         2152    i.DisplayMenu       user_control.o
    0x080005ac   0x080005ac   0x00000116   Code   RO          126    i.GPIO_Init         stm32f10x_gpio.o
    0x080006c2   0x080006c2   0x00000002   PAD
    0x080006c4   0x080006c4   0x00000070   Code   RO           80    i.NVIC_Init         misc.o
    0x08000734   0x08000734   0x00000070   Code   RO         2155    i.OpenDoor          user_control.o
    0x080007a4   0x080007a4   0x00000018   Code   RO          234    i.RCC_ADCCLKConfig  stm32f10x_rcc.o
    0x080007bc   0x080007bc   0x00000020   Code   RO          235    i.RCC_AHBPeriphClockCmd  stm32f10x_rcc.o
    0x080007dc   0x080007dc   0x00000020   Code   RO          236    i.RCC_APB1PeriphClockCmd  stm32f10x_rcc.o
    0x080007fc   0x080007fc   0x00000020   Code   RO          238    i.RCC_APB2PeriphClockCmd  stm32f10x_rcc.o
    0x0800081c   0x0800081c   0x000000d4   Code   RO          246    i.RCC_GetClocksFreq  stm32f10x_rcc.o
    0x080008f0   0x080008f0   0x00000012   Code   RO         2110    i.SC_bit            user_gpio.o
    0x08000902   0x08000902   0x00000002   PAD
    0x08000904   0x08000904   0x00000038   Code   RO         1920    i.SPI2_ReadWrite    tm_stm32f10x_mfrc522.o
    0x0800093c   0x0800093c   0x00000018   Code   RO          439    i.SPI_Cmd           stm32f10x_spi.o
    0x08000954   0x08000954   0x00000012   Code   RO          447    i.SPI_I2S_GetFlagStatus  stm32f10x_spi.o
    0x08000966   0x08000966   0x00000006   Code   RO          450    i.SPI_I2S_ReceiveData  stm32f10x_spi.o
    0x0800096c   0x0800096c   0x00000004   Code   RO          451    i.SPI_I2S_SendData  stm32f10x_spi.o
    0x08000970   0x08000970   0x0000003c   Code   RO          452    i.SPI_Init          stm32f10x_spi.o
    0x080009ac   0x080009ac   0x00000008   Code   RO           24    i.SetSysClock       system_stm32f10x.o
    0x080009b4   0x080009b4   0x000000e0   Code   RO           25    i.SetSysClockTo72   system_stm32f10x.o
    0x08000a94   0x08000a94   0x00000018   Code   RO         1854    i.SysTick_Handler   delay.o
    0x08000aac   0x08000aac   0x000000a4   Code   RO           26    i.SystemCoreClockUpdate  system_stm32f10x.o
    0x08000b50   0x08000b50   0x00000060   Code   RO           27    i.SystemInit        system_stm32f10x.o
    0x08000bb0   0x08000bb0   0x00000018   Code   RO          765    i.TIM_ARRPreloadConfig  stm32f10x_tim.o
    0x08000bc8   0x08000bc8   0x00000018   Code   RO          777    i.TIM_Cmd           stm32f10x_tim.o
    0x08000be0   0x08000be0   0x000000a0   Code   RO          816    i.TIM_OC3Init       stm32f10x_tim.o
    0x08000c80   0x08000c80   0x00000012   Code   RO          819    i.TIM_OC3PreloadConfig  stm32f10x_tim.o
    0x08000c92   0x08000c92   0x00000002   PAD
    0x08000c94   0x08000c94   0x000000a4   Code   RO          848    i.TIM_TimeBaseInit  stm32f10x_tim.o
    0x08000d38   0x08000d38   0x0000001a   Code   RO         1922    i.TM_MFRC522_AntennaOn  tm_stm32f10x_mfrc522.o
    0x08000d52   0x08000d52   0x00000048   Code   RO         1930    i.TM_MFRC522_Init   tm_stm32f10x_mfrc522.o
    0x08000d9a   0x08000d9a   0x00000002   PAD
    0x08000d9c   0x08000d9c   0x000000a8   Code   RO         1931    i.TM_MFRC522_InitPins  tm_stm32f10x_mfrc522.o
    0x08000e44   0x08000e44   0x00000034   Code   RO         1933    i.TM_MFRC522_ReadRegister  tm_stm32f10x_mfrc522.o
    0x08000e78   0x08000e78   0x0000000c   Code   RO         1935    i.TM_MFRC522_Reset  tm_stm32f10x_mfrc522.o
    0x08000e84   0x08000e84   0x0000001a   Code   RO         1937    i.TM_MFRC522_SetBitMask  tm_stm32f10x_mfrc522.o
    0x08000e9e   0x08000e9e   0x00000002   PAD
    0x08000ea0   0x08000ea0   0x00000030   Code   RO         1940    i.TM_MFRC522_WriteRegister  tm_stm32f10x_mfrc522.o
    0x08000ed0   0x08000ed0   0x00000024   Code   RO         2170    i.Turn_buzz         user_control.o
    0x08000ef4   0x08000ef4   0x00000024   Code   RO         2171    i.Turn_led_close    user_control.o
    0x08000f18   0x08000f18   0x00000024   Code   RO         2172    i.Turn_led_open     user_control.o
    0x08000f3c   0x08000f3c   0x000000f4   Code   RO         2173    i.USART2_IRQHandler  user_control.o
    0x08001030   0x08001030   0x00000018   Code   RO          585    i.USART_Cmd         stm32f10x_usart.o
    0x08001048   0x08001048   0x0000001a   Code   RO          588    i.USART_GetFlagStatus  stm32f10x_usart.o
    0x08001062   0x08001062   0x00000054   Code   RO          589    i.USART_GetITStatus  stm32f10x_usart.o
    0x080010b6   0x080010b6   0x0000004a   Code   RO          591    i.USART_ITConfig    stm32f10x_usart.o
    0x08001100   0x08001100   0x000000d8   Code   RO          592    i.USART_Init        stm32f10x_usart.o
    0x080011d8   0x080011d8   0x0000000a   Code   RO          599    i.USART_ReceiveData  stm32f10x_usart.o
    0x080011e2   0x080011e2   0x00000008   Code   RO          602    i.USART_SendData    stm32f10x_usart.o
    0x080011ea   0x080011ea   0x00000014   Code   RO         2174    i.Updata_Data_From_PAGE0  user_control.o
    0x080011fe   0x080011fe   0x00000002   PAD
    0x08001200   0x08001200   0x00000014   Code   RO         2175    i.Updata_EmerFlag   user_control.o
    0x08001214   0x08001214   0x00000014   Code   RO         2176    i.Updata_NbrID      user_control.o
    0x08001228   0x08001228   0x00000014   Code   RO         2177    i.Updata_OneTouchMode  user_control.o
    0x0800123c   0x0800123c   0x00000024   Code   RO         2178    i.Updata_Password   user_control.o
    0x08001260   0x08001260   0x0000001c   Code   RO         2052    i.User_ADC_DMA_GPIO_Configuration  user_adc_dma.o
    0x0800127c   0x0800127c   0x000000e0   Code   RO         2053    i.User_ADC_DMA_Init  user_adc_dma.o
    0x0800135c   0x0800135c   0x0000001e   Code   RO         2054    i.User_ADC_DMA_RCC_Configuration  user_adc_dma.o
    0x0800137a   0x0800137a   0x00000002   PAD
    0x0800137c   0x0800137c   0x00000014   Code   RO         2084    i.User_FLASH_Read   user_flash.o
    0x08001390   0x08001390   0x00000068   Code   RO         2111    i.User_GPIO_Init    user_gpio.o
    0x080013f8   0x080013f8   0x00000024   Code   RO         1887    i.User_TIM_GPIO_Configuration  user_tim.o
    0x0800141c   0x0800141c   0x00000024   Code   RO         1888    i.User_TIM_Handle   user_tim.o
    0x08001440   0x08001440   0x0000008c   Code   RO         1889    i.User_TIM_Init     user_tim.o
    0x080014cc   0x080014cc   0x00000014   Code   RO         1890    i.User_TIM_RCC_Configuration  user_tim.o
    0x080014e0   0x080014e0   0x00000038   Code   RO         2458    i.User_USART2_GPIO_Configuration  user_usart2.o
    0x08001518   0x08001518   0x00000048   Code   RO         2459    i.User_USART2_Init  user_usart2.o
    0x08001560   0x08001560   0x00000020   Code   RO         2460    i.User_USART2_NVIC_Configuration  user_usart2.o
    0x08001580   0x08001580   0x00000014   Code   RO         2461    i.User_USART2_RCC_Configuration  user_usart2.o
    0x08001594   0x08001594   0x00000010   Code   RO         2462    i.User_USART2_ReceiveChar  user_usart2.o
    0x080015a4   0x080015a4   0x00000020   Code   RO         2465    i.User_USART2_SendChar  user_usart2.o
    0x080015c4   0x080015c4   0x0000001a   Code   RO         2466    i.User_USART2_SendSchar  user_usart2.o
    0x080015de   0x080015de   0x00000062   Code   RO         1789    i.main              main.o
    0x08001640   0x08001640   0x00000020   Data   RO         2783    Region$$Table       anon$$obj.o


    Execution Region RW_IRAM1 (Exec base: 0x20000000, Load base: 0x08001660, Size: 0x00000988, Max: 0x00005000, ABSOLUTE)

    Exec Addr    Load Addr    Size         Type   Attr      Idx    E Section Name        Object

    0x20000000   0x08001660   0x00000014   Data   RW           28    .data               system_stm32f10x.o
    0x20000014   0x08001674   0x00000014   Data   RW          266    .data               stm32f10x_rcc.o
    0x20000028   0x08001688   0x00000004   Data   RW         1855    .data               delay.o
    0x2000002c   0x0800168c   0x00000002   Data   RW         1892    .data               user_tim.o
    0x2000002e   0x0800168e   0x00000002   Data   RW         2056    .data               user_adc_dma.o
    0x20000030   0x08001690   0x00000004   Data   RW         2086    .data               user_flash.o
    0x20000034   0x08001694   0x00000004   Data   RW         2112    .data               user_gpio.o
    0x20000038   0x08001698   0x0000002a   Data   RW         2186    .data               user_control.o
    0x20000062   0x080016c2   0x00000002   PAD
    0x20000064        -       0x0000001a   Zero   RW         1891    .bss                user_tim.o
    0x2000007e   0x080016c2   0x00000002   PAD
    0x20000080        -       0x00000040   Zero   RW         2055    .bss                user_adc_dma.o
    0x200000c0        -       0x00000258   Zero   RW         2185    .bss                user_control.o
    0x20000318        -       0x00000010   Zero   RW         2468    .bss                user_usart2.o
    0x20000328        -       0x00000060   Zero   RW         2616    .bss                c_w.l(libspace.o)
    0x20000388        -       0x00000200   Zero   RW            2    HEAP                startup_stm32f10x_md.o
    0x20000588        -       0x00000400   Zero   RW            1    STACK               startup_stm32f10x_md.o


==============================================================================

Image component sizes


      Code (inc. data)   RO Data    RW Data    ZI Data      Debug   Object Name

         0          0          0          0          0       4556   core_cm3.o
       172         28          0          4          0      17405   delay.o
        98          0          0          0          0       1143   main.o
       112         12          0          0          0        988   misc.o
        64         26        236          0       1536        800   startup_stm32f10x_md.o
       390         10          0          0          0      15801   stm32f10x_adc.o
        84          0          0          0          0      12441   stm32f10x_dma.o
       278          0          0          0          0       1932   stm32f10x_gpio.o
       332         44          0         20          0       5201   stm32f10x_rcc.o
       112          0          0          0          0      10382   stm32f10x_spi.o
       390         52          0          0          0      23585   stm32f10x_tim.o
       442          6          0          0          0       5741   stm32f10x_usart.o
       492         50          0         20          0     228917   system_stm32f10x.o
       460         26          0          0          0       4196   tm_stm32f10x_mfrc522.o
       282         26          0          2         64       2143   user_adc_dma.o
       828        236          0         42        600      12532   user_control.o
        20          4          0          4          0        666   user_flash.o
       122         14          0          4          0       1498   user_gpio.o
       232         38          0          2         26       2061   user_tim.o
       254         24          0          0         16       3633   user_usart2.o

    ----------------------------------------------------------------------
      5182        596        268        100       2244     355621   Object Totals
         0          0         32          0          0          0   (incl. Generated)
        18          0          0          2          2          0   (incl. Padding)

    ----------------------------------------------------------------------

      Code (inc. data)   RO Data    RW Data    ZI Data      Debug   Library Member Name

         8          0          0          0          0         68   __main.o
         0          0          0          0          0          0   __rtentry.o
        12          0          0          0          0          0   __rtentry2.o
         6          0          0          0          0          0   __rtentry4.o
        52          8          0          0          0          0   __scatter.o
        26          0          0          0          0          0   __scatter_copy.o
        28          0          0          0          0          0   __scatter_zi.o
        18          0          0          0          0         80   exit.o
         6          0          0          0          0        152   heapauxi.o
         0          0          0          0          0          0   indicate_semi.o
         2          0          0          0          0          0   libinit.o
         2          0          0          0          0          0   libinit2.o
         2          0          0          0          0          0   libshutdown.o
         2          0          0          0          0          0   libshutdown2.o
         8          4          0          0         96         68   libspace.o
         2          0          0          0          0          0   rtexit.o
        10          0          0          0          0          0   rtexit2.o
        12          4          0          0          0         68   sys_exit.o
        74          0          0          0          0         80   sys_stackheap_outer.o
         2          0          0          0          0         68   use_no_semi.o

    ----------------------------------------------------------------------
       278         16          0          0         96        584   Library Totals
         6          0          0          0          0          0   (incl. Padding)

    ----------------------------------------------------------------------

      Code (inc. data)   RO Data    RW Data    ZI Data      Debug   Library Name

       272         16          0          0         96        584   c_w.l

    ----------------------------------------------------------------------
       278         16          0          0         96        584   Library Totals

    ----------------------------------------------------------------------

==============================================================================


      Code (inc. data)   RO Data    RW Data    ZI Data      Debug   

      5460        612        268        100       2340     351989   Grand Totals
      5460        612        268        100       2340     351989   ELF Image Totals
      5460        612        268        100          0          0   ROM Totals

==============================================================================

    Total RO  Size (Code + RO Data)                 5728 (   5.59kB)
    Total RW  Size (RW Data + ZI Data)              2440 (   2.38kB)
    Total ROM Size (Code + RO Data + RW Data)       5828 (   5.69kB)

==============================================================================

