Component: ARM Compiler 5.06 update 6 (build 750) Tool: armlink [4d35ed]

==============================================================================

Section Cross References

    startup_stm32f10x_md.o(STACK) refers (Special) to heapauxi.o(.text) for __use_two_region_memory
    startup_stm32f10x_md.o(HEAP) refers (Special) to heapauxi.o(.text) for __use_two_region_memory
    startup_stm32f10x_md.o(RESET) refers (Special) to heapauxi.o(.text) for __use_two_region_memory
    startup_stm32f10x_md.o(RESET) refers to startup_stm32f10x_md.o(STACK) for __initial_sp
    startup_stm32f10x_md.o(RESET) refers to startup_stm32f10x_md.o(.text) for Reset_Handler
    startup_stm32f10x_md.o(RESET) refers to delay.o(i.SysTick_Handler) for SysTick_Handler
    startup_stm32f10x_md.o(RESET) refers to user_control.o(i.USART2_IRQHandler) for USART2_IRQHandler
    startup_stm32f10x_md.o(.text) refers (Special) to heapauxi.o(.text) for __use_two_region_memory
    startup_stm32f10x_md.o(.text) refers to system_stm32f10x.o(i.SystemInit) for SystemInit
    startup_stm32f10x_md.o(.text) refers to __main.o(!!!main) for __main
    startup_stm32f10x_md.o(.text) refers to startup_stm32f10x_md.o(HEAP) for Heap_Mem
    startup_stm32f10x_md.o(.text) refers to startup_stm32f10x_md.o(STACK) for Stack_Mem
    system_stm32f10x.o(i.SetSysClock) refers to system_stm32f10x.o(i.SetSysClockTo72) for SetSysClockTo72
    system_stm32f10x.o(i.SystemCoreClockUpdate) refers to system_stm32f10x.o(.data) for SystemCoreClock
    system_stm32f10x.o(i.SystemInit) refers to system_stm32f10x.o(i.SetSysClock) for SetSysClock
    stm32f10x_gpio.o(i.GPIO_AFIODeInit) refers to stm32f10x_rcc.o(i.RCC_APB2PeriphResetCmd) for RCC_APB2PeriphResetCmd
    stm32f10x_gpio.o(i.GPIO_DeInit) refers to stm32f10x_rcc.o(i.RCC_APB2PeriphResetCmd) for RCC_APB2PeriphResetCmd
    stm32f10x_rcc.o(i.RCC_GetClocksFreq) refers to stm32f10x_rcc.o(.data) for APBAHBPrescTable
    stm32f10x_rcc.o(i.RCC_WaitForHSEStartUp) refers to stm32f10x_rcc.o(i.RCC_GetFlagStatus) for RCC_GetFlagStatus
    stm32f10x_spi.o(i.I2S_Init) refers to stm32f10x_rcc.o(i.RCC_GetClocksFreq) for RCC_GetClocksFreq
    stm32f10x_spi.o(i.SPI_I2S_DeInit) refers to stm32f10x_rcc.o(i.RCC_APB2PeriphResetCmd) for RCC_APB2PeriphResetCmd
    stm32f10x_spi.o(i.SPI_I2S_DeInit) refers to stm32f10x_rcc.o(i.RCC_APB1PeriphResetCmd) for RCC_APB1PeriphResetCmd
    stm32f10x_usart.o(i.USART_DeInit) refers to stm32f10x_rcc.o(i.RCC_APB2PeriphResetCmd) for RCC_APB2PeriphResetCmd
    stm32f10x_usart.o(i.USART_DeInit) refers to stm32f10x_rcc.o(i.RCC_APB1PeriphResetCmd) for RCC_APB1PeriphResetCmd
    stm32f10x_usart.o(i.USART_Init) refers to stm32f10x_rcc.o(i.RCC_GetClocksFreq) for RCC_GetClocksFreq
    stm32f10x_tim.o(i.TIM_DeInit) refers to stm32f10x_rcc.o(i.RCC_APB2PeriphResetCmd) for RCC_APB2PeriphResetCmd
    stm32f10x_tim.o(i.TIM_DeInit) refers to stm32f10x_rcc.o(i.RCC_APB1PeriphResetCmd) for RCC_APB1PeriphResetCmd
    stm32f10x_tim.o(i.TIM_ETRClockMode1Config) refers to stm32f10x_tim.o(i.TIM_ETRConfig) for TIM_ETRConfig
    stm32f10x_tim.o(i.TIM_ETRClockMode2Config) refers to stm32f10x_tim.o(i.TIM_ETRConfig) for TIM_ETRConfig
    stm32f10x_tim.o(i.TIM_ICInit) refers to stm32f10x_tim.o(i.TI1_Config) for TI1_Config
    stm32f10x_tim.o(i.TIM_ICInit) refers to stm32f10x_tim.o(i.TIM_SetIC1Prescaler) for TIM_SetIC1Prescaler
    stm32f10x_tim.o(i.TIM_ICInit) refers to stm32f10x_tim.o(i.TI2_Config) for TI2_Config
    stm32f10x_tim.o(i.TIM_ICInit) refers to stm32f10x_tim.o(i.TIM_SetIC2Prescaler) for TIM_SetIC2Prescaler
    stm32f10x_tim.o(i.TIM_ICInit) refers to stm32f10x_tim.o(i.TI3_Config) for TI3_Config
    stm32f10x_tim.o(i.TIM_ICInit) refers to stm32f10x_tim.o(i.TIM_SetIC3Prescaler) for TIM_SetIC3Prescaler
    stm32f10x_tim.o(i.TIM_ICInit) refers to stm32f10x_tim.o(i.TI4_Config) for TI4_Config
    stm32f10x_tim.o(i.TIM_ICInit) refers to stm32f10x_tim.o(i.TIM_SetIC4Prescaler) for TIM_SetIC4Prescaler
    stm32f10x_tim.o(i.TIM_ITRxExternalClockConfig) refers to stm32f10x_tim.o(i.TIM_SelectInputTrigger) for TIM_SelectInputTrigger
    stm32f10x_tim.o(i.TIM_PWMIConfig) refers to stm32f10x_tim.o(i.TI1_Config) for TI1_Config
    stm32f10x_tim.o(i.TIM_PWMIConfig) refers to stm32f10x_tim.o(i.TIM_SetIC1Prescaler) for TIM_SetIC1Prescaler
    stm32f10x_tim.o(i.TIM_PWMIConfig) refers to stm32f10x_tim.o(i.TI2_Config) for TI2_Config
    stm32f10x_tim.o(i.TIM_PWMIConfig) refers to stm32f10x_tim.o(i.TIM_SetIC2Prescaler) for TIM_SetIC2Prescaler
    stm32f10x_tim.o(i.TIM_TIxExternalClockConfig) refers to stm32f10x_tim.o(i.TI2_Config) for TI2_Config
    stm32f10x_tim.o(i.TIM_TIxExternalClockConfig) refers to stm32f10x_tim.o(i.TI1_Config) for TI1_Config
    stm32f10x_tim.o(i.TIM_TIxExternalClockConfig) refers to stm32f10x_tim.o(i.TIM_SelectInputTrigger) for TIM_SelectInputTrigger
    stm32f10x_adc.o(i.ADC_DeInit) refers to stm32f10x_rcc.o(i.RCC_APB2PeriphResetCmd) for RCC_APB2PeriphResetCmd
[...]
    .ARM.Collect$$_printf_percent$$00000014  0x0800016c   Section        6  _printf_s.o(.ARM.Collect$$_printf_percent$$00000014)
    .ARM.Collect$$_printf_percent$$00000017  0x08000172   Section        4  _printf_percent_end.o(.ARM.Collect$$_printf_percent$$00000017)
    .ARM.Collect$$libinit$$00000000          0x08000176   Section        2  libinit.o(.ARM.Collect$$libinit$$00000000)
    .ARM.Collect$$libinit$$00000002          0x08000178   Section        0  libinit2.o(.ARM.Collect$$libinit$$00000002)
    .ARM.Collect$$libinit$$00000004          0x08000178   Section        0  libinit2.o(.ARM.Collect$$libinit$$00000004)
    .ARM.Collect$$libinit$$0000000A          0x08000178   Section        0  libinit2.o(.ARM.Collect$$libinit$$0000000A)
    .ARM.Collect$$libinit$$0000000C          0x08000178   Section        0  libinit2.o(.ARM.Collect$$libinit$$0000000C)
    .ARM.Collect$$libinit$$0000000E          0x08000178   Section        0  libinit2.o(.ARM.Collect$$libinit$$0000000E)
    .ARM.Collect$$libinit$$0000000F          0x08000178   Section        6  libinit2.o(.ARM.Collect$$libinit$$0000000F)
    .ARM.Collect$$libinit$$00000011          0x0800017e   Section        0  libinit2.o(.ARM.Collect$$libinit$$00000011)
    .ARM.Collect$$libinit$$00000012          0x0800017e   Section       12  libinit2.o(.ARM.Collect$$libinit$$00000012)
    .ARM.Collect$$libinit$$00000013          0x0800018a   Section        0  libinit2.o(.ARM.Collect$$libinit$$00000013)
    .ARM.Collect$$libinit$$00000015          0x0800018a   Section        0  libinit2.o(.ARM.Collect$$libinit$$00000015)
    .ARM.Collect$$libinit$$00000017          0x0800018a   Section        0  libinit2.o(.ARM.Collect$$libinit$$00000017)
    .ARM.Collect$$libinit$$00000019          0x0800018a   Section        0  libinit2.o(.ARM.Collect$$libinit$$00000019)
    .ARM.Collect$$libinit$$0000001B          0x0800018a   Section        0  libinit2.o(.ARM.Collect$$libinit$$0000001B)
    .ARM.Collect$$libinit$$0000001D          0x0800018a   Section        0  libinit2.o(.ARM.Collect$$libinit$$0000001D)
    .ARM.Collect$$libinit$$0000001F          0x0800018a   Section        0  libinit2.o(.ARM.Collect$$libinit$$0000001F)
    .ARM.Collect$$libinit$$00000021          0x0800018a   Section        0  libinit2.o(.ARM.Collect$$libinit$$00000021)
    .ARM.Collect$$libinit$$00000023          0x0800018a   Section        0  libinit2.o(.ARM.Collect$$libinit$$00000023)
    .ARM.Collect$$libinit$$00000025          0x0800018a   Section        0  libinit2.o(.ARM.Collect$$libinit$$00000025)
    .ARM.Collect$$libinit$$0000002C          0x0800018a   Section        0  libinit2.o(.ARM.Collect$$libinit$$0000002C)
    .ARM.Collect$$libinit$$0000002E          0x0800018a   Section        0  libinit2.o(.ARM.Collect$$libinit$$0000002E)
    .ARM.Collect$$libinit$$00000030          0x0800018a   Section        0  libinit2.o(.ARM.Collect$$libinit$$00000030)
    .ARM.Collect$$libinit$$00000032          0x0800018a   Section        0  libinit2.o(.ARM.Collect$$libinit$$00000032)
    .ARM.Collect$$libinit$$00000033          0x0800018a   Section        2  libinit2.o(.ARM.Collect$$libinit$$00000033)
    .ARM.Collect$$libshutdown$$00000000      0x0800018c   Section        2  libshutdown.o(.ARM.Collect$$libshutdown$$00000000)
    .ARM.Collect$$libshutdown$$00000002      0x0800018e   Section        0  libshutdown2.o(.ARM.Collect$$libshutdown$$00000002)
    .ARM.Collect$$libshutdown$$00000004      0x0800018e   Section        0  libshutdown2.o(.ARM.Collect$$libshutdown$$00000004)
    .ARM.Collect$$libshutdown$$00000007      0x0800018e   Section        0  libshutdown2.o(.ARM.Collect$$libshutdown$$00000007)
    .ARM.Collect$$libshutdown$$0000000A      0x0800018e   Section        0  libshutdown2.o(.ARM.Collect$$libshutdown$$0000000A)
    .ARM.Collect$$libshutdown$$0000000C      0x0800018e   Section        0  libshutdown2.o(.ARM.Collect$$libshutdown$$0000000C)
    .ARM.Collect$$libshutdown$$0000000F      0x0800018e   Section        0  libshutdown2.o(.ARM.Collect$$libshutdown$$0000000F)
    .ARM.Collect$$libshutdown$$00000010      0x0800018e   Section        2  libshutdown2.o(.ARM.Collect$$libshutdown$$00000010)
    .ARM.Collect$$rtentry$$00000000          0x08000190   Section        0  __rtentry.o(.ARM.Collect$$rtentry$$00000000)
    .ARM.Collect$$rtentry$$00000002          0x08000190   Section        0  __rtentry2.o(.ARM.Collect$$rtentry$$00000002)
    .ARM.Collect$$rtentry$$00000004          0x08000190   Section        6  __rtentry4.o(.ARM.Collect$$rtentry$$00000004)
    .ARM.Collect$$rtentry$$00000009          0x08000196   Section        0  __rtentry2.o(.ARM.Collect$$rtentry$$00000009)
    .ARM.Collect$$rtentry$$0000000A          0x08000196   Section        4  __rtentry2.o(.ARM.Collect$$rtentry$$0000000A)
    .ARM.Collect$$rtentry$$0000000C          0x0800019a   Section        0  __rtentry2.o(.ARM.Collect$$rtentry$$0000000C)
    .ARM.Collect$$rtentry$$0000000D          0x0800019a   Section        8  __rtentry2.o(.ARM.Collect$$rtentry$$0000000D)
    .ARM.Collect$$rtexit$$00000000           0x080001a2   Section        2  rtexit.o(.ARM.Collect$$rtexit$$00000000)
    .ARM.Collect$$rtexit$$00000002           0x080001a4   Section        0  rtexit2.o(.ARM.Collect$$rtexit$$00000002)
    .ARM.Collect$$rtexit$$00000003           0x080001a4   Section        4  rtexit2.o(.ARM.Collect$$rtexit$$00000003)
    .ARM.Collect$$rtexit$$00000004           0x080001a8   Section        6  rtexit2.o(.ARM.Collect$$rtexit$$00000004)
    .text                                    0x080001b0   Section       64  startup_stm32f10x_md.o(.text)
    .text                                    0x080001f0   Section        0  noretval__2sprintf.o(.text)
    .text                                    0x08000218   Section        0  _printf_pad.o(.text)
    .text                                    0x08000266   Section        0  _printf_str.o(.text)
    .text                                    0x080002b8   Section        0  _printf_dec.o(.text)
    .text                                    0x08000330   Section        0  _printf_hex_int.o(.text)
    .text                                    0x08000388   Section        0  __printf_flags_wp.o(.text)
    .text                                    0x080004c0   Section        0  atoi.o(.text)
    .text                                    0x080004dc   Section      128  strcmpv7m.o(.text)
    .text                                    0x0800055c   Section        0  heapauxi.o(.text)
    .text                                    0x08000564   Section        8  rt_errno_addr_intlibspace.o(.text)
    .text                                    0x0800056c   Section        0  _printf_intcommon.o(.text)
    .text                                    0x08000620   Section        0  _printf_char_common.o(.text)
    _printf_input_char                       0x08000621   Thumb Code    10  _printf_char_common.o(.text)
    .text                                    0x08000650   Section        0  _sputc.o(.text)
    .text                                    0x0800065a   Section        0  _printf_char.o(.text)
    .text                                    0x08000686   Section        0  strtol.o(.text)
    .text                                    0x080006f8   Section        8  libspace.o(.text)
    .text                                    0x08000700   Section       16  rt_ctype_table.o(.text)
    .text                                    0x08000710   Section        0  _strtoul.o(.text)
    .text                                    0x080007ae   Section       74  sys_stackheap_outer.o(.text)
    .text                                    0x080007f8   Section        8  rt_locale_intlibspace.o(.text)
    .text                                    0x08000800   Section        0  _chval.o(.text)
    .text                                    0x0800081c   Section        0  exit.o(.text)
    .text                                    0x08000830   Section        0  sys_exit.o(.text)
    .text                                    0x0800083c   Section        2  use_no_semi.o(.text)
    .text                                    0x0800083e   Section        0  indicate_semi.o(.text)
    i.Add_ID                                 0x08000840   Section        0  user_control.o(i.Add_ID)
    i.Add_MSSV                               0x08000948   Section        0  user_control.o(i.Add_MSSV)
    i.Add_Mem_Procedure                      0x08000a50   Section        0  user_control.o(i.Add_Mem_Procedure)
    i.Add_Name                               0x08000bb8   Section        0  user_control.o(i.Add_Name)
    i.Add_NewMem                             0x08000cd0   Section        0  user_control.o(i.Add_NewMem)
    i.Alert                                  0x08000d58   Section        0  user_control.o(i.Alert)
    i.ChangePass                             0x08000e9c   Section        0  user_control.o(i.ChangePass)
    i.CheckAlert                             0x0800102c   Section        0  user_control.o(i.CheckAlert)
    i.CheckDoorStatus                        0x08001080   Section        0  user_control.o(i.CheckDoorStatus)
    i.CheckScanedID                          0x08001098   Section        0  user_control.o(i.CheckScanedID)
    i.CloseDoor                              0x080010b0   Section        0  user_control.o(i.CloseDoor)
    i.ComparePassword                        0x0800110c   Section        0  user_control.o(i.ComparePassword)
    i.CompareUintChar                        0x08001134   Section        0  user_control.o(i.CompareUintChar)
    i.ConvertCharToUint16                    0x08001158   Section        0  user_control.o(i.ConvertCharToUint16)
    i.ConvertUint8ToChar                     0x08001184   Section        0  user_control.o(i.ConvertUint8ToChar)
    i.DelayInit                              0x080011ac   Section        0  delay.o(i.DelayInit)
    i.DelayMs                                0x08001214   Section        0  delay.o(i.DelayMs)
    i.DelayUs                                0x0800122c   Section        0  delay.o(i.DelayUs)
    i.DisplayMenu                            0x08001240   Section        0  user_control.o(i.DisplayMenu)
    i.Display_ID                             0x080012dc   Section        0  user_control.o(i.Display_ID)
    i.FLASH_ClearFlag                        0x080013d0   Section        0  stm32f10x_flash.o(i.FLASH_ClearFlag)
    i.FLASH_ErasePage                        0x080013dc   Section        0  stm32f10x_flash.o(i.FLASH_ErasePage)
    i.FLASH_GetBank1Status                   0x08001428   Section        0  stm32f10x_flash.o(i.FLASH_GetBank1Status)
    i.FLASH_Lock                             0x0800145c   Section        0  stm32f10x_flash.o(i.FLASH_Lock)
    i.FLASH_ProgramHalfWord                  0x08001470   Section        0  stm32f10x_flash.o(i.FLASH_ProgramHalfWord)
    i.FLASH_Unlock                           0x080014b0   Section        0  stm32f10x_flash.o(i.FLASH_Unlock)
    i.FLASH_WaitForLastOperation             0x080014c8   Section        0  stm32f10x_flash.o(i.FLASH_WaitForLastOperation)
    i.GPIO_Init                              0x080014ee   Section        0  stm32f10x_gpio.o(i.GPIO_Init)
    i.GPIO_ReadInputDataBit                  0x08001604   Section        0  stm32f10x_gpio.o(i.GPIO_ReadInputDataBit)
    i.NVIC_Init                              0x08001618   Section        0  misc.o(i.NVIC_Init)
    i.OpenDoor                               0x08001688   Section        0  user_control.o(i.OpenDoor)
    i.Pick_ID                                0x080016f8   Section        0  user_control.o(i.Pick_ID)
    i.Pick_MSSV                              0x08001750   Section        0  user_control.o(i.Pick_MSSV)
    i.Pick_Name                              0x080017a0   Section        0  user_control.o(i.Pick_Name)
    i.RCC_APB1PeriphClockCmd                 0x080017f8   Section        0  stm32f10x_rcc.o(i.RCC_APB1PeriphClockCmd)
    i.RCC_APB2PeriphClockCmd                 0x08001818   Section        0  stm32f10x_rcc.o(i.RCC_APB2PeriphClockCmd)
    i.RCC_GetClocksFreq                      0x08001838   Section        0  stm32f10x_rcc.o(i.RCC_GetClocksFreq)
    i.Read_status                            0x0800190c   Section        0  user_gpio.o(i.Read_status)
    i.Remove_ID                              0x0800191c   Section        0  user_control.o(i.Remove_ID)
    i.Remove_MSSV                            0x08001a0c   Section        0  user_control.o(i.Remove_MSSV)
    i.Remove_Mem                             0x08001aec   Section        0  user_control.o(i.Remove_Mem)
    i.Remove_Mem_Procedure                   0x08001b5c   Section        0  user_control.o(i.Remove_Mem_Procedure)
    i.Remove_Name                            0x08001c60   Section        0  user_control.o(i.Remove_Name)
    i.RequirePassword                        0x08001d5c   Section        0  user_control.o(i.RequirePassword)
    i.ResetArr                               0x08001df4   Section        0  user_control.o(i.ResetArr)
    i.SC_bit                                 0x08001e08   Section        0  user_gpio.o(i.SC_bit)
    i.SPI2_ReadWrite                         0x08001e1c   Section        0  tm_stm32f10x_mfrc522.o(i.SPI2_ReadWrite)
    i.SPI_Cmd                                0x08001e54   Section        0  stm32f10x_spi.o(i.SPI_Cmd)
    i.SPI_I2S_GetFlagStatus                  0x08001e6c   Section        0  stm32f10x_spi.o(i.SPI_I2S_GetFlagStatus)
    i.SPI_I2S_ReceiveData                    0x08001e7e   Section        0  stm32f10x_spi.o(i.SPI_I2S_ReceiveData)
    i.SPI_I2S_SendData                       0x08001e84   Section        0  stm32f10x_spi.o(i.SPI_I2S_SendData)
    i.SPI_Init                               0x08001e88   Section        0  stm32f10x_spi.o(i.SPI_Init)
    i.Search_ID                              0x08001ec4   Section        0  user_control.o(i.Search_ID)
    i.SetSysClock                            0x08001f0c   Section        0  system_stm32f10x.o(i.SetSysClock)
    SetSysClock                              0x08001f0d   Thumb Code     8  system_stm32f10x.o(i.SetSysClock)
    i.SetSysClockTo72                        0x08001f14   Section        0  system_stm32f10x.o(i.SetSysClockTo72)
    SetSysClockTo72                          0x08001f15   Thumb Code   214  system_stm32f10x.o(i.SetSysClockTo72)
    i.SysTick_Handler                        0x08001ff4   Section        0  delay.o(i.SysTick_Handler)
    i.SystemCoreClockUpdate                  0x0800200c   Section        0  system_stm32f10x.o(i.SystemCoreClockUpdate)
    i.SystemInit                             0x080020b0   Section        0  system_stm32f10x.o(i.SystemInit)
    i.TIM_ARRPreloadConfig                   0x08002110   Section        0  stm32f10x_tim.o(i.TIM_ARRPreloadConfig)
    i.TIM_Cmd                                0x08002128   Section        0  stm32f10x_tim.o(i.TIM_Cmd)
    i.TIM_OC3Init                            0x08002140   Section        0  stm32f10x_tim.o(i.TIM_OC3Init)
    i.TIM_OC3PreloadConfig                   0x080021e0   Section        0  stm32f10x_tim.o(i.TIM_OC3PreloadConfig)
    i.TIM_TimeBaseInit                       0x080021f4   Section        0  stm32f10x_tim.o(i.TIM_TimeBaseInit)
    i.TM_MFRC522_AntennaOn                   0x08002298   Section        0  tm_stm32f10x_mfrc522.o(i.TM_MFRC522_AntennaOn)
    i.TM_MFRC522_Anticoll                    0x080022b2   Section        0  tm_stm32f10x_mfrc522.o(i.TM_MFRC522_Anticoll)
    i.TM_MFRC522_CalculateCRC                0x080022fc   Section        0  tm_stm32f10x_mfrc522.o(i.TM_MFRC522_CalculateCRC)
    i.TM_MFRC522_Check                       0x08002360   Section        0  tm_stm32f10x_mfrc522.o(i.TM_MFRC522_Check)
    i.TM_MFRC522_ClearBitMask                0x08002380   Section        0  tm_stm32f10x_mfrc522.o(i.TM_MFRC522_ClearBitMask)
    i.TM_MFRC522_Halt                        0x0800239a   Section        0  tm_stm32f10x_mfrc522.o(i.TM_MFRC522_Halt)
    i.TM_MFRC522_Init                        0x080023c6   Section        0  tm_stm32f10x_mfrc522.o(i.TM_MFRC522_Init)
    i.TM_MFRC522_InitPins                    0x08002410   Section        0  tm_stm32f10x_mfrc522.o(i.TM_MFRC522_InitPins)
    i.TM_MFRC522_ReadRegister                0x080024b8   Section        0  tm_stm32f10x_mfrc522.o(i.TM_MFRC522_ReadRegister)
    i.TM_MFRC522_Request                     0x080024ec   Section        0  tm_stm32f10x_mfrc522.o(i.TM_MFRC522_Request)
    i.TM_MFRC522_Reset                       0x0800251e   Section        0  tm_stm32f10x_mfrc522.o(i.TM_MFRC522_Reset)
    i.TM_MFRC522_SetBitMask                  0x0800252a   Section        0  tm_stm32f10x_mfrc522.o(i.TM_MFRC522_SetBitMask)
    i.TM_MFRC522_ToCard                      0x08002544   Section        0  tm_stm32f10x_mfrc522.o(i.TM_MFRC522_ToCard)
    i.TM_MFRC522_WriteRegister               0x08002670   Section        0  tm_stm32f10x_mfrc522.o(i.TM_MFRC522_WriteRegister)
    i.TurnOneTouchMode                       0x080026a0   Section        0  user_control.o(i.TurnOneTouchMode)
    i.Turn_buzz                              0x080027bc   Section        0  user_control.o(i.Turn_buzz)
    i.Turn_led_close                         0x080027e0   Section        0  user_control.o(i.Turn_led_close)
    i.Turn_led_open                          0x08002804   Section        0  user_control.o(i.Turn_led_open)
    i.USART2_IRQHandler                      0x08002828   Section        0  user_control.o(i.USART2_IRQHandler)
    i.USART_Cmd                              0x0800291c   Section        0  stm32f10x_usart.o(i.USART_Cmd)
    i.USART_GetFlagStatus                    0x08002934   Section        0  stm32f10x_usart.o(i.USART_GetFlagStatus)
    i.USART_GetITStatus                      0x0800294e   Section        0  stm32f10x_usart.o(i.USART_GetITStatus)
    i.USART_ITConfig                         0x080029a2   Section        0  stm32f10x_usart.o(i.USART_ITConfig)
    i.USART_Init                             0x080029ec   Section        0  stm32f10x_usart.o(i.USART_Init)
    i.USART_ReceiveData                      0x08002ac4   Section        0  stm32f10x_usart.o(i.USART_ReceiveData)
    i.USART_SendData                         0x08002ace   Section        0  stm32f10x_usart.o(i.USART_SendData)
    i.Updata_Data_From_PAGE0                 0x08002ad6   Section        0  user_control.o(i.Updata_Data_From_PAGE0)
    i.Updata_EmerFlag                        0x08002aec   Section        0  user_control.o(i.Updata_EmerFlag)
    i.Updata_NbrID                           0x08002b00   Section        0  user_control.o(i.Updata_NbrID)
    i.Updata_OneTouchMode                    0x08002b14   Section        0  user_control.o(i.Updata_OneTouchMode)
    i.Updata_Password                        0x08002b28   Section        0  user_control.o(i.Updata_Password)
    i.User_FLASH_Erase                       0x08002b4c   Section        0  user_flash.o(i.User_FLASH_Erase)
    i.User_FLASH_Read                        0x08002b70   Section        0  user_flash.o(i.User_FLASH_Read)
    i.User_FLASH_Write                       0x08002b84   Section        0  user_flash.o(i.User_FLASH_Write)
    i.User_GPIO_Init                         0x08002bac   Section        0  user_gpio.o(i.User_GPIO_Init)
    i.User_TIM_GPIO_Configuration            0x08002c28   Section        0  user_tim.o(i.User_TIM_GPIO_Configuration)
    i.User_TIM_Handle                        0x08002c4c   Section        0  user_tim.o(i.User_TIM_Handle)
    i.User_TIM_Init                          0x08002c70   Section        0  user_tim.o(i.User_TIM_Init)
    i.User_TIM_RCC_Configuration             0x08002cfc   Section        0  user_tim.o(i.User_TIM_RCC_Configuration)
    i.User_USART2_GPIO_Configuration         0x08002d10   Section        0  user_usart2.o(i.User_USART2_GPIO_Configuration)
    i.User_USART2_Init                       0x08002d48   Section        0  user_usart2.o(i.User_USART2_Init)
    i.User_USART2_NVIC_Configuration         0x08002d90   Section        0  user_usart2.o(i.User_USART2_NVIC_Configuration)
    i.User_USART2_RCC_Configuration          0x08002db0   Section        0  user_usart2.o(i.User_USART2_RCC_Configuration)
    i.User_USART2_ReceiveChar                0x08002dc4   Section        0  user_usart2.o(i.User_USART2_ReceiveChar)
    i.User_USART2_ReceiveString              0x08002dd4   Section        0  user_usart2.o(i.User_USART2_ReceiveString)
    i.User_USART2_ReceiveString2             0x08002e70   Section        0  user_usart2.o(i.User_USART2_ReceiveString2)
    i.User_USART2_SendChar                   0x08002ef0   Section        0  user_usart2.o(i.User_USART2_SendChar)
    i.User_USART2_SendSchar                  0x08002f10   Section        0  user_usart2.o(i.User_USART2_SendSchar)
    i.User_USART3_GPIO_Configuration         0x08002f2c   Section        0  user_usart3.o(i.User_USART3_GPIO_Configuration)
    i.User_USART3_Init                       0x08002f68   Section        0  user_usart3.o(i.User_USART3_Init)
    i.User_USART3_RCC_Configuration          0x08002fa0   Section        0  user_usart3.o(i.User_USART3_RCC_Configuration)
    i.Write_EmerFlag                         0x08002fb4   Section        0  user_control.o(i.Write_EmerFlag)
    i.Write_NbrID                            0x08002fc4   Section        0  user_control.o(i.Write_NbrID)
    i.Write_OneTouchMode                     0x08002fd4   Section        0  user_control.o(i.Write_OneTouchMode)
    i.Write_Page0                            0x08002fe4   Section        0  user_control.o(i.Write_Page0)
    i.Write_Password                         0x08003012   Section        0  user_control.o(i.Write_Password)
    i._is_digit                              0x0800304a   Section        0  __printf_wp.o(i._is_digit)
    i.main                                   0x08003058   Section        0  main.o(i.main)
    locale$$code                             0x08003228   Section       44  lc_ctype_c.o(locale$$code)
    .constdata                               0x08003254   Section       40  _printf_hex_int.o(.constdata)
    uc_hextab                                0x08003254   Data          20  _printf_hex_int.o(.constdata)
    lc_hextab                                0x08003268   Data          20  _printf_hex_int.o(.constdata)
    .constdata                               0x0800327c   Section       17  __printf_flags_wp.o(.constdata)
    maptable                                 0x0800327c   Data          17  __printf_flags_wp.o(.constdata)
    locale$$data                             0x080032b0   Section      272  lc_ctype_c.o(locale$$data)
    __lcctype_c_name                         0x080032b4   Data           2  lc_ctype_c.o(locale$$data)
    __lcctype_c_start                        0x080032bc   Data           0  lc_ctype_c.o(locale$$data)
    __lcctype_c_end                          0x080033c0   Data           0  lc_ctype_c.o(locale$$data)
    .data                                    0x20000000   Section       20  system_stm32f10x.o(.data)
    .data                                    0x20000014   Section       20  stm32f10x_rcc.o(.data)
    APBAHBPrescTable                         0x20000014   Data          16  stm32f10x_rcc.o(.data)
    ADCPrescTable                            0x20000024   Data           4  stm32f10x_rcc.o(.data)
    .data                                    0x20000028   Section        4  delay.o(.data)
    usTicks                                  0x20000028   Data           4  delay.o(.data)
    .data                                    0x2000002c   Section        2  user_tim.o(.data)
    PrescalerValue                           0x2000002c   Data           2  user_tim.o(.data)
    .data                                    0x20000030   Section        4  user_flash.o(.data)
    startAddress                             0x20000030   Data           4  user_flash.o(.data)
    .data                                    0x20000034   Section        4  user_gpio.o(.data)
    GPIO_InitStructure                       0x20000034   Data           4  user_gpio.o(.data)
    .data                                    0x20000038   Section       42  user_control.o(.data)
    PrescalerValue                           0x20000038   Data           2  user_control.o(.data)
    startAddress                             0x2000003c   Data           4  user_control.o(.data)
    GPIO_InitStructure                       0x20000040   Data           4  user_control.o(.data)
    TempID                                   0x2000005d   Data           5  user_control.o(.data)
    .bss                                     0x20000064   Section       26  user_tim.o(.bss)
    TIM_TimeBaseStructure                    0x20000064   Data          10  user_tim.o(.bss)
    TIM_OCInitStructure                      0x2000006e   Data          16  user_tim.o(.bss)
    .bss                                     0x2000007e   Section      534  user_control.o(.bss)
    TIM_TimeBaseStructure                    0x2000007e   Data          10  user_control.o(.bss)
    TIM_OCInitStructure                      0x20000088   Data          16  user_control.o(.bss)
    temp                                     0x200001d0   Data          62  user_control.o(.bss)
    temp                                     0x2000020e   Data          31  user_control.o(.bss)
    temp                                     0x2000022d   Data          31  user_control.o(.bss)
    temp                                     0x2000024c   Data          31  user_control.o(.bss)
    temp                                     0x2000026b   Data          31  user_control.o(.bss)
    TempName                                 0x2000028a   Data          10  user_control.o(.bss)
    .bss                                     0x20000294   Section       16  user_usart2.o(.bss)
    .bss                                     0x200002a4   Section      416  user_usart3.o(.bss)
    buff                                     0x200002b4   Data         200  user_usart3.o(.bss)
    buff                                     0x2000037c   Data         200  user_usart3.o(.bss)
    .bss                                     0x20000444   Section       96  libspace.o(.bss)
    HEAP                                     0x200004a8   Section      512  startup_stm32f10x_md.o(HEAP)
    Heap_Mem                                 0x200004a8   Data         512  startup_stm32f10x_md.o(HEAP)
    STACK                                    0x200006a8   Section     1024  startup_stm32f10x_md.o(STACK)
    Stack_Mem                                0x200006a8   Data        1024  startup_stm32f10x_md.o(STACK)
    __initial_sp                             0x20000aa8   Data           0  startup_stm32f10x_md.o(STACK)

    Global Symbols

    Symbol Name                              Value     Ov Type        Size  Object(Section)

    BuildAttributes$$THM_ISAv4$P$D$K$B$S$PE$A:L22UL41UL21$X:L11$S22US41US21$IEEE1$IW$USESV6$~STKCKD$USESV7$~SHL$OSPACE$ROPI$EBA8$UX$STANDARDLIB$REQ8$PRES8$EABIv2 0x00000000   Number         0  anon$$obj.o ABSOLUTE
    __ARM_use_no_argv                        0x00000000   Number         0  main.o ABSOLUTE
    _printf_flags                            0x00000000   Number         0  printf_stubs.o ABSOLUTE
    _printf_return_value                     0x00000000   Number         0  printf_stubs.o ABSOLUTE
    _printf_sizespec                         0x00000000   Number         0  printf_stubs.o ABSOLUTE
    _printf_widthprec                        0x00000000   Number         0  printf_stubs.o ABSOLUTE
    __ARM_exceptions_init                     - Undefined Weak Reference
    __alloca_initialize                       - Undefined Weak Reference
    __arm_preinit_                            - Undefined Weak Reference
    __cpp_initialize__aeabi_                  - Undefined Weak Reference
    __cxa_finalize                            - Undefined Weak Reference
    __sigvec_lookup                           - Undefined Weak Reference
    _atexit_init                              - Undefined Weak Reference
    _call_atexit_fns                          - Undefined Weak Reference
    _clock_init                               - Undefined Weak Reference
    _fp_trap_init                             - Undefined Weak Reference
    _fp_trap_shutdown                         - Undefined Weak Reference
    _get_lc_collate                           - Undefined Weak Reference
    _get_lc_monetary                          - Undefined Weak Reference
    _get_lc_numeric                           - Undefined Weak Reference
    _get_lc_time                              - Undefined Weak Reference
    _getenv_init                              - Undefined Weak Reference
    _handle_redirection                       - Undefined Weak Reference
    _init_alloc                               - Undefined Weak Reference
    _init_user_alloc                          - Undefined Weak Reference
    _initio                                   - Undefined Weak Reference
    _printf_mbtowc                            - Undefined Weak Reference
    _printf_truncate_signed                   - Undefined Weak Reference
    _printf_truncate_unsigned                 - Undefined Weak Reference
    _rand_init                                - Undefined Weak Reference
    _signal_finish                            - Undefined Weak Reference
    _signal_init                              - Undefined Weak Reference
    _terminate_alloc                          - Undefined Weak Reference
    _terminate_user_alloc                     - Undefined Weak Reference
    _terminateio                              - Undefined Weak Reference
    __Vectors_Size                           0x000000ec   Number         0  startup_stm32f10x_md.o ABSOLUTE
    __Vectors                                0x08000000   Data           4  startup_stm32f10x_md.o(RESET)
    __Vectors_End                            0x080000ec   Data           0  startup_stm32f10x_md.o(RESET)
    __main                                   0x080000ed   Thumb Code     8  __main.o(!!!main)
    __scatterload                            0x080000f5   Thumb Code     0  __scatter.o(!!!scatter)
    __scatterload_rt2                        0x080000f5   Thumb Code    44  __scatter.o(!!!scatter)
    __scatterload_rt2_thumb_only             0x080000f5   Thumb Code     0  __scatter.o(!!!scatter)
    __scatterload_null                       0x08000103   Thumb Code     0  __scatter.o(!!!scatter)
    __scatterload_copy                       0x08000129   Thumb Code    26  __scatter_copy.o(!!handler_copy)
    __scatterload_zeroinit                   0x08000145   Thumb Code    28  __scatter_zi.o(!!handler_zi)
    _printf_d                                0x08000161   Thumb Code     0  _printf_d.o(.ARM.Collect$$_printf_percent$$00000009)
    _printf_percent                          0x08000161   Thumb Code     0  _printf_percent.o(.ARM.Collect$$_printf_percent$$00000000)
    _printf_x                                0x08000167   Thumb Code     0  _printf_x.o(.ARM.Collect$$_printf_percent$$0000000C)
    _printf_s                                0x0800016d   Thumb Code     0  _printf_s.o(.ARM.Collect$$_printf_percent$$00000014)
    _printf_percent_end                      0x08000173   Thumb Code     0  _printf_percent_end.o(.ARM.Collect$$_printf_percent$$00000017)
    __rt_lib_init                            0x08000177   Thumb Code     0  libinit.o(.ARM.Collect$$libinit$$00000000)
    __rt_lib_init_fp_1                       0x08000179   Thumb Code     0  libinit2.o(.ARM.Collect$$libinit$$00000002)
    __rt_lib_init_heap_1                     0x08000179   Thumb Code     0  libinit2.o(.ARM.Collect$$libinit$$0000000A)
    __rt_lib_init_lc_common                  0x08000179   Thumb Code     0  libinit2.o(.ARM.Collect$$libinit$$0000000F)
    __rt_lib_init_preinit_1                  0x08000179   Thumb Code     0  libinit2.o(.ARM.Collect$$libinit$$00000004)
    __rt_lib_init_rand_1                     0x08000179   Thumb Code     0  libinit2.o(.ARM.Collect$$libinit$$0000000E)
    __rt_lib_init_user_alloc_1               0x08000179   Thumb Code     0  libinit2.o(.ARM.Collect$$libinit$$0000000C)
    __rt_lib_init_lc_collate_1               0x0800017f   Thumb Code     0  libinit2.o(.ARM.Collect$$libinit$$00000011)
    __rt_lib_init_lc_ctype_2                 0x0800017f   Thumb Code     0  libinit2.o(.ARM.Collect$$libinit$$00000012)
    __rt_lib_init_alloca_1                   0x0800018b   Thumb Code     0  libinit2.o(.ARM.Collect$$libinit$$0000002E)
    __rt_lib_init_argv_1                     0x0800018b   Thumb Code     0  libinit2.o(.ARM.Collect$$libinit$$0000002C)
    __rt_lib_init_atexit_1                   0x0800018b   Thumb Code     0  libinit2.o(.ARM.Collect$$libinit$$0000001B)
    __rt_lib_init_clock_1                    0x0800018b   Thumb Code     0  libinit2.o(.ARM.Collect$$libinit$$00000021)
    __rt_lib_init_cpp_1                      0x0800018b   Thumb Code     0  libinit2.o(.ARM.Collect$$libinit$$00000032)
    __rt_lib_init_exceptions_1               0x0800018b   Thumb Code     0  libinit2.o(.ARM.Collect$$libinit$$00000030)
    __rt_lib_init_fp_trap_1                  0x0800018b   Thumb Code     0  libinit2.o(.ARM.Collect$$libinit$$0000001F)
    __rt_lib_init_getenv_1                   0x0800018b   Thumb Code     0  libinit2.o(.ARM.Collect$$libinit$$00000023)
    __rt_lib_init_lc_ctype_1                 0x0800018b   Thumb Code     0  libinit2.o(.ARM.Collect$$libinit$$00000013)
    __rt_lib_init_lc_monetary_1              0x0800018b   Thumb Code     0  libinit2.o(.ARM.Collect$$libinit$$00000015)
    __rt_lib_init_lc_numeric_1               0x0800018b   Thumb Code     0  libinit2.o(.ARM.Collect$$libinit$$00000017)
    __rt_lib_init_lc_time_1                  0x0800018b   Thumb Code     0  libinit2.o(.ARM.Collect$$libinit$$00000019)
    __rt_lib_init_return                     0x0800018b   Thumb Code     0  libinit2.o(.ARM.Collect$$libinit$$00000033)
    __rt_lib_init_signal_1                   0x0800018b   Thumb Code     0  libinit2.o(.ARM.Collect$$libinit$$0000001D)
    __rt_lib_init_stdio_1                    0x0800018b   Thumb Code     0  libinit2.o(.ARM.Collect$$libinit$$00000025)
    __rt_lib_shutdown                        0x0800018d   Thumb Code     0  libshutdown.o(.ARM.Collect$$libshutdown$$00000000)
    __rt_lib_shutdown_cpp_1                  0x0800018f   Thumb Code     0  libshutdown2.o(.ARM.Collect$$libshutdown$$00000002)
    __rt_lib_shutdown_fp_trap_1              0x0800018f   Thumb Code     0  libshutdown2.o(.ARM.Collect$$libshutdown$$00000007)
    __rt_lib_shutdown_heap_1                 0x0800018f   Thumb Code     0  libshutdown2.o(.ARM.Collect$$libshutdown$$0000000F)
    __rt_lib_shutdown_return                 0x0800018f   Thumb Code     0  libshutdown2.o(.ARM.Collect$$libshutdown$$00000010)
    __rt_lib_shutdown_signal_1               0x0800018f   Thumb Code     0  libshutdown2.o(.ARM.Collect$$libshutdown$$0000000A)
    __rt_lib_shutdown_stdio_1                0x0800018f   Thumb Code     0  libshutdown2.o(.ARM.Collect$$libshutdown$$00000004)
    __rt_lib_shutdown_user_alloc_1           0x0800018f   Thumb Code     0  libshutdown2.o(.ARM.Collect$$libshutdown$$0000000C)
    __rt_entry                               0x08000191   Thumb Code     0  __rtentry.o(.ARM.Collect$$rtentry$$00000000)
    __rt_entry_presh_1                       0x08000191   Thumb Code     0  __rtentry2.o(.ARM.Collect$$rtentry$$00000002)
    __rt_entry_sh                            0x08000191   Thumb Code     0  __rtentry4.o(.ARM.Collect$$rtentry$$00000004)
    __rt_entry_li                            0x08000197   Thumb Code     0  __rtentry2.o(.ARM.Collect$$rtentry$$0000000A)
    __rt_entry_postsh_1                      0x08000197   Thumb Code     0  __rtentry2.o(.ARM.Collect$$rtentry$$00000009)
    __rt_entry_main                          0x0800019b   Thumb Code     0  __rtentry2.o(.ARM.Collect$$rtentry$$0000000D)
    __rt_entry_postli_1                      0x0800019b   Thumb Code     0  __rtentry2.o(.ARM.Collect$$rtentry$$0000000C)
    __rt_exit                                0x080001a3   Thumb Code     0  rtexit.o(.ARM.Collect$$rtexit$$00000000)
    __rt_exit_ls                             0x080001a5   Thumb Code     0  rtexit2.o(.ARM.Collect$$rtexit$$00000003)
    __rt_exit_prels_1                        0x080001a5   Thumb Code     0  rtexit2.o(.ARM.Collect$$rtexit$$00000002)
    __rt_exit_exit                           0x080001a9   Thumb Code     0  rtexit2.o(.ARM.Collect$$rtexit$$00000004)
    Reset_Handler                            0x080001b1   Thumb Code     8  startup_stm32f10x_md.o(.text)
    NMI_Handler                              0x080001b9   Thumb Code     2  startup_stm32f10x_md.o(.text)
    HardFault_Handler                        0x080001bb   Thumb Code     2  startup_stm32f10x_md.o(.text)
    MemManage_Handler                        0x080001bd   Thumb Code     2  startup_stm32f10x_md.o(.text)
    BusFault_Handler                         0x080001bf   Thumb Code     2  startup_stm32f10x_md.o(.text)
    UsageFault_Handler                       0x080001c1   Thumb Code     2  startup_stm32f10x_md.o(.text)
    SVC_Handler                              0x080001c3   Thumb Code     2  startup_stm32f10x_md.o(.text)
    DebugMon_Handler                         0x080001c5   Thumb Code     2  startup_stm32f10x_md.o(.text)
    PendSV_Handler                           0x080001c7   Thumb Code     2  startup_stm32f10x_md.o(.text)
    ADC1_2_IRQHandler                        0x080001cb   Thumb Code     0  startup_stm32f10x_md.o(.text)
    CAN1_RX1_IRQHandler                      0x080001cb   Thumb Code     0  startup_stm32f10x_md.o(.text)
    CAN1_SCE_IRQHandler                      0x080001cb   Thumb Code     0  startup_stm32f10x_md.o(.text)
    DMA1_Channel1_IRQHandler                 0x080001cb   Thumb Code     0  startup_stm32f10x_md.o(.text)
    DMA1_Channel2_IRQHandler                 0x080001cb   Thumb Code     0  startup_stm32f10x_md.o(.text)
    DMA1_Channel3_IRQHandler                 0x080001cb   Thumb Code     0  startup_stm32f10x_md.o(.text)
    DMA1_Channel4_IRQHandler                 0x080001cb   Thumb Code     0  startup_stm32f10x_md.o(.text)
    DMA1_Channel5_IRQHandler                 0x080001cb   Thumb Code     0  startup_stm32f10x_md.o(.text)
    DMA1_Channel6_IRQHandler                 0x080001cb   Thumb Code     0  startup_stm32f10x_md.o(.text)
    DMA1_Channel7_IRQHandler                 0x080001cb   Thumb Code     0  startup_stm32f10x_md.o(.text)
    EXTI0_IRQHandler                         0x080001cb   Thumb Code     0  startup_stm32f10x_md.o(.text)
    EXTI15_10_IRQHandler                     0x080001cb   Thumb Code     0  startup_stm32f10x_md.o(.text)
    EXTI1_IRQHandler                         0x080001cb   Thumb Code     0  startup_stm32f10x_md.o(.text)
    EXTI2_IRQHandler                         0x080001cb   Thumb Code     0  startup_stm32f10x_md.o(.text)
    EXTI3_IRQHandler                         0x080001cb   Thumb Code     0  startup_stm32f10x_md.o(.text)
    EXTI4_IRQHandler                         0x080001cb   Thumb Code     0  startup_stm32f10x_md.o(.text)
    EXTI9_5_IRQHandler                       0x080001cb   Thumb Code     0  startup_stm32f10x_md.o(.text)
    FLASH_IRQHandler                         0x080001cb   Thumb Code     0  startup_stm32f10x_md.o(.text)
    I2C1_ER_IRQHandler                       0x080001cb   Thumb Code     0  startup_stm32f10x_md.o(.text)
    I2C1_EV_IRQHandler                       0x080001cb   Thumb Code     0  startup_stm32f10x_md.o(.text)
    I2C2_ER_IRQHandler                       0x080001cb   Thumb Code     0  startup_stm32f10x_md.o(.text)
    I2C2_EV_IRQHandler                       0x080001cb   Thumb Code     0  startup_stm32f10x_md.o(.text)
    PVD_IRQHandler                           0x080001cb   Thumb Code     0  startup_stm32f10x_md.o(.text)
    RCC_IRQHandler                           0x080001cb   Thumb Code     0  startup_stm32f10x_md.o(.text)
    RTCAlarm_IRQHandler                      0x080001cb   Thumb Code     0  startup_stm32f10x_md.o(.text)
    RTC_IRQHandler                           0x080001cb   Thumb Code     0  startup_stm32f10x_md.o(.text)
    SPI1_IRQHandler                          0x080001cb   Thumb Code     0  startup_stm32f10x_md.o(.text)
    SPI2_IRQHandler                          0x080001cb   Thumb Code     0  startup_stm32f10x_md.o(.text)
    TAMPER_IRQHandler                        0x080001cb   Thumb Code     0  startup_stm32f10x_md.o(.text)
    TIM1_BRK_IRQHandler                      0x080001cb   Thumb Code     0  startup_stm32f10x_md.o(.text)
    TIM1_CC_IRQHandler                       0x080001cb   Thumb Code     0  startup_stm32f10x_md.o(.text)
    TIM1_TRG_COM_IRQHandler                  0x080001cb   Thumb Code     0  startup_stm32f10x_md.o(.text)
    TIM1_UP_IRQHandler                       0x080001cb   Thumb Code     0  startup_stm32f10x_md.o(.text)
    TIM2_IRQHandler                          0x080001cb   Thumb Code     0  startup_stm32f10x_md.o(.text)
    TIM3_IRQHandler                          0x080001cb   Thumb Code     0  startup_stm32f10x_md.o(.text)
    TIM4_IRQHandler                          0x080001cb   Thumb Code     0  startup_stm32f10x_md.o(.text)
    USART1_IRQHandler                        0x080001cb   Thumb Code     0  startup_stm32f10x_md.o(.text)
    USART3_IRQHandler                        0x080001cb   Thumb Code     0  startup_stm32f10x_md.o(.text)
    USBWakeUp_IRQHandler                     0x080001cb   Thumb Code     0  startup_stm32f10x_md.o(.text)
    USB_HP_CAN1_TX_IRQHandler                0x080001cb   Thumb Code     0  startup_stm32f10x_md.o(.text)
    USB_LP_CAN1_RX0_IRQHandler               0x080001cb   Thumb Code     0  startup_stm32f10x_md.o(.text)
    WWDG_IRQHandler                          0x080001cb   Thumb Code     0  startup_stm32f10x_md.o(.text)
    __user_initial_stackheap                 0x080001cd   Thumb Code     0  startup_stm32f10x_md.o(.text)
    __2sprintf                               0x080001f1   Thumb Code    34  noretval__2sprintf.o(.text)
    _printf_pre_padding                      0x08000219   Thumb Code    44  _printf_pad.o(.text)
    _printf_post_padding                     0x08000245   Thumb Code    34  _printf_pad.o(.text)
    _printf_str                              0x08000267   Thumb Code    82  _printf_str.o(.text)
    _printf_int_dec                          0x080002b9   Thumb Code   104  _printf_dec.o(.text)
    _printf_int_hex                          0x08000331   Thumb Code    84  _printf_hex_int.o(.text)
    _printf_longlong_hex                     0x08000331   Thumb Code     0  _printf_hex_int.o(.text)
    __printf                                 0x08000389   Thumb Code   308  __printf_flags_wp.o(.text)
    atoi                                     0x080004c1   Thumb Code    26  atoi.o(.text)
    strcmp                                   0x080004dd   Thumb Code   128  strcmpv7m.o(.text)
    __use_two_region_memory                  0x0800055d   Thumb Code     2  heapauxi.o(.text)
    __rt_heap_escrow$2region                 0x0800055f   Thumb Code     2  heapauxi.o(.text)
    __rt_heap_expand$2region                 0x08000561   Thumb Code     2  heapauxi.o(.text)
    __aeabi_errno_addr                       0x08000565   Thumb Code     8  rt_errno_addr_intlibspace.o(.text)
    __errno$intlibspace                      0x08000565   Thumb Code     0  rt_errno_addr_intlibspace.o(.text)
    __rt_errno_addr$intlibspace              0x08000565   Thumb Code     0  rt_errno_addr_intlibspace.o(.text)
    _printf_int_common                       0x0800056d   Thumb Code   178  _printf_intcommon.o(.text)
    _printf_char_common                      0x0800062b   Thumb Code    32  _printf_char_common.o(.text)
    _sputc                                   0x08000651   Thumb Code    10  _sputc.o(.text)
    _printf_cs_common                        0x0800065b   Thumb Code    20  _printf_char.o(.text)
    _printf_char                             0x0800066f   Thumb Code    16  _printf_char.o(.text)
    _printf_string                           0x0800067f   Thumb Code     8  _printf_char.o(.text)
    strtol                                   0x08000687   Thumb Code   112  strtol.o(.text)
    __user_libspace                          0x080006f9   Thumb Code     8  libspace.o(.text)
    __user_perproc_libspace                  0x080006f9   Thumb Code     0  libspace.o(.text)
    __user_perthread_libspace                0x080006f9   Thumb Code     0  libspace.o(.text)
    __rt_ctype_table                         0x08000701   Thumb Code    16  rt_ctype_table.o(.text)
    _strtoul                                 0x08000711   Thumb Code   158  _strtoul.o(.text)
    __user_setup_stackheap                   0x080007af   Thumb Code    74  sys_stackheap_outer.o(.text)
    __rt_locale                              0x080007f9   Thumb Code     8  rt_locale_intlibspace.o(.text)
    _chval                                   0x08000801   Thumb Code    28  _chval.o(.text)
    exit                                     0x0800081d   Thumb Code    18  exit.o(.text)
    _sys_exit                                0x08000831   Thumb Code     8  sys_exit.o(.text)
    __I$use$semihosting                      0x0800083d   Thumb Code     0  use_no_semi.o(.text)
    __use_no_semihosting_swi                 0x0800083d   Thumb Code     2  use_no_semi.o(.text)
    __semihosting_library_function           0x0800083f   Thumb Code     0  indicate_semi.o(.text)
    Add_ID                                   0x08000841   Thumb Code   220  user_control.o(i.Add_ID)
    Add_MSSV                                 0x08000949   Thumb Code   214  user_control.o(i.Add_MSSV)
    Add_Mem_Procedure                        0x08000a51   Thumb Code   162  user_control.o(i.Add_Mem_Procedure)
    Add_Name                                 0x08000bb9   Thumb Code   230  user_control.o(i.Add_Name)
    Add_NewMem                               0x08000cd1   Thumb Code    74  user_control.o(i.Add_NewMem)
    Alert                                    0x08000d59   Thumb Code   254  user_control.o(i.Alert)
    ChangePass                               0x08000e9d   Thumb Code   134  user_control.o(i.ChangePass)
    CheckAlert                               0x0800102d   Thumb Code    60  user_control.o(i.CheckAlert)
    CheckDoorStatus                          0x08001081   Thumb Code    20  user_control.o(i.CheckDoorStatus)
    CheckScanedID                            0x08001099   Thumb Code    22  user_control.o(i.CheckScanedID)
    CloseDoor                                0x080010b1   Thumb Code    70  user_control.o(i.CloseDoor)
    ComparePassword                          0x0800110d   Thumb Code    34  user_control.o(i.ComparePassword)
    CompareUintChar                          0x08001135   Thumb Code    36  user_control.o(i.CompareUintChar)
    ConvertCharToUint16                      0x08001159   Thumb Code    38  user_control.o(i.ConvertCharToUint16)
    ConvertUint8ToChar                       0x08001185   Thumb Code    36  user_control.o(i.ConvertUint8ToChar)
    DelayInit                                0x080011ad   Thumb Code    86  delay.o(i.DelayInit)
    DelayMs                                  0x08001215   Thumb Code    24  delay.o(i.DelayMs)
    DelayUs                                  0x0800122d   Thumb Code    16  delay.o(i.DelayUs)
    DisplayMenu                              0x08001241   Thumb Code    40  user_control.o(i.DisplayMenu)
    Display_ID                               0x080012dd   Thumb Code   140  user_control.o(i.Display_ID)
    FLASH_ClearFlag                          0x080013d1   Thumb Code     6  stm32f10x_flash.o(i.FLASH_ClearFlag)
    FLASH_ErasePage                          0x080013dd   Thumb Code    72  stm32f10x_flash.o(i.FLASH_ErasePage)
    FLASH_GetBank1Status                     0x08001429   Thumb Code    48  stm32f10x_flash.o(i.FLASH_GetBank1Status)
    FLASH_Lock                               0x0800145d   Thumb Code    14  stm32f10x_flash.o(i.FLASH_Lock)
    FLASH_ProgramHalfWord                    0x08001471   Thumb Code    60  stm32f10x_flash.o(i.FLASH_ProgramHalfWord)
    FLASH_Unlock                             0x080014b1   Thumb Code    12  stm32f10x_flash.o(i.FLASH_Unlock)
    FLASH_WaitForLastOperation               0x080014c9   Thumb Code    38  stm32f10x_flash.o(i.FLASH_WaitForLastOperation)
    GPIO_Init                                0x080014ef   Thumb Code   278  stm32f10x_gpio.o(i.GPIO_Init)
    GPIO_ReadInputDataBit                    0x08001605   Thumb Code    18  stm32f10x_gpio.o(i.GPIO_ReadInputDataBit)
    NVIC_Init                                0x08001619   Thumb Code   100  misc.o(i.NVIC_Init)
    OpenDoor                                 0x08001689   Thumb Code    90  user_control.o(i.OpenDoor)
    Pick_ID                                  0x080016f9   Thumb Code    54  user_control.o(i.Pick_ID)
    Pick_MSSV                                0x08001751   Thumb Code    50  user_control.o(i.Pick_MSSV)
    Pick_Name                                0x080017a1   Thumb Code    56  user_control.o(i.Pick_Name)
    RCC_APB1PeriphClockCmd                   0x080017f9   Thumb Code    26  stm32f10x_rcc.o(i.RCC_APB1PeriphClockCmd)
    RCC_APB2PeriphClockCmd                   0x08001819   Thumb Code    26  stm32f10x_rcc.o(i.RCC_APB2PeriphClockCmd)
    RCC_GetClocksFreq                        0x08001839   Thumb Code   192  stm32f10x_rcc.o(i.RCC_GetClocksFreq)
    Read_status                              0x0800190d   Thumb Code    16  user_gpio.o(i.Read_status)
    Remove_ID                                0x0800191d   Thumb Code   234  user_control.o(i.Remove_ID)
    Remove_MSSV                              0x08001a0d   Thumb Code   220  user_control.o(i.Remove_MSSV)
    Remove_Mem                               0x08001aed   Thumb Code    70  user_control.o(i.Remove_Mem)
    Remove_Mem_Procedure                     0x08001b5d   Thumb Code   120  user_control.o(i.Remove_Mem_Procedure)
    Remove_Name                              0x08001c61   Thumb Code   248  user_control.o(i.Remove_Name)
    RequirePassword                          0x08001d5d   Thumb Code    62  user_control.o(i.RequirePassword)
    ResetArr                                 0x08001df5   Thumb Code    20  user_control.o(i.ResetArr)
    SC_bit                                   0x08001e09   Thumb Code    18  user_gpio.o(i.SC_bit)
    SPI2_ReadWrite                           0x08001e1d   Thumb Code    50  tm_stm32f10x_mfrc522.o(i.SPI2_ReadWrite)
    SPI_Cmd                                  0x08001e55   Thumb Code    24  stm32f10x_spi.o(i.SPI_Cmd)
    SPI_I2S_GetFlagStatus                    0x08001e6d   Thumb Code    18  stm32f10x_spi.o(i.SPI_I2S_GetFlagStatus)
    SPI_I2S_ReceiveData                      0x08001e7f   Thumb Code     6  stm32f10x_spi.o(i.SPI_I2S_ReceiveData)
    SPI_I2S_SendData                         0x08001e85   Thumb Code     4  stm32f10x_spi.o(i.SPI_I2S_SendData)
    SPI_Init                                 0x08001e89   Thumb Code    60  stm32f10x_spi.o(i.SPI_Init)
    Search_ID                                0x08001ec5   Thumb Code    68  user_control.o(i.Search_ID)
    SysTick_Handler                          0x08001ff5   Thumb Code    18  delay.o(i.SysTick_Handler)
    SystemCoreClockUpdate                    0x0800200d   Thumb Code   142  system_stm32f10x.o(i.SystemCoreClockUpdate)
    SystemInit                               0x080020b1   Thumb Code    78  system_stm32f10x.o(i.SystemInit)
    TIM_ARRPreloadConfig                     0x08002111   Thumb Code    24  stm32f10x_tim.o(i.TIM_ARRPreloadConfig)
    TIM_Cmd                                  0x08002129   Thumb Code    24  stm32f10x_tim.o(i.TIM_Cmd)
    TIM_OC3Init                              0x08002141   Thumb Code   150  stm32f10x_tim.o(i.TIM_OC3Init)
    TIM_OC3PreloadConfig                     0x080021e1   Thumb Code    18  stm32f10x_tim.o(i.TIM_OC3PreloadConfig)
    TIM_TimeBaseInit                         0x080021f5   Thumb Code   122  stm32f10x_tim.o(i.TIM_TimeBaseInit)
    TM_MFRC522_AntennaOn                     0x08002299   Thumb Code    26  tm_stm32f10x_mfrc522.o(i.TM_MFRC522_AntennaOn)
    TM_MFRC522_Anticoll                      0x080022b3   Thumb Code    74  tm_stm32f10x_mfrc522.o(i.TM_MFRC522_Anticoll)
    TM_MFRC522_CalculateCRC                  0x080022fd   Thumb Code   100  tm_stm32f10x_mfrc522.o(i.TM_MFRC522_CalculateCRC)
    TM_MFRC522_Check                         0x08002361   Thumb Code    32  tm_stm32f10x_mfrc522.o(i.TM_MFRC522_Check)
    TM_MFRC522_ClearBitMask                  0x08002381   Thumb Code    26  tm_stm32f10x_mfrc522.o(i.TM_MFRC522_ClearBitMask)
    TM_MFRC522_Halt                          0x0800239b   Thumb Code    44  tm_stm32f10x_mfrc522.o(i.TM_MFRC522_Halt)
    TM_MFRC522_Init                          0x080023c7   Thumb Code    72  tm_stm32f10x_mfrc522.o(i.TM_MFRC522_Init)
    TM_MFRC522_InitPins                      0x08002411   Thumb Code   158  tm_stm32f10x_mfrc522.o(i.TM_MFRC522_InitPins)
    TM_MFRC522_ReadRegister                  0x080024b9   Thumb Code    48  tm_stm32f10x_mfrc522.o(i.TM_MFRC522_ReadRegister)
    TM_MFRC522_Request                       0x080024ed   Thumb Code    50  tm_stm32f10x_mfrc522.o(i.TM_MFRC522_Request)
    TM_MFRC522_Reset                         0x0800251f   Thumb Code    12  tm_stm32f10x_mfrc522.o(i.TM_MFRC522_Reset)
    TM_MFRC522_SetBitMask                    0x0800252b   Thumb Code    26  tm_stm32f10x_mfrc522.o(i.TM_MFRC522_SetBitMask)
    TM_MFRC522_ToCard                        0x08002545   Thumb Code   298  tm_stm32f10x_mfrc522.o(i.TM_MFRC522_ToCard)
    TM_MFRC522_WriteRegister                 0x08002671   Thumb Code    42  tm_stm32f10x_mfrc522.o(i.TM_MFRC522_WriteRegister)
    TurnOneTouchMode                         0x080026a1   Thumb Code   142  user_control.o(i.TurnOneTouchMode)
    Turn_buzz                                0x080027bd   Thumb Code    32  user_control.o(i.Turn_buzz)
    Turn_led_close                           0x080027e1   Thumb Code    32  user_control.o(i.Turn_led_close)
    Turn_led_open                            0x08002805   Thumb Code    32  user_control.o(i.Turn_led_open)
    USART2_IRQHandler                        0x08002829   Thumb Code   198  user_control.o(i.USART2_IRQHandler)
    USART_Cmd                                0x0800291d   Thumb Code    24  stm32f10x_usart.o(i.USART_Cmd)
    USART_GetFlagStatus                      0x08002935   Thumb Code    26  stm32f10x_usart.o(i.USART_GetFlagStatus)
    USART_GetITStatus                        0x0800294f   Thumb Code    84  stm32f10x_usart.o(i.USART_GetITStatus)
    USART_ITConfig                           0x080029a3   Thumb Code    74  stm32f10x_usart.o(i.USART_ITConfig)
    USART_Init                               0x080029ed   Thumb Code   210  stm32f10x_usart.o(i.USART_Init)
    USART_ReceiveData                        0x08002ac5   Thumb Code    10  stm32f10x_usart.o(i.USART_ReceiveData)
    USART_SendData                           0x08002acf   Thumb Code     8  stm32f10x_usart.o(i.USART_SendData)
    Updata_Data_From_PAGE0                   0x08002ad7   Thumb Code    20  user_control.o(i.Updata_Data_From_PAGE0)
    Updata_EmerFlag                          0x08002aed   Thumb Code    16  user_control.o(i.Updata_EmerFlag)
    Updata_NbrID                             0x08002b01   Thumb Code    16  user_control.o(i.Updata_NbrID)
    Updata_OneTouchMode                      0x08002b15   Thumb Code    16  user_control.o(i.Updata_OneTouchMode)
    Updata_Password                          0x08002b29   Thumb Code    30  user_control.o(i.Updata_Password)
    User_FLASH_Erase                         0x08002b4d   Thumb Code    32  user_flash.o(i.User_FLASH_Erase)
    User_FLASH_Read                          0x08002b71   Thumb Code    16  user_flash.o(i.User_FLASH_Read)
    User_FLASH_Write                         0x08002b85   Thumb Code    36  user_flash.o(i.User_FLASH_Write)
    User_GPIO_Init                           0x08002bad   Thumb Code   110  user_gpio.o(i.User_GPIO_Init)
    User_TIM_GPIO_Configuration              0x08002c29   Thumb Code    30  user_tim.o(i.User_TIM_GPIO_Configuration)
    User_TIM_Handle                          0x08002c4d   Thumb Code    30  user_tim.o(i.User_TIM_Handle)
    User_TIM_Init                            0x08002c71   Thumb Code   114  user_tim.o(i.User_TIM_Init)
    User_TIM_RCC_Configuration               0x08002cfd   Thumb Code    20  user_tim.o(i.User_TIM_RCC_Configuration)
    User_USART2_GPIO_Configuration           0x08002d11   Thumb Code    50  user_usart2.o(i.User_USART2_GPIO_Configuration)
    User_USART2_Init                         0x08002d49   Thumb Code    64  user_usart2.o(i.User_USART2_Init)
    User_USART2_NVIC_Configuration           0x08002d91   Thumb Code    32  user_usart2.o(i.User_USART2_NVIC_Configuration)
    User_USART2_RCC_Configuration            0x08002db1   Thumb Code    20  user_usart2.o(i.User_USART2_RCC_Configuration)
    User_USART2_ReceiveChar                  0x08002dc5   Thumb Code    10  user_usart2.o(i.User_USART2_ReceiveChar)
    User_USART2_ReceiveString                0x08002dd5   Thumb Code   142  user_usart2.o(i.User_USART2_ReceiveString)
    User_USART2_ReceiveString2               0x08002e71   Thumb Code   114  user_usart2.o(i.User_USART2_ReceiveString2)
    User_USART2_SendChar                     0x08002ef1   Thumb Code    28  user_usart2.o(i.User_USART2_SendChar)
    User_USART2_SendSchar                    0x08002f11   Thumb Code    26  user_usart2.o(i.User_USART2_SendSchar)
    User_USART3_GPIO_Configuration           0x08002f2d   Thumb Code    54  user_usart3.o(i.User_USART3_GPIO_Configuration)
    User_USART3_Init                         0x08002f69   Thumb Code    48  user_usart3.o(i.User_USART3_Init)
    User_USART3_RCC_Configuration            0x08002fa1   Thumb Code    20  user_usart3.o(i.User_USART3_RCC_Configuration)
    Write_EmerFlag                           0x08002fb5   Thumb Code    16  user_control.o(i.Write_EmerFlag)
    Write_NbrID                              0x08002fc5   Thumb Code    16  user_control.o(i.Write_NbrID)
    Write_OneTouchMode                       0x08002fd5   Thumb Code    16  user_control.o(i.Write_OneTouchMode)
    Write_Page0                              0x08002fe5   Thumb Code    46  user_control.o(i.Write_Page0)
    Write_Password                           0x08003013   Thumb Code    56  user_control.o(i.Write_Password)
    _is_digit                                0x0800304b   Thumb Code    14  __printf_wp.o(i._is_digit)
    main                                     0x08003059   Thumb Code   374  main.o(i.main)
    _get_lc_ctype                            0x08003229   Thumb Code    44  lc_ctype_c.o(locale$$code)
    Region$$Table$$Base                      0x08003290   Number         0  anon$$obj.o(Region$$Table)
    Region$$Table$$Limit                     0x080032b0   Number         0  anon$$obj.o(Region$$Table)
    __ctype                                  0x080032bd   Data           0  lc_ctype_c.o(locale$$data)
    SystemCoreClock                          0x20000000   Data           4  system_stm32f10x.o(.data)
    AHBPrescTable                            0x20000004   Data          16  system_stm32f10x.o(.data)
    __stdout                                 0x20000044   Data           4  user_control.o(.data)
    Emer_flag                                0x20000048   Data           2  user_control.o(.data)
    Nbr_ID                                   0x2000004a   Data           2  user_control.o(.data)
    OneTouch                                 0x2000004c   Data           1  user_control.o(.data)
    Enter_pass_remove_alert                  0x2000004d   Data           1  user_control.o(.data)
    Door_status                              0x2000004e   Data           1  user_control.o(.data)
    Wrong_Nbr_ID                             0x2000004f   Data           1  user_control.o(.data)
    buff_pos                                 0x20000050   Data           2  user_control.o(.data)
    receive_flag                             0x20000052   Data           1  user_control.o(.data)
    ScanedID                                 0x20000053   Data           5  user_control.o(.data)
    AddMember_flag                           0x20000058   Data           1  user_control.o(.data)
    RemoveMember_flag                        0x20000059   Data           1  user_control.o(.data)
    ChangePassword_flag                      0x2000005a   Data           1  user_control.o(.data)
    OneTouchMode_flag                        0x2000005b   Data           1  user_control.o(.data)
    OpenDoorUSART_flag                       0x2000005c   Data           1  user_control.o(.data)
    password                                 0x20000098   Data          62  user_control.o(.bss)
    TempBuff                                 0x200000d6   Data          50  user_control.o(.bss)
    buff                                     0x20000108   Data         200  user_control.o(.bss)
    USART2_InitStructure                     0x20000294   Data          16  user_usart2.o(.bss)
    USART3_InitStructure                     0x200002a4   Data          16  user_usart3.o(.bss)
    __libspace_start                         0x20000444   Data          96  libspace.o(.bss)
    __temporary_stack_top$libspace           0x200004a4   Data           0  libspace.o(.bss)



==============================================================================

Memory Map of the image

  Image Entry point : 0x080000ed

  Load Region LR_IROM1 (Base: 0x08000000, Size: 0x00003424, Max: 0x00010000, ABSOLUTE)

    Execution Region ER_IROM1 (Exec base: 0x08000000, Load base: 0x08000000, Size: 0x000033c0, Max: 0x00010000, ABSOLUTE)

    Exec Addr    Load Addr    Size         Type   Attr      Idx    E Section Name        Object

    0x08000000   0x08000000   0x000000ec   Data   RO            3    RESET               startup_stm32f10x_md.o
    0x080000ec   0x080000ec   0x00000008   Code   RO         2637  * !!!main             c_w.l(__main.o)
    0x080000f4   0x080000f4   0x00000034   Code   RO         2826    !!!scatter          c_w.l(__scatter.o)
    0x08000128   0x08000128   0x0000001a   Code   RO         2828    !!handler_copy      c_w.l(__scatter_copy.o)
    0x08000142   0x08000142   0x00000002   PAD
    0x08000144   0x08000144   0x0000001c   Code   RO         2830    !!handler_zi        c_w.l(__scatter_zi.o)
    0x08000160   0x08000160   0x00000000   Code   RO         2630    .ARM.Collect$$_printf_percent$$00000000  c_w.l(_printf_percent.o)
    0x08000160   0x08000160   0x00000006   Code   RO         2629    .ARM.Collect$$_printf_percent$$00000009  c_w.l(_printf_d.o)
    0x08000166   0x08000166   0x00000006   Code   RO         2628    .ARM.Collect$$_printf_percent$$0000000C  c_w.l(_printf_x.o)
    0x0800016c   0x0800016c   0x00000006   Code   RO         2627    .ARM.Collect$$_printf_percent$$00000014  c_w.l(_printf_s.o)
    0x08000172   0x08000172   0x00000004   Code   RO         2653    .ARM.Collect$$_printf_percent$$00000017  c_w.l(_printf_percent_end.o)
    0x08000176   0x08000176   0x00000002   Code   RO         2699    .ARM.Collect$$libinit$$00000000  c_w.l(libinit.o)
    0x08000178   0x08000178   0x00000000   Code   RO         2703    .ARM.Collect$$libinit$$00000002  c_w.l(libinit2.o)
    0x08000178   0x08000178   0x00000000   Code   RO         2705    .ARM.Collect$$libinit$$00000004  c_w.l(libinit2.o)
    0x08000178   0x08000178   0x00000000   Code   RO         2708    .ARM.Collect$$libinit$$0000000A  c_w.l(libinit2.o)
    0x08000178   0x08000178   0x00000000   Code   RO         2710    .ARM.Collect$$libinit$$0000000C  c_w.l(libinit2.o)
    0x08000178   0x08000178   0x00000000   Code   RO         2712    .ARM.Collect$$libinit$$0000000E  c_w.l(libinit2.o)
    0x08000178   0x08000178   0x00000006   Code   RO         2713    .ARM.Collect$$libinit$$0000000F  c_w.l(libinit2.o)
    0x0800017e   0x0800017e   0x00000000   Code   RO         2715    .ARM.Collect$$libinit$$00000011  c_w.l(libinit2.o)
    0x0800017e   0x0800017e   0x0000000c   Code   RO         2716    .ARM.Collect$$libinit$$00000012  c_w.l(libinit2.o)
    0x0800018a   0x0800018a   0x00000000   Code   RO         2717    .ARM.Collect$$libinit$$00000013  c_w.l(libinit2.o)
    0x0800018a   0x0800018a   0x00000000   Code   RO         2719    .ARM.Collect$$libinit$$00000015  c_w.l(libinit2.o)
    0x0800018a   0x0800018a   0x00000000   Code   RO         2721    .ARM.Collect$$libinit$$00000017  c_w.l(libinit2.o)
    0x0800018a   0x0800018a   0x00000000   Code   RO         2723    .ARM.Collect$$libinit$$00000019  c_w.l(libinit2.o)
    0x0800018a   0x0800018a   0x00000000   Code   RO         2725    .ARM.Collect$$libinit$$0000001B  c_w.l(libinit2.o)
    0x0800018a   0x0800018a   0x00000000   Code   RO         2727    .ARM.Collect$$libinit$$0000001D  c_w.l(libinit2.o)
    0x0800018a   0x0800018a   0x00000000   Code   RO         2729    .ARM.Collect$$libinit$$0000001F  c_w.l(libinit2.o)
    0x0800018a   0x0800018a   0x00000000   Code   RO         2731    .ARM.Collect$$libinit$$00000021  c_w.l(libinit2.o)
    0x0800018a   0x0800018a   0x00000000   Code   RO         2733    .ARM.Collect$$libinit$$00000023  c_w.l(libinit2.o)
    0x0800018a   0x0800018a   0x00000000   Code   RO         2735    .ARM.Collect$$libinit$$00000025  c_w.l(libinit2.o)
    0x0800018a   0x0800018a   0x00000000   Code   RO         2739    .ARM.Collect$$libinit$$0000002C  c_w.l(libinit2.o)
    0x0800018a   0x0800018a   0x00000000   Code   RO         2741    .ARM.Collect$$libinit$$0000002E  c_w.l(libinit2.o)
    0x0800018a   0x0800018a   0x00000000   Code   RO         2743    .ARM.Collect$$libinit$$00000030  c_w.l(libinit2.o)
    0x0800018a   0x0800018a   0x00000000   Code   RO         2745    .ARM.Collect$$libinit$$00000032  c_w.l(libinit2.o)
    0x0800018a   0x0800018a   0x00000002   Code   RO         2746    .ARM.Collect$$libinit$$00000033  c_w.l(libinit2.o)
    0x0800018c   0x0800018c   0x00000002   Code   RO         2766    .ARM.Collect$$libshutdown$$00000000  c_w.l(libshutdown.o)
    0x0800018e   0x0800018e   0x00000000   Code   RO         2779    .ARM.Collect$$libshutdown$$00000002  c_w.l(libshutdown2.o)
    0x0800018e   0x0800018e   0x00000000   Code   RO         2781    .ARM.Collect$$libshutdown$$00000004  c_w.l(libshutdown2.o)
    0x0800018e   0x0800018e   0x00000000   Code   RO         2784    .ARM.Collect$$libshutdown$$00000007  c_w.l(libshutdown2.o)
    0x0800018e   0x0800018e   0x00000000   Code   RO         2787    .ARM.Collect$$libshutdown$$0000000A  c_w.l(libshutdown2.o)
    0x0800018e   0x0800018e   0x00000000   Code   RO         2789    .ARM.Collect$$libshutdown$$0000000C  c_w.l(libshutdown2.o)
    0x0800018e   0x0800018e   0x00000000   Code   RO         2792    .ARM.Collect$$libshutdown$$0000000F  c_w.l(libshutdown2.o)
    0x0800018e   0x0800018e   0x00000002   Code   RO         2793    .ARM.Collect$$libshutdown$$00000010  c_w.l(libshutdown2.o)
    0x08000190   0x08000190   0x00000000   Code   RO         2639    .ARM.Collect$$rtentry$$00000000  c_w.l(__rtentry.o)
    0x08000190   0x08000190   0x00000000   Code   RO         2660    .ARM.Collect$$rtentry$$00000002  c_w.l(__rtentry2.o)
    0x08000190   0x08000190   0x00000006   Code   RO         2672    .ARM.Collect$$rtentry$$00000004  c_w.l(__rtentry4.o)
    0x08000196   0x08000196   0x00000000   Code   RO         2662    .ARM.Collect$$rtentry$$00000009  c_w.l(__rtentry2.o)
    0x08000196   0x08000196   0x00000004   Code   RO         2663    .ARM.Collect$$rtentry$$0000000A  c_w.l(__rtentry2.o)
    0x0800019a   0x0800019a   0x00000000   Code   RO         2665    .ARM.Collect$$rtentry$$0000000C  c_w.l(__rtentry2.o)
    0x0800019a   0x0800019a   0x00000008   Code   RO         2666    .ARM.Collect$$rtentry$$0000000D  c_w.l(__rtentry2.o)
    0x080001a2   0x080001a2   0x00000002   Code   RO         2700    .ARM.Collect$$rtexit$$00000000  c_w.l(rtexit.o)
    0x080001a4   0x080001a4   0x00000000   Code   RO         2748    .ARM.Collect$$rtexit$$00000002  c_w.l(rtexit2.o)
    0x080001a4   0x080001a4   0x00000004   Code   RO         2749    .ARM.Collect$$rtexit$$00000003  c_w.l(rtexit2.o)
    0x080001a8   0x080001a8   0x00000006   Code   RO         2750    .ARM.Collect$$rtexit$$00000004  c_w.l(rtexit2.o)
    0x080001ae   0x080001ae   0x00000002   PAD
    0x080001b0   0x080001b0   0x00000040   Code   RO            4    .text               startup_stm32f10x_md.o
    0x080001f0   0x080001f0   0x00000028   Code   RO         2576    .text               c_w.l(noretval__2sprintf.o)
    0x08000218   0x08000218   0x0000004e   Code   RO         2580    .text               c_w.l(_printf_pad.o)
    0x08000266   0x08000266   0x00000052   Code   RO         2582    .text               c_w.l(_printf_str.o)
    0x080002b8   0x080002b8   0x00000078   Code   RO         2584    .text               c_w.l(_printf_dec.o)
    0x08000330   0x08000330   0x00000058   Code   RO         2589    .text               c_w.l(_printf_hex_int.o)
    0x08000388   0x08000388   0x00000138   Code   RO         2619    .text               c_w.l(__printf_flags_wp.o)
    0x080004c0   0x080004c0   0x0000001a   Code   RO         2631    .text               c_w.l(atoi.o)
    0x080004da   0x080004da   0x00000002   PAD
    0x080004dc   0x080004dc   0x00000080   Code   RO         2633    .text               c_w.l(strcmpv7m.o)
    0x0800055c   0x0800055c   0x00000006   Code   RO         2635    .text               c_w.l(heapauxi.o)
    0x08000562   0x08000562   0x00000002   PAD
    0x08000564   0x08000564   0x00000008   Code   RO         2643    .text               c_w.l(rt_errno_addr_intlibspace.o)
    0x0800056c   0x0800056c   0x000000b2   Code   RO         2645    .text               c_w.l(_printf_intcommon.o)
    0x0800061e   0x0800061e   0x00000002   PAD
    0x08000620   0x08000620   0x00000030   Code   RO         2647    .text               c_w.l(_printf_char_common.o)
    0x08000650   0x08000650   0x0000000a   Code   RO         2649    .text               c_w.l(_sputc.o)
    0x0800065a   0x0800065a   0x0000002c   Code   RO         2651    .text               c_w.l(_printf_char.o)
    0x08000686   0x08000686   0x00000070   Code   RO         2654    .text               c_w.l(strtol.o)
    0x080006f6   0x080006f6   0x00000002   PAD
    0x080006f8   0x080006f8   0x00000008   Code   RO         2656    .text               c_w.l(libspace.o)
    0x08000700   0x08000700   0x00000010   Code   RO         2674    .text               c_w.l(rt_ctype_table.o)
    0x08000710   0x08000710   0x0000009e   Code   RO         2678    .text               c_w.l(_strtoul.o)
    0x080007ae   0x080007ae   0x0000004a   Code   RO         2680    .text               c_w.l(sys_stackheap_outer.o)
    0x080007f8   0x080007f8   0x00000008   Code   RO         2685    .text               c_w.l(rt_locale_intlibspace.o)
    0x08000800   0x08000800   0x0000001c   Code   RO         2687    .text               c_w.l(_chval.o)
    0x0800081c   0x0800081c   0x00000012   Code   RO         2692    .text               c_w.l(exit.o)
    0x0800082e   0x0800082e   0x00000002   PAD
    0x08000830   0x08000830   0x0000000c   Code   RO         2758    .text               c_w.l(sys_exit.o)
    0x0800083c   0x0800083c   0x00000002   Code   RO         2769    .text               c_w.l(use_no_semi.o)
    0x0800083e   0x0800083e   0x00000000   Code   RO         2771    .text               c_w.l(indicate_semi.o)
    0x0800083e   0x0800083e   0x00000002   PAD
    0x08000840   0x08000840   0x00000108   Code   RO         2103    i.Add_ID            user_control.o
    0x08000948   0x08000948   0x00000108   Code   RO         2104    i.Add_MSSV          user_control.o
    0x08000a50   0x08000a50   0x00000168   Code   RO         2105    i.Add_Mem_Procedure  user_control.o
    0x08000bb8   0x08000bb8   0x00000118   Code   RO         2106    i.Add_Name          user_control.o
    0x08000cd0   0x08000cd0   0x00000088   Code   RO         2107    i.Add_NewMem        user_control.o
    0x08000d58   0x08000d58   0x00000144   Code   RO         2108    i.Alert             user_control.o
    0x08000e9c   0x08000e9c   0x00000190   Code   RO         2109    i.ChangePass        user_control.o
    0x0800102c   0x0800102c   0x00000054   Code   RO         2110    i.CheckAlert        user_control.o
    0x08001080   0x08001080   0x00000018   Code   RO         2111    i.CheckDoorStatus   user_control.o
    0x08001098   0x08001098   0x00000016   Code   RO         2112    i.CheckScanedID     user_control.o
    0x080010ae   0x080010ae   0x00000002   PAD
    0x080010b0   0x080010b0   0x0000005c   Code   RO         2113    i.CloseDoor         user_control.o
    0x0800110c   0x0800110c   0x00000028   Code   RO         2114    i.ComparePassword   user_control.o
    0x08001134   0x08001134   0x00000024   Code   RO         2115    i.CompareUintChar   user_control.o
    0x08001158   0x08001158   0x0000002c   Code   RO         2116    i.ConvertCharToUint16  user_control.o
    0x08001184   0x08001184   0x00000028   Code   RO         2120    i.ConvertUint8ToChar  user_control.o
    0x080011ac   0x080011ac   0x00000068   Code   RO         1850    i.DelayInit         delay.o
    0x08001214   0x08001214   0x00000018   Code   RO         1851    i.DelayMs           delay.o
    0x0800122c   0x0800122c   0x00000014   Code   RO         1852    i.DelayUs           delay.o
    0x08001240   0x08001240   0x0000009c   Code   RO         2121    i.DisplayMenu       user_control.o
    0x080012dc   0x080012dc   0x000000f4   Code   RO         2122    i.Display_ID        user_control.o
    0x080013d0   0x080013d0   0x0000000c   Code   RO         1612    i.FLASH_ClearFlag   stm32f10x_flash.o
    0x080013dc   0x080013dc   0x0000004c   Code   RO         1617    i.FLASH_ErasePage   stm32f10x_flash.o
    0x08001428   0x08001428   0x00000034   Code   RO         1618    i.FLASH_GetBank1Status  stm32f10x_flash.o
    0x0800145c   0x0800145c   0x00000014   Code   RO         1627    i.FLASH_Lock        stm32f10x_flash.o
    0x08001470   0x08001470   0x00000040   Code   RO         1630    i.FLASH_ProgramHalfWord  stm32f10x_flash.o
    0x080014b0   0x080014b0   0x00000018   Code   RO         1635    i.FLASH_Unlock      stm32f10x_flash.o
    0x080014c8   0x080014c8   0x00000026   Code   RO         1639    i.FLASH_WaitForLastOperation  stm32f10x_flash.o
    0x080014ee   0x080014ee   0x00000116   Code   RO          126    i.GPIO_Init         stm32f10x_gpio.o
    0x08001604   0x08001604   0x00000012   Code   RO          130    i.GPIO_ReadInputDataBit  stm32f10x_gpio.o
    0x08001616   0x08001616   0x00000002   PAD
    0x08001618   0x08001618   0x00000070   Code   RO           80    i.NVIC_Init         misc.o
    0x08001688   0x08001688   0x00000070   Code   RO         2124    i.OpenDoor          user_control.o
    0x080016f8   0x080016f8   0x00000058   Code   RO         2125    i.Pick_ID           user_control.o
    0x08001750   0x08001750   0x00000050   Code   RO         2126    i.Pick_MSSV         user_control.o
    0x080017a0   0x080017a0   0x00000058   Code   RO         2127    i.Pick_Name         user_control.o
    0x080017f8   0x080017f8   0x00000020   Code   RO          236    i.RCC_APB1PeriphClockCmd  stm32f10x_rcc.o
    0x08001818   0x08001818   0x00000020   Code   RO          238    i.RCC_APB2PeriphClockCmd  stm32f10x_rcc.o
    0x08001838   0x08001838   0x000000d4   Code   RO          246    i.RCC_GetClocksFreq  stm32f10x_rcc.o
    0x0800190c   0x0800190c   0x00000010   Code   RO         2077    i.Read_status       user_gpio.o
    0x0800191c   0x0800191c   0x000000f0   Code   RO         2128    i.Remove_ID         user_control.o
    0x08001a0c   0x08001a0c   0x000000e0   Code   RO         2129    i.Remove_MSSV       user_control.o
    0x08001aec   0x08001aec   0x00000070   Code   RO         2130    i.Remove_Mem        user_control.o
    0x08001b5c   0x08001b5c   0x00000104   Code   RO         2131    i.Remove_Mem_Procedure  user_control.o
    0x08001c60   0x08001c60   0x000000fc   Code   RO         2132    i.Remove_Name       user_control.o
    0x08001d5c   0x08001d5c   0x00000098   Code   RO         2133    i.RequirePassword   user_control.o
    0x08001df4   0x08001df4   0x00000014   Code   RO         2134    i.ResetArr          user_control.o
    0x08001e08   0x08001e08   0x00000012   Code   RO         2078    i.SC_bit            user_gpio.o
    0x08001e1a   0x08001e1a   0x00000002   PAD
    0x08001e1c   0x08001e1c   0x00000038   Code   RO         1919    i.SPI2_ReadWrite    tm_stm32f10x_mfrc522.o
    0x08001e54   0x08001e54   0x00000018   Code   RO          439    i.SPI_Cmd           stm32f10x_spi.o
    0x08001e6c   0x08001e6c   0x00000012   Code   RO          447    i.SPI_I2S_GetFlagStatus  stm32f10x_spi.o
    0x08001e7e   0x08001e7e   0x00000006   Code   RO          450    i.SPI_I2S_ReceiveData  stm32f10x_spi.o
    0x08001e84   0x08001e84   0x00000004   Code   RO          451    i.SPI_I2S_SendData  stm32f10x_spi.o
    0x08001e88   0x08001e88   0x0000003c   Code   RO          452    i.SPI_Init          stm32f10x_spi.o
    0x08001ec4   0x08001ec4   0x00000048   Code   RO         2135    i.Search_ID         user_control.o
    0x08001f0c   0x08001f0c   0x00000008   Code   RO           24    i.SetSysClock       system_stm32f10x.o
    0x08001f14   0x08001f14   0x000000e0   Code   RO           25    i.SetSysClockTo72   system_stm32f10x.o
    0x08001ff4   0x08001ff4   0x00000018   Code   RO         1853    i.SysTick_Handler   delay.o
    0x0800200c   0x0800200c   0x000000a4   Code   RO           26    i.SystemCoreClockUpdate  system_stm32f10x.o
    0x080020b0   0x080020b0   0x00000060   Code   RO           27    i.SystemInit        system_stm32f10x.o
    0x08002110   0x08002110   0x00000018   Code   RO          765    i.TIM_ARRPreloadConfig  stm32f10x_tim.o
    0x08002128   0x08002128   0x00000018   Code   RO          777    i.TIM_Cmd           stm32f10x_tim.o
    0x08002140   0x08002140   0x000000a0   Code   RO          816    i.TIM_OC3Init       stm32f10x_tim.o
    0x080021e0   0x080021e0   0x00000012   Code   RO          819    i.TIM_OC3PreloadConfig  stm32f10x_tim.o
    0x080021f2   0x080021f2   0x00000002   PAD
    0x080021f4   0x080021f4   0x000000a4   Code   RO          848    i.TIM_TimeBaseInit  stm32f10x_tim.o
    0x08002298   0x08002298   0x0000001a   Code   RO         1921    i.TM_MFRC522_AntennaOn  tm_stm32f10x_mfrc522.o
    0x080022b2   0x080022b2   0x0000004a   Code   RO         1922    i.TM_MFRC522_Anticoll  tm_stm32f10x_mfrc522.o
    0x080022fc   0x080022fc   0x00000064   Code   RO         1924    i.TM_MFRC522_CalculateCRC  tm_stm32f10x_mfrc522.o
    0x08002360   0x08002360   0x00000020   Code   RO         1925    i.TM_MFRC522_Check  tm_stm32f10x_mfrc522.o
    0x08002380   0x08002380   0x0000001a   Code   RO         1926    i.TM_MFRC522_ClearBitMask  tm_stm32f10x_mfrc522.o
    0x0800239a   0x0800239a   0x0000002c   Code   RO         1928    i.TM_MFRC522_Halt   tm_stm32f10x_mfrc522.o
    0x080023c6   0x080023c6   0x00000048   Code   RO         1929    i.TM_MFRC522_Init   tm_stm32f10x_mfrc522.o
    0x0800240e   0x0800240e   0x00000002   PAD
    0x08002410   0x08002410   0x000000a8   Code   RO         1930    i.TM_MFRC522_InitPins  tm_stm32f10x_mfrc522.o
    0x080024b8   0x080024b8   0x00000034   Code   RO         1932    i.TM_MFRC522_ReadRegister  tm_stm32f10x_mfrc522.o
    0x080024ec   0x080024ec   0x00000032   Code   RO         1933    i.TM_MFRC522_Request  tm_stm32f10x_mfrc522.o
    0x0800251e   0x0800251e   0x0000000c   Code   RO         1934    i.TM_MFRC522_Reset  tm_stm32f10x_mfrc522.o
    0x0800252a   0x0800252a   0x0000001a   Code   RO         1936    i.TM_MFRC522_SetBitMask  tm_stm32f10x_mfrc522.o
    0x08002544   0x08002544   0x0000012a   Code   RO         1937    i.TM_MFRC522_ToCard  tm_stm32f10x_mfrc522.o
    0x0800266e   0x0800266e   0x00000002   PAD
    0x08002670   0x08002670   0x00000030   Code   RO         1939    i.TM_MFRC522_WriteRegister  tm_stm32f10x_mfrc522.o
    0x080026a0   0x080026a0   0x0000011c   Code   RO         2138    i.TurnOneTouchMode  user_control.o
    0x080027bc   0x080027bc   0x00000024   Code   RO         2139    i.Turn_buzz         user_control.o
    0x080027e0   0x080027e0   0x00000024   Code   RO         2140    i.Turn_led_close    user_control.o
    0x08002804   0x08002804   0x00000024   Code   RO         2141    i.Turn_led_open     user_control.o
    0x08002828   0x08002828   0x000000f4   Code   RO         2142    i.USART2_IRQHandler  user_control.o
    0x0800291c   0x0800291c   0x00000018   Code   RO          585    i.USART_Cmd         stm32f10x_usart.o
    0x08002934   0x08002934   0x0000001a   Code   RO          588    i.USART_GetFlagStatus  stm32f10x_usart.o
    0x0800294e   0x0800294e   0x00000054   Code   RO          589    i.USART_GetITStatus  stm32f10x_usart.o
    0x080029a2   0x080029a2   0x0000004a   Code   RO          591    i.USART_ITConfig    stm32f10x_usart.o
    0x080029ec   0x080029ec   0x000000d8   Code   RO          592    i.USART_Init        stm32f10x_usart.o
    0x08002ac4   0x08002ac4   0x0000000a   Code   RO          599    i.USART_ReceiveData  stm32f10x_usart.o
    0x08002ace   0x08002ace   0x00000008   Code   RO          602    i.USART_SendData    stm32f10x_usart.o
    0x08002ad6   0x08002ad6   0x00000014   Code   RO         2143    i.Updata_Data_From_PAGE0  user_control.o
    0x08002aea   0x08002aea   0x00000002   PAD
    0x08002aec   0x08002aec   0x00000014   Code   RO         2144    i.Updata_EmerFlag   user_control.o
    0x08002b00   0x08002b00   0x00000014   Code   RO         2145    i.Updata_NbrID      user_control.o
    0x08002b14   0x08002b14   0x00000014   Code   RO         2146    i.Updata_OneTouchMode  user_control.o
    0x08002b28   0x08002b28   0x00000024   Code   RO         2147    i.Updata_Password   user_control.o
    0x08002b4c   0x08002b4c   0x00000024   Code   RO         2051    i.User_FLASH_Erase  user_flash.o
    0x08002b70   0x08002b70   0x00000014   Code   RO         2052    i.User_FLASH_Read   user_flash.o
    0x08002b84   0x08002b84   0x00000028   Code   RO         2053    i.User_FLASH_Write  user_flash.o
    0x08002bac   0x08002bac   0x0000007c   Code   RO         2079    i.User_GPIO_Init    user_gpio.o
    0x08002c28   0x08002c28   0x00000024   Code   RO         1886    i.User_TIM_GPIO_Configuration  user_tim.o
    0x08002c4c   0x08002c4c   0x00000024   Code   RO         1887    i.User_TIM_Handle   user_tim.o
    0x08002c70   0x08002c70   0x0000008c   Code   RO         1888    i.User_TIM_Init     user_tim.o
    0x08002cfc   0x08002cfc   0x00000014   Code   RO         1889    i.User_TIM_RCC_Configuration  user_tim.o
    0x08002d10   0x08002d10   0x00000038   Code   RO         2432    i.User_USART2_GPIO_Configuration  user_usart2.o
    0x08002d48   0x08002d48   0x00000048   Code   RO         2433    i.User_USART2_Init  user_usart2.o
    0x08002d90   0x08002d90   0x00000020   Code   RO         2434    i.User_USART2_NVIC_Configuration  user_usart2.o
    0x08002db0   0x08002db0   0x00000014   Code   RO         2435    i.User_USART2_RCC_Configuration  user_usart2.o
    0x08002dc4   0x08002dc4   0x00000010   Code   RO         2436    i.User_USART2_ReceiveChar  user_usart2.o
    0x08002dd4   0x08002dd4   0x0000009c   Code   RO         2437    i.User_USART2_ReceiveString  user_usart2.o
    0x08002e70   0x08002e70   0x00000080   Code   RO         2438    i.User_USART2_ReceiveString2  user_usart2.o
    0x08002ef0   0x08002ef0   0x00000020   Code   RO         2439    i.User_USART2_SendChar  user_usart2.o
    0x08002f10   0x08002f10   0x0000001a   Code   RO         2440    i.User_USART2_SendSchar  user_usart2.o
    0x08002f2a   0x08002f2a   0x00000002   PAD
    0x08002f2c   0x08002f2c   0x0000003c   Code   RO         2505    i.User_USART3_GPIO_Configuration  user_usart3.o
    0x08002f68   0x08002f68   0x00000038   Code   RO         2506    i.User_USART3_Init  user_usart3.o
    0x08002fa0   0x08002fa0   0x00000014   Code   RO         2507    i.User_USART3_RCC_Configuration  user_usart3.o
    0x08002fb4   0x08002fb4   0x00000010   Code   RO         2148    i.Write_EmerFlag    user_control.o
    0x08002fc4   0x08002fc4   0x00000010   Code   RO         2149    i.Write_NbrID       user_control.o
    0x08002fd4   0x08002fd4   0x00000010   Code   RO         2150    i.Write_OneTouchMode  user_control.o
    0x08002fe4   0x08002fe4   0x0000002e   Code   RO         2151    i.Write_Page0       user_control.o
    0x08003012   0x08003012   0x00000038   Code   RO         2152    i.Write_Password    user_control.o
    0x0800304a   0x0800304a   0x0000000e   Code   RO         2617    i._is_digit         c_w.l(__printf_wp.o)
    0x08003058   0x08003058   0x000001d0   Code   RO         1789    i.main              main.o
    0x08003228   0x08003228   0x0000002c   Code   RO         2690    locale$$code        c_w.l(lc_ctype_c.o)
    0x08003254   0x08003254   0x00000028   Data   RO         2590    .constdata          c_w.l(_printf_hex_int.o)
    0x0800327c   0x0800327c   0x00000011   Data   RO         2620    .constdata          c_w.l(__printf_flags_wp.o)
    0x0800328d   0x0800328d   0x00000003   PAD
    0x08003290   0x08003290   0x00000020   Data   RO         2824    Region$$Table       anon$$obj.o
    0x080032b0   0x080032b0   0x00000110   Data   RO         2689    locale$$data        c_w.l(lc_ctype_c.o)


    Execution Region RW_IRAM1 (Exec base: 0x20000000, Load base: 0x080033c0, Size: 0x00000aa8, Max: 0x00005000, ABSOLUTE)

    Exec Addr    Load Addr    Size         Type   Attr      Idx    E Section Name        Object

    0x20000000   0x080033c0   0x00000014   Data   RW           28    .data               system_stm32f10x.o
    0x20000014   0x080033d4   0x00000014   Data   RW          266    .data               stm32f10x_rcc.o
    0x20000028   0x080033e8   0x00000004   Data   RW         1854    .data               delay.o
    0x2000002c   0x080033ec   0x00000002   Data   RW         1891    .data               user_tim.o
    0x2000002e   0x080033ee   0x00000002   PAD
    0x20000030   0x080033f0   0x00000004   Data   RW         2054    .data               user_flash.o
    0x20000034   0x080033f4   0x00000004   Data   RW         2080    .data               user_gpio.o
    0x20000038   0x080033f8   0x0000002a   Data   RW         2155    .data               user_control.o
    0x20000062   0x08003422   0x00000002   PAD
    0x20000064        -       0x0000001a   Zero   RW         1890    .bss                user_tim.o
    0x2000007e        -       0x00000216   Zero   RW         2154    .bss                user_control.o
    0x20000294        -       0x00000010   Zero   RW         2442    .bss                user_usart2.o
    0x200002a4        -       0x000001a0   Zero   RW         2514    .bss                user_usart3.o
    0x20000444        -       0x00000060   Zero   RW         2657    .bss                c_w.l(libspace.o)
    0x200004a4   0x08003422   0x00000004   PAD
    0x200004a8        -       0x00000200   Zero   RW            2    HEAP                startup_stm32f10x_md.o
    0x200006a8        -       0x00000400   Zero   RW            1    STACK               startup_stm32f10x_md.o


==============================================================================

Image component sizes


      Code (inc. data)   RO Data    RW Data    ZI Data      Debug   Object Name

         0          0          0          0          0       4556   core_cm3.o
       172         28          0          4          0      17405   delay.o
       464         90          0          0          0       4410   main.o
       112         12          0          0          0        988   misc.o
        64         26        236          0       1536        800   startup_stm32f10x_md.o
       286         36          0          0          0       9744   stm32f10x_flash.o
       296          0          0          0          0       2492   stm32f10x_gpio.o
       276         32          0         20          0       4218   stm32f10x_rcc.o
       112          0          0          0          0      10382   stm32f10x_spi.o
       390         52          0          0          0      23585   stm32f10x_tim.o
       442          6          0          0          0       5741   stm32f10x_usart.o
       492         50          0         20          0     228917   system_stm32f10x.o
      1084         26          0          0          0       9176   tm_stm32f10x_mfrc522.o
      5412       1652          0         42        534      28892   user_control.o
        96         12          0          4          0       1716   user_flash.o
       158         14          0          4          0       2048   user_gpio.o
       232         38          0          2         26       2061   user_tim.o
       538         52          0          0         16       5422   user_usart2.o
       136         14          0          0        416       3392   user_usart3.o

    ----------------------------------------------------------------------
     10778       2140        268        100       2528     365945   Object Totals
         0          0         32          0          0          0   (incl. Generated)
        16          0          0          4          0          0   (incl. Padding)

    ----------------------------------------------------------------------

      Code (inc. data)   RO Data    RW Data    ZI Data      Debug   Library Member Name

         8          0          0          0          0         68   __main.o
       312          4         17          0          0         92   __printf_flags_wp.o
        14          0          0          0          0         68   __printf_wp.o
         0          0          0          0          0          0   __rtentry.o
        12          0          0          0          0          0   __rtentry2.o
         6          0          0          0          0          0   __rtentry4.o
        52          8          0          0          0          0   __scatter.o
        26          0          0          0          0          0   __scatter_copy.o
        28          0          0          0          0          0   __scatter_zi.o
        28          0          0          0          0         68   _chval.o
        44          0          0          0          0        108   _printf_char.o
        48          6          0          0          0         96   _printf_char_common.o
         6          0          0          0          0          0   _printf_d.o
       120         16          0          0          0         92   _printf_dec.o
        88          4         40          0          0         88   _printf_hex_int.o
       178          0          0          0          0         88   _printf_intcommon.o
        78          0          0          0          0        108   _printf_pad.o
         0          0          0          0          0          0   _printf_percent.o
         4          0          0          0          0          0   _printf_percent_end.o
         6          0          0          0          0          0   _printf_s.o
        82          0          0          0          0         80   _printf_str.o
         6          0          0          0          0          0   _printf_x.o
        10          0          0          0          0         68   _sputc.o
       158          0          0          0          0         92   _strtoul.o
        26          0          0          0          0         80   atoi.o
        18          0          0          0          0         80   exit.o
         6          0          0          0          0        152   heapauxi.o
         0          0          0          0          0          0   indicate_semi.o
        44         10        272          0          0         76   lc_ctype_c.o
         2          0          0          0          0          0   libinit.o
        20          0          0          0          0          0   libinit2.o
         2          0          0          0          0          0   libshutdown.o
         2          0          0          0          0          0   libshutdown2.o
         8          4          0          0         96         68   libspace.o
        40          6          0          0          0         84   noretval__2sprintf.o
        16          4          0          0          0         76   rt_ctype_table.o
         8          4          0          0          0         68   rt_errno_addr_intlibspace.o
         8          4          0          0          0         68   rt_locale_intlibspace.o
         2          0          0          0          0          0   rtexit.o
        10          0          0          0          0          0   rtexit2.o
       128          0          0          0          0         68   strcmpv7m.o
       112          0          0          0          0         88   strtol.o
        12          4          0          0          0         68   sys_exit.o
        74          0          0          0          0         80   sys_stackheap_outer.o
         2          0          0          0          0         68   use_no_semi.o

    ----------------------------------------------------------------------
      1870         74        332          0        100       2240   Library Totals
        16          0          3          0          4          0   (incl. Padding)

    ----------------------------------------------------------------------

      Code (inc. data)   RO Data    RW Data    ZI Data      Debug   Library Name

      1854         74        329          0         96       2240   c_w.l

    ----------------------------------------------------------------------
      1870         74        332          0        100       2240   Library Totals

    ----------------------------------------------------------------------

==============================================================================


      Code (inc. data)   RO Data    RW Data    ZI Data      Debug   

     12648       2214        600        100       2628     360901   Grand Totals
     12648       2214        600        100       2628     360901   ELF Image Totals
     12648       2214        600        100          0          0   ROM Totals

==============================================================================

    Total RO  Size (Code + RO Data)                13248 (  12.94kB)
    Total RW  Size (RW Data + ZI Data)              2728 (   2.66kB)
    Total ROM Size (Code + RO Data + RW Data)      13348 (  13.04kB)

==============================================================================

